Component: Arm Compiler for Embedded 6.22 Tool: armlink [5ee90200]

==============================================================================

Section Cross References

    startup_stm32c031xx.o(STACK) refers (Special) to heapauxi.o(.text) for __use_two_region_memory
    startup_stm32c031xx.o(HEAP) refers (Special) to heapauxi.o(.text) for __use_two_region_memory
    startup_stm32c031xx.o(RESET) refers (Special) to heapauxi.o(.text) for __use_two_region_memory
    startup_stm32c031xx.o(RESET) refers to startup_stm32c031xx.o(STACK) for __initial_sp
    startup_stm32c031xx.o(RESET) refers to startup_stm32c031xx.o(.text) for Reset_Handler
    startup_stm32c031xx.o(RESET) refers to stm32c0xx_it.o(.text.NMI_Handler) for NMI_Handler
    startup_stm32c031xx.o(RESET) refers to stm32c0xx_it.o(.text.HardFault_Handler) for HardFault_Handler
    startup_stm32c031xx.o(RESET) refers to stm32c0xx_it.o(.text.SVC_Handler) for SVC_Handler
    startup_stm32c031xx.o(RESET) refers to stm32c0xx_it.o(.text.PendSV_Handler) for PendSV_Handler
    startup_stm32c031xx.o(RESET) refers to stm32c0xx_it.o(.text.SysTick_Handler) for SysTick_Handler
    startup_stm32c031xx.o(RESET) refers to stm32c0xx_it.o(.text.DMA1_Channel1_IRQHandler) for DMA1_Channel1_IRQHandler
    startup_stm32c031xx.o(RESET) refers to stm32c0xx_it.o(.text.ADC1_IRQHandler) for ADC1_IRQHandler
    startup_stm32c031xx.o(RESET) refers to stm32c0xx_it.o(.text.TIM1_BRK_UP_TRG_COM_IRQHandler) for TIM1_BRK_UP_TRG_COM_IRQHandler
    startup_stm32c031xx.o(RESET) refers to stm32c0xx_it.o(.text.TIM1_CC_IRQHandler) for TIM1_CC_IRQHandler
    startup_stm32c031xx.o(RESET) refers to stm32c0xx_it.o(.text.TIM3_IRQHandler) for TIM3_IRQHandler
    startup_stm32c031xx.o(RESET) refers to stm32c0xx_it.o(.text.TIM14_IRQHandler) for TIM14_IRQHandler
    startup_stm32c031xx.o(RESET) refers to stm32c0xx_it.o(.text.TIM16_IRQHandler) for TIM16_IRQHandler
    startup_stm32c031xx.o(RESET) refers to stm32c0xx_it.o(.text.TIM17_IRQHandler) for TIM17_IRQHandler
    startup_stm32c031xx.o(.text) refers (Special) to heapauxi.o(.text) for __use_two_region_memory
    startup_stm32c031xx.o(.text) refers to system_stm32c0xx.o(.text.SystemInit) for SystemInit
    startup_stm32c031xx.o(.text) refers to __main.o(!!!main) for __main
    startup_stm32c031xx.o(.text) refers to startup_stm32c031xx.o(HEAP) for Heap_Mem
    startup_stm32c031xx.o(.text) refers to startup_stm32c031xx.o(STACK) for Stack_Mem
    led.o(.ARM.exidx.text.LED_Init) refers to led.o(.text.LED_Init) for [Anonymous Symbol]
    led.o(.text.LED_SetState) refers to stm32c0xx_hal_gpio.o(.text.HAL_GPIO_WritePin) for HAL_GPIO_WritePin
    led.o(.text.LED_SetState) refers to led.o(.text.LED_Toggle) for LED_Toggle
    led.o(.ARM.exidx.text.LED_SetState) refers to led.o(.text.LED_SetState) for [Anonymous Symbol]
    led.o(.text.LED_Toggle) refers to stm32c0xx_hal_gpio.o(.text.HAL_GPIO_TogglePin) for HAL_GPIO_TogglePin
    led.o(.ARM.exidx.text.LED_Toggle) refers to led.o(.text.LED_Toggle) for [Anonymous Symbol]
    led.o(.text.LED_ControlSequence) refers to led.o(.text.LED_SetState) for LED_SetState
    led.o(.text.LED_ControlSequence) refers to led.o(.bss.proc_sequence_phase) for [Anonymous Symbol]
    led.o(.text.LED_ControlSequence) refers to led.o(.bss.current_proc_led) for [Anonymous Symbol]
    led.o(.ARM.exidx.text.LED_ControlSequence) refers to led.o(.text.LED_ControlSequence) for [Anonymous Symbol]
    led.o(.text.toggle_LED_Alarm) refers to led.o(.text.LED_SetState) for LED_SetState
    led.o(.text.toggle_LED_Alarm) refers to led.o(.bss.toggle_LED_Alarm.toggle) for [Anonymous Symbol]
    led.o(.ARM.exidx.text.toggle_LED_Alarm) refers to led.o(.text.toggle_LED_Alarm) for [Anonymous Symbol]
    led.o(.text.update_H_LED_Breathe) refers to led.o(.data.update_H_LED_Breathe.breathe_direction) for [Anonymous Symbol]
    led.o(.text.update_H_LED_Breathe) refers to led.o(.bss.update_H_LED_Breathe.h_led_breathe_value) for [Anonymous Symbol]
    led.o(.text.update_H_LED_Breathe) refers to tim.o(.bss.htim14) for htim14
    led.o(.ARM.exidx.text.update_H_LED_Breathe) refers to led.o(.text.update_H_LED_Breathe) for [Anonymous Symbol]
    led.o(.text.update_L_LED_Breathe) refers to led.o(.data.update_L_LED_Breathe.breathe_direction) for [Anonymous Symbol]
    led.o(.text.update_L_LED_Breathe) refers to led.o(.bss.update_L_LED_Breathe.l_led_breathe_value) for [Anonymous Symbol]
    led.o(.text.update_L_LED_Breathe) refers to tim.o(.bss.htim17) for htim17
    led.o(.ARM.exidx.text.update_L_LED_Breathe) refers to led.o(.text.update_L_LED_Breathe) for [Anonymous Symbol]
    median_average_filtering.o(.text.MedianAverageFilter) refers to aeabi_sdiv.o(.text) for __aeabi_uidiv
    median_average_filtering.o(.ARM.exidx.text.MedianAverageFilter) refers to median_average_filtering.o(.text.MedianAverageFilter) for [Anonymous Symbol]
    adc_calc.o(.text.ADC_To_Voltage) refers to fflti.o(.text) for __aeabi_i2f
[...]
    [Anonymous Symbol]                       0x080008b4   Section        0  stm32c0xx_hal_dma.o(.text.DMA_CalcDMAMUXChannelBaseAndMask)
    __arm_cp.1_0                             0x080008f0   Number         4  stm32c0xx_hal_dma.o(.text.DMA_CalcDMAMUXChannelBaseAndMask)
    __arm_cp.1_1                             0x080008f4   Number         4  stm32c0xx_hal_dma.o(.text.DMA_CalcDMAMUXChannelBaseAndMask)
    DMA_CalcDMAMUXRequestGenBaseAndMask      0x080008f9   Thumb Code    48  stm32c0xx_hal_dma.o(.text.DMA_CalcDMAMUXRequestGenBaseAndMask)
    [Anonymous Symbol]                       0x080008f8   Section        0  stm32c0xx_hal_dma.o(.text.DMA_CalcDMAMUXRequestGenBaseAndMask)
    __arm_cp.2_0                             0x08000928   Number         4  stm32c0xx_hal_dma.o(.text.DMA_CalcDMAMUXRequestGenBaseAndMask)
    __arm_cp.2_1                             0x0800092c   Number         4  stm32c0xx_hal_dma.o(.text.DMA_CalcDMAMUXRequestGenBaseAndMask)
    DMA_SetConfig                            0x08000931   Thumb Code   116  stm32c0xx_hal_dma.o(.text.DMA_SetConfig)
    [Anonymous Symbol]                       0x08000930   Section        0  stm32c0xx_hal_dma.o(.text.DMA_SetConfig)
    __arm_cp.5_0                             0x080009a4   Number         4  stm32c0xx_hal_dma.o(.text.DMA_SetConfig)
    [Anonymous Symbol]                       0x080009a8   Section        0  main.o(.text.Error_Handler)
    [Anonymous Symbol]                       0x080009ae   Section        0  stm32c0xx_hal_adc_ex.o(.text.HAL_ADCEx_ChannelConfigReadyCallback)
    [Anonymous Symbol]                       0x080009b6   Section        0  stm32c0xx_hal_adc_ex.o(.text.HAL_ADCEx_EndOfSamplingCallback)
    [Anonymous Symbol]                       0x080009be   Section        0  stm32c0xx_hal_adc_ex.o(.text.HAL_ADCEx_LevelOutOfWindow2Callback)
    [Anonymous Symbol]                       0x080009c6   Section        0  stm32c0xx_hal_adc_ex.o(.text.HAL_ADCEx_LevelOutOfWindow3Callback)
    [Anonymous Symbol]                       0x080009ce   Section        0  stm32c0xx_hal_adc.o(.text.HAL_ADC_ADCReadyCallback)
    [Anonymous Symbol]                       0x080009d6   Section        0  stm32c0xx_hal_adc.o(.text.HAL_ADC_CalibrationCpltCallback)
    [Anonymous Symbol]                       0x080009e0   Section        0  stm32c0xx_hal_adc.o(.text.HAL_ADC_ConfigChannel)
    __arm_cp.37_0                            0x08000e58   Number         4  stm32c0xx_hal_adc.o(.text.HAL_ADC_ConfigChannel)
    __arm_cp.37_1                            0x08000e5c   Number         4  stm32c0xx_hal_adc.o(.text.HAL_ADC_ConfigChannel)
    __arm_cp.37_2                            0x08000e60   Number         4  stm32c0xx_hal_adc.o(.text.HAL_ADC_ConfigChannel)
    __arm_cp.37_3                            0x08000e64   Number         4  stm32c0xx_hal_adc.o(.text.HAL_ADC_ConfigChannel)
    __arm_cp.37_4                            0x08000e68   Number         4  stm32c0xx_hal_adc.o(.text.HAL_ADC_ConfigChannel)
    __arm_cp.37_5                            0x08000e6c   Number         4  stm32c0xx_hal_adc.o(.text.HAL_ADC_ConfigChannel)
    [Anonymous Symbol]                       0x08000e70   Section        0  stm32c0xx_hal_adc.o(.text.HAL_ADC_ConvCpltCallback)
    [Anonymous Symbol]                       0x08000e78   Section        0  stm32c0xx_hal_adc.o(.text.HAL_ADC_ConvHalfCpltCallback)
    [Anonymous Symbol]                       0x08000e80   Section        0  stm32c0xx_hal_adc.o(.text.HAL_ADC_ErrorCallback)
    [Anonymous Symbol]                       0x08000e88   Section        0  stm32c0xx_hal_adc.o(.text.HAL_ADC_IRQHandler)
    [Anonymous Symbol]                       0x08001158   Section        0  stm32c0xx_hal_adc.o(.text.HAL_ADC_Init)
    __arm_cp.0_0                             0x0800148c   Number         4  stm32c0xx_hal_adc.o(.text.HAL_ADC_Init)
    __arm_cp.0_1                             0x08001490   Number         4  stm32c0xx_hal_adc.o(.text.HAL_ADC_Init)
    __arm_cp.0_2                             0x08001494   Number         4  stm32c0xx_hal_adc.o(.text.HAL_ADC_Init)
    __arm_cp.0_3                             0x08001498   Number         4  stm32c0xx_hal_adc.o(.text.HAL_ADC_Init)
    __arm_cp.0_4                             0x0800149c   Number         4  stm32c0xx_hal_adc.o(.text.HAL_ADC_Init)
    __arm_cp.0_5                             0x080014a0   Number         4  stm32c0xx_hal_adc.o(.text.HAL_ADC_Init)
    [Anonymous Symbol]                       0x080014a4   Section        0  stm32c0xx_hal_adc.o(.text.HAL_ADC_LevelOutOfWindowCallback)
    [Anonymous Symbol]                       0x080014ac   Section        0  adc.o(.text.HAL_ADC_MspInit)
    __arm_cp.1_0                             0x080015c8   Number         4  adc.o(.text.HAL_ADC_MspInit)
    __arm_cp.1_1                             0x080015cc   Number         4  adc.o(.text.HAL_ADC_MspInit)
    __arm_cp.1_2                             0x080015d0   Number         4  adc.o(.text.HAL_ADC_MspInit)
    __arm_cp.1_3                             0x080015d4   Number         4  adc.o(.text.HAL_ADC_MspInit)
    __arm_cp.1_4                             0x080015d8   Number         4  adc.o(.text.HAL_ADC_MspInit)
    __arm_cp.1_5                             0x080015dc   Number         4  adc.o(.text.HAL_ADC_MspInit)
    [Anonymous Symbol]                       0x080015e0   Section        0  stm32c0xx_hal_adc.o(.text.HAL_ADC_Start_DMA)
    __arm_cp.22_0                            0x080016ec   Number         4  stm32c0xx_hal_adc.o(.text.HAL_ADC_Start_DMA)
    __arm_cp.22_1                            0x080016f0   Number         4  stm32c0xx_hal_adc.o(.text.HAL_ADC_Start_DMA)
    __arm_cp.22_2                            0x080016f4   Number         4  stm32c0xx_hal_adc.o(.text.HAL_ADC_Start_DMA)
    __arm_cp.22_3                            0x080016f8   Number         4  stm32c0xx_hal_adc.o(.text.HAL_ADC_Start_DMA)
    [Anonymous Symbol]                       0x080016fc   Section        0  stm32c0xx_hal_dma.o(.text.HAL_DMA_IRQHandler)
    __arm_cp.10_0                            0x08001864   Number         4  stm32c0xx_hal_dma.o(.text.HAL_DMA_IRQHandler)
    __arm_cp.10_1                            0x08001868   Number         4  stm32c0xx_hal_dma.o(.text.HAL_DMA_IRQHandler)
    [Anonymous Symbol]                       0x0800186c   Section        0  stm32c0xx_hal_dma.o(.text.HAL_DMA_Init)
    __arm_cp.0_0                             0x08001964   Number         4  stm32c0xx_hal_dma.o(.text.HAL_DMA_Init)
    __arm_cp.0_1                             0x08001968   Number         4  stm32c0xx_hal_dma.o(.text.HAL_DMA_Init)
    [Anonymous Symbol]                       0x0800196c   Section        0  stm32c0xx_hal_dma.o(.text.HAL_DMA_Start_IT)
    [Anonymous Symbol]                       0x08001a7c   Section        0  stm32c0xx_hal_gpio.o(.text.HAL_GPIO_Init)
    __arm_cp.0_0                             0x08001d54   Number         4  stm32c0xx_hal_gpio.o(.text.HAL_GPIO_Init)
    __arm_cp.0_1                             0x08001d58   Number         4  stm32c0xx_hal_gpio.o(.text.HAL_GPIO_Init)
    __arm_cp.0_2                             0x08001d5c   Number         4  stm32c0xx_hal_gpio.o(.text.HAL_GPIO_Init)
    __arm_cp.0_3                             0x08001d60   Number         4  stm32c0xx_hal_gpio.o(.text.HAL_GPIO_Init)
    __arm_cp.0_4                             0x08001d64   Number         4  stm32c0xx_hal_gpio.o(.text.HAL_GPIO_Init)
    __arm_cp.0_5                             0x08001d68   Number         4  stm32c0xx_hal_gpio.o(.text.HAL_GPIO_Init)
    __arm_cp.0_6                             0x08001d6c   Number         4  stm32c0xx_hal_gpio.o(.text.HAL_GPIO_Init)
    __arm_cp.0_7                             0x08001d70   Number         4  stm32c0xx_hal_gpio.o(.text.HAL_GPIO_Init)
    __arm_cp.0_8                             0x08001d74   Number         4  stm32c0xx_hal_gpio.o(.text.HAL_GPIO_Init)
    [Anonymous Symbol]                       0x08001d78   Section        0  stm32c0xx_hal_gpio.o(.text.HAL_GPIO_WritePin)
    [Anonymous Symbol]                       0x08001da4   Section        0  stm32c0xx_hal.o(.text.HAL_GetTick)
    [Anonymous Symbol]                       0x08001dac   Section        0  stm32c0xx_hal.o(.text.HAL_IncTick)
    __arm_cp.5_1                             0x08001dbc   Number         4  stm32c0xx_hal.o(.text.HAL_IncTick)
    [Anonymous Symbol]                       0x08001dc0   Section        0  stm32c0xx_hal.o(.text.HAL_Init)
    [Anonymous Symbol]                       0x08001dec   Section        0  stm32c0xx_hal.o(.text.HAL_InitTick)
    __arm_cp.1_0                             0x08001e64   Number         4  stm32c0xx_hal.o(.text.HAL_InitTick)
    __arm_cp.1_1                             0x08001e68   Number         4  stm32c0xx_hal.o(.text.HAL_InitTick)
    __arm_cp.1_2                             0x08001e6c   Number         4  stm32c0xx_hal.o(.text.HAL_InitTick)
    [Anonymous Symbol]                       0x08001e70   Section        0  stm32c0xx_hal_msp.o(.text.HAL_MspInit)
    __arm_cp.0_0                             0x08001ea4   Number         4  stm32c0xx_hal_msp.o(.text.HAL_MspInit)
    [Anonymous Symbol]                       0x08001ea8   Section        0  stm32c0xx_hal_cortex.o(.text.HAL_NVIC_EnableIRQ)
    [Anonymous Symbol]                       0x08001ebe   Section        0  stm32c0xx_hal_cortex.o(.text.HAL_NVIC_SetPriority)
    [Anonymous Symbol]                       0x08001edc   Section        0  stm32c0xx_hal_rcc_ex.o(.text.HAL_RCCEx_PeriphCLKConfig)
    __arm_cp.0_0                             0x0800208c   Number         4  stm32c0xx_hal_rcc_ex.o(.text.HAL_RCCEx_PeriphCLKConfig)
    __arm_cp.0_3                             0x08002090   Number         4  stm32c0xx_hal_rcc_ex.o(.text.HAL_RCCEx_PeriphCLKConfig)
    [Anonymous Symbol]                       0x08002094   Section        0  stm32c0xx_hal_rcc.o(.text.HAL_RCC_ClockConfig)
    __arm_cp.2_0                             0x080022c4   Number         4  stm32c0xx_hal_rcc.o(.text.HAL_RCC_ClockConfig)
    __arm_cp.2_3                             0x080022c8   Number         4  stm32c0xx_hal_rcc.o(.text.HAL_RCC_ClockConfig)
    __arm_cp.2_4                             0x080022cc   Number         4  stm32c0xx_hal_rcc.o(.text.HAL_RCC_ClockConfig)
    __arm_cp.2_5                             0x080022d0   Number         4  stm32c0xx_hal_rcc.o(.text.HAL_RCC_ClockConfig)
    __arm_cp.2_6                             0x080022d4   Number         4  stm32c0xx_hal_rcc.o(.text.HAL_RCC_ClockConfig)
    __arm_cp.2_7                             0x080022d8   Number         4  stm32c0xx_hal_rcc.o(.text.HAL_RCC_ClockConfig)
    __arm_cp.2_8                             0x080022dc   Number         4  stm32c0xx_hal_rcc.o(.text.HAL_RCC_ClockConfig)
    [Anonymous Symbol]                       0x080022e0   Section        0  stm32c0xx_hal_rcc.o(.text.HAL_RCC_GetSysClockFreq)
    __arm_cp.3_0                             0x0800237c   Number         4  stm32c0xx_hal_rcc.o(.text.HAL_RCC_GetSysClockFreq)
    __arm_cp.3_1                             0x08002380   Number         4  stm32c0xx_hal_rcc.o(.text.HAL_RCC_GetSysClockFreq)
    __arm_cp.3_2                             0x08002384   Number         4  stm32c0xx_hal_rcc.o(.text.HAL_RCC_GetSysClockFreq)
    __arm_cp.3_3                             0x08002388   Number         4  stm32c0xx_hal_rcc.o(.text.HAL_RCC_GetSysClockFreq)
    [Anonymous Symbol]                       0x0800238c   Section        0  stm32c0xx_hal_rcc.o(.text.HAL_RCC_OscConfig)
    __arm_cp.1_0                             0x0800278c   Number         4  stm32c0xx_hal_rcc.o(.text.HAL_RCC_OscConfig)
    __arm_cp.1_1                             0x08002790   Number         4  stm32c0xx_hal_rcc.o(.text.HAL_RCC_OscConfig)
    __arm_cp.1_2                             0x08002794   Number         4  stm32c0xx_hal_rcc.o(.text.HAL_RCC_OscConfig)
    __arm_cp.1_3                             0x08002798   Number         4  stm32c0xx_hal_rcc.o(.text.HAL_RCC_OscConfig)
    __arm_cp.1_4                             0x0800279c   Number         4  stm32c0xx_hal_rcc.o(.text.HAL_RCC_OscConfig)
    __arm_cp.1_5                             0x080027a0   Number         4  stm32c0xx_hal_rcc.o(.text.HAL_RCC_OscConfig)
    __arm_cp.1_6                             0x080027a4   Number         4  stm32c0xx_hal_rcc.o(.text.HAL_RCC_OscConfig)
    __arm_cp.1_7                             0x080027a8   Number         4  stm32c0xx_hal_rcc.o(.text.HAL_RCC_OscConfig)
    __arm_cp.1_8                             0x080027ac   Number         4  stm32c0xx_hal_rcc.o(.text.HAL_RCC_OscConfig)
    __arm_cp.1_9                             0x080027b0   Number         4  stm32c0xx_hal_rcc.o(.text.HAL_RCC_OscConfig)
    [Anonymous Symbol]                       0x080027b4   Section        0  stm32c0xx_hal_cortex.o(.text.HAL_SYSTICK_Config)
    [Anonymous Symbol]                       0x080027c4   Section        0  stm32c0xx_hal_tim_ex.o(.text.HAL_TIMEx_Break2Callback)
    [Anonymous Symbol]                       0x080027cc   Section        0  stm32c0xx_hal_tim_ex.o(.text.HAL_TIMEx_BreakCallback)
    [Anonymous Symbol]                       0x080027d4   Section        0  stm32c0xx_hal_tim_ex.o(.text.HAL_TIMEx_CommutCallback)
    [Anonymous Symbol]                       0x080027dc   Section        0  stm32c0xx_hal_tim_ex.o(.text.HAL_TIMEx_ConfigBreakDeadTime)
    [Anonymous Symbol]                       0x08002900   Section        0  stm32c0xx_hal_tim_ex.o(.text.HAL_TIMEx_MasterConfigSynchronization)
    [Anonymous Symbol]                       0x080029d4   Section        0  stm32c0xx_hal_tim.o(.text.HAL_TIM_Base_Init)
    [Anonymous Symbol]                       0x08002a80   Section        0  tim.o(.text.HAL_TIM_Base_MspInit)
    __arm_cp.7_0                             0x08002b38   Number         4  tim.o(.text.HAL_TIM_Base_MspInit)
    __arm_cp.7_1                             0x08002b3c   Number         4  tim.o(.text.HAL_TIM_Base_MspInit)
    __arm_cp.7_2                             0x08002b40   Number         4  tim.o(.text.HAL_TIM_Base_MspInit)
    __arm_cp.7_3                             0x08002b44   Number         4  tim.o(.text.HAL_TIM_Base_MspInit)
    [Anonymous Symbol]                       0x08002b48   Section        0  stm32c0xx_hal_tim.o(.text.HAL_TIM_Base_Start_IT)
    __arm_cp.7_0                             0x08002bdc   Number         4  stm32c0xx_hal_tim.o(.text.HAL_TIM_Base_Start_IT)
    __arm_cp.7_1                             0x08002be0   Number         4  stm32c0xx_hal_tim.o(.text.HAL_TIM_Base_Start_IT)
    __arm_cp.7_2                             0x08002be4   Number         4  stm32c0xx_hal_tim.o(.text.HAL_TIM_Base_Start_IT)
    [Anonymous Symbol]                       0x08002be8   Section        0  stm32c0xx_hal_tim.o(.text.HAL_TIM_IC_CaptureCallback)
    [Anonymous Symbol]                       0x08002bf0   Section        0  stm32c0xx_hal_tim.o(.text.HAL_TIM_IC_ConfigChannel)
    [Anonymous Symbol]                       0x08002d24   Section        0  stm32c0xx_hal_tim.o(.text.HAL_TIM_IC_Init)
    [Anonymous Symbol]                       0x08002dce   Section        0  stm32c0xx_hal_tim.o(.text.HAL_TIM_IC_MspInit)
    [Anonymous Symbol]                       0x08002dd8   Section        0  stm32c0xx_hal_tim.o(.text.HAL_TIM_IRQHandler)
    __arm_cp.67_0                            0x08003034   Number         4  stm32c0xx_hal_tim.o(.text.HAL_TIM_IRQHandler)
    __arm_cp.67_1                            0x08003038   Number         4  stm32c0xx_hal_tim.o(.text.HAL_TIM_IRQHandler)
    [Anonymous Symbol]                       0x0800303c   Section        0  tim.o(.text.HAL_TIM_MspPostInit)
    __arm_cp.1_0                             0x080030d4   Number         4  tim.o(.text.HAL_TIM_MspPostInit)
    __arm_cp.1_2                             0x080030d8   Number         4  tim.o(.text.HAL_TIM_MspPostInit)
    __arm_cp.1_3                             0x080030dc   Number         4  tim.o(.text.HAL_TIM_MspPostInit)
    [Anonymous Symbol]                       0x080030e0   Section        0  stm32c0xx_hal_tim.o(.text.HAL_TIM_OC_DelayElapsedCallback)
    [Anonymous Symbol]                       0x080030e8   Section        0  stm32c0xx_hal_tim.o(.text.HAL_TIM_PWM_ConfigChannel)
    [Anonymous Symbol]                       0x080032e0   Section        0  stm32c0xx_hal_tim.o(.text.HAL_TIM_PWM_Init)
    [Anonymous Symbol]                       0x0800338c   Section        0  tim.o(.text.HAL_TIM_PWM_MspInit)
    __arm_cp.6_1                             0x0800345c   Number         4  tim.o(.text.HAL_TIM_PWM_MspInit)
    __arm_cp.6_2                             0x08003460   Number         4  tim.o(.text.HAL_TIM_PWM_MspInit)
    __arm_cp.6_3                             0x08003464   Number         4  tim.o(.text.HAL_TIM_PWM_MspInit)
    __arm_cp.6_4                             0x08003468   Number         4  tim.o(.text.HAL_TIM_PWM_MspInit)
    __arm_cp.6_5                             0x0800346c   Number         4  tim.o(.text.HAL_TIM_PWM_MspInit)
    [Anonymous Symbol]                       0x08003470   Section        0  stm32c0xx_hal_tim.o(.text.HAL_TIM_PWM_PulseFinishedCallback)
    [Anonymous Symbol]                       0x08003478   Section        0  stm32c0xx_hal_tim.o(.text.HAL_TIM_PWM_Start)
    __arm_cp.31_0                            0x08003650   Number         4  stm32c0xx_hal_tim.o(.text.HAL_TIM_PWM_Start)
    __arm_cp.31_1                            0x08003654   Number         4  stm32c0xx_hal_tim.o(.text.HAL_TIM_PWM_Start)
    __arm_cp.31_2                            0x08003658   Number         4  stm32c0xx_hal_tim.o(.text.HAL_TIM_PWM_Start)
    __arm_cp.31_3                            0x0800365c   Number         4  stm32c0xx_hal_tim.o(.text.HAL_TIM_PWM_Start)
    __arm_cp.31_4                            0x08003660   Number         4  stm32c0xx_hal_tim.o(.text.HAL_TIM_PWM_Start)
    [Anonymous Symbol]                       0x08003664   Section        0  stm32c0xx_hal_tim.o(.text.HAL_TIM_PeriodElapsedCallback)
    [Anonymous Symbol]                       0x0800366c   Section        0  stm32c0xx_hal_tim.o(.text.HAL_TIM_TriggerCallback)
    [Anonymous Symbol]                       0x08003674   Section        0  stm32c0xx_it.o(.text.HardFault_Handler)
    LL_ADC_Disable                           0x08003679   Thumb Code    24  stm32c0xx_hal_adc.o(.text.LL_ADC_Disable)
    [Anonymous Symbol]                       0x08003678   Section        0  stm32c0xx_hal_adc.o(.text.LL_ADC_Disable)
    LL_ADC_Enable                            0x08003691   Thumb Code    24  stm32c0xx_hal_adc.o(.text.LL_ADC_Enable)
    [Anonymous Symbol]                       0x08003690   Section        0  stm32c0xx_hal_adc.o(.text.LL_ADC_Enable)
    LL_ADC_EnableInternalRegulator           0x080036a9   Thumb Code    28  stm32c0xx_hal_adc.o(.text.LL_ADC_EnableInternalRegulator)
    [Anonymous Symbol]                       0x080036a8   Section        0  stm32c0xx_hal_adc.o(.text.LL_ADC_EnableInternalRegulator)
    LL_ADC_GetCommonPathInternalCh           0x080036c5   Thumb Code    18  stm32c0xx_hal_adc.o(.text.LL_ADC_GetCommonPathInternalCh)
    [Anonymous Symbol]                       0x080036c4   Section        0  stm32c0xx_hal_adc.o(.text.LL_ADC_GetCommonPathInternalCh)
    LL_ADC_GetSamplingTimeCommonChannels     0x080036d7   Thumb Code    28  stm32c0xx_hal_adc.o(.text.LL_ADC_GetSamplingTimeCommonChannels)
    [Anonymous Symbol]                       0x080036d6   Section        0  stm32c0xx_hal_adc.o(.text.LL_ADC_GetSamplingTimeCommonChannels)
    LL_ADC_IsEnabled                         0x080036f3   Thumb Code    16  stm32c0xx_hal_adc.o(.text.LL_ADC_IsEnabled)
    [Anonymous Symbol]                       0x080036f2   Section        0  stm32c0xx_hal_adc.o(.text.LL_ADC_IsEnabled)
    LL_ADC_IsInternalRegulatorEnabled        0x08003703   Thumb Code    20  stm32c0xx_hal_adc.o(.text.LL_ADC_IsInternalRegulatorEnabled)
    [Anonymous Symbol]                       0x08003702   Section        0  stm32c0xx_hal_adc.o(.text.LL_ADC_IsInternalRegulatorEnabled)
    LL_ADC_REG_GetDMATransfer                0x08003717   Thumb Code    16  stm32c0xx_hal_adc.o(.text.LL_ADC_REG_GetDMATransfer)
    [Anonymous Symbol]                       0x08003716   Section        0  stm32c0xx_hal_adc.o(.text.LL_ADC_REG_GetDMATransfer)
    LL_ADC_REG_IsConversionOngoing           0x08003727   Thumb Code    18  stm32c0xx_hal_adc.o(.text.LL_ADC_REG_IsConversionOngoing)
    [Anonymous Symbol]                       0x08003726   Section        0  stm32c0xx_hal_adc.o(.text.LL_ADC_REG_IsConversionOngoing)
    LL_ADC_REG_IsTriggerSourceSWStart        0x08003739   Thumb Code    22  stm32c0xx_hal_adc.o(.text.LL_ADC_REG_IsTriggerSourceSWStart)
    [Anonymous Symbol]                       0x08003738   Section        0  stm32c0xx_hal_adc.o(.text.LL_ADC_REG_IsTriggerSourceSWStart)
    LL_ADC_REG_SetSequencerChAdd             0x08003751   Thumb Code    24  stm32c0xx_hal_adc.o(.text.LL_ADC_REG_SetSequencerChAdd)
    [Anonymous Symbol]                       0x08003750   Section        0  stm32c0xx_hal_adc.o(.text.LL_ADC_REG_SetSequencerChAdd)
    __arm_cp.38_0                            0x08003768   Number         4  stm32c0xx_hal_adc.o(.text.LL_ADC_REG_SetSequencerChAdd)
    LL_ADC_REG_SetSequencerChRem             0x0800376d   Thumb Code    28  stm32c0xx_hal_adc.o(.text.LL_ADC_REG_SetSequencerChRem)
    [Anonymous Symbol]                       0x0800376c   Section        0  stm32c0xx_hal_adc.o(.text.LL_ADC_REG_SetSequencerChRem)
    __arm_cp.43_0                            0x08003788   Number         4  stm32c0xx_hal_adc.o(.text.LL_ADC_REG_SetSequencerChRem)
    LL_ADC_REG_SetSequencerRanks             0x0800378d   Thumb Code    46  stm32c0xx_hal_adc.o(.text.LL_ADC_REG_SetSequencerRanks)
    [Anonymous Symbol]                       0x0800378c   Section        0  stm32c0xx_hal_adc.o(.text.LL_ADC_REG_SetSequencerRanks)
    LL_ADC_REG_StartConversion               0x080037bd   Thumb Code    24  stm32c0xx_hal_adc.o(.text.LL_ADC_REG_StartConversion)
    [Anonymous Symbol]                       0x080037bc   Section        0  stm32c0xx_hal_adc.o(.text.LL_ADC_REG_StartConversion)
    __arm_cp.15_0                            0x080037d4   Number         4  stm32c0xx_hal_adc.o(.text.LL_ADC_REG_StartConversion)
    LL_ADC_SetChannelSamplingTime            0x080037d9   Thumb Code    36  stm32c0xx_hal_adc.o(.text.LL_ADC_SetChannelSamplingTime)
    [Anonymous Symbol]                       0x080037d8   Section        0  stm32c0xx_hal_adc.o(.text.LL_ADC_SetChannelSamplingTime)
    __arm_cp.40_0                            0x080037fc   Number         4  stm32c0xx_hal_adc.o(.text.LL_ADC_SetChannelSamplingTime)
    LL_ADC_SetCommonPathInternalCh           0x08003801   Thumb Code    28  stm32c0xx_hal_adc.o(.text.LL_ADC_SetCommonPathInternalCh)
    [Anonymous Symbol]                       0x08003800   Section        0  stm32c0xx_hal_adc.o(.text.LL_ADC_SetCommonPathInternalCh)
    LL_ADC_SetSamplingTimeCommonChannels     0x0800381d   Thumb Code    38  stm32c0xx_hal_adc.o(.text.LL_ADC_SetSamplingTimeCommonChannels)
    [Anonymous Symbol]                       0x0800381c   Section        0  stm32c0xx_hal_adc.o(.text.LL_ADC_SetSamplingTimeCommonChannels)
    [Anonymous Symbol]                       0x08003844   Section        0  adc.o(.text.MX_ADC1_Init)
    __arm_cp.0_0                             0x0800394c   Number         4  adc.o(.text.MX_ADC1_Init)
    __arm_cp.0_1                             0x08003950   Number         4  adc.o(.text.MX_ADC1_Init)
    __arm_cp.0_2                             0x08003954   Number         4  adc.o(.text.MX_ADC1_Init)
    __arm_cp.0_3                             0x08003958   Number         4  adc.o(.text.MX_ADC1_Init)
    __arm_cp.0_4                             0x0800395c   Number         4  adc.o(.text.MX_ADC1_Init)
    __arm_cp.0_5                             0x08003960   Number         4  adc.o(.text.MX_ADC1_Init)
    __arm_cp.0_6                             0x08003964   Number         4  adc.o(.text.MX_ADC1_Init)
    __arm_cp.0_7                             0x08003968   Number         4  adc.o(.text.MX_ADC1_Init)
    __arm_cp.0_8                             0x0800396c   Number         4  adc.o(.text.MX_ADC1_Init)
    [Anonymous Symbol]                       0x08003970   Section        0  dma.o(.text.MX_DMA_Init)
    __arm_cp.0_0                             0x080039a0   Number         4  dma.o(.text.MX_DMA_Init)
    [Anonymous Symbol]                       0x080039a4   Section        0  gpio.o(.text.MX_GPIO_Init)
    __arm_cp.0_0                             0x08003a6c   Number         4  gpio.o(.text.MX_GPIO_Init)
    __arm_cp.0_1                             0x08003a70   Number         4  gpio.o(.text.MX_GPIO_Init)
    __arm_cp.0_2                             0x08003a74   Number         4  gpio.o(.text.MX_GPIO_Init)
    __arm_cp.0_3                             0x08003a78   Number         4  gpio.o(.text.MX_GPIO_Init)
    [Anonymous Symbol]                       0x08003a7c   Section        0  tim.o(.text.MX_TIM14_Init)
    __arm_cp.3_1                             0x08003aa8   Number         4  tim.o(.text.MX_TIM14_Init)
    [Anonymous Symbol]                       0x08003aac   Section        0  tim.o(.text.MX_TIM16_Init)
    __arm_cp.4_1                             0x08003ae0   Number         4  tim.o(.text.MX_TIM16_Init)
    [Anonymous Symbol]                       0x08003ae4   Section        0  tim.o(.text.MX_TIM17_Init)
    __arm_cp.5_1                             0x08003b18   Number         4  tim.o(.text.MX_TIM17_Init)
    __arm_cp.5_2                             0x08003b1c   Number         4  tim.o(.text.MX_TIM17_Init)
    [Anonymous Symbol]                       0x08003b20   Section        0  tim.o(.text.MX_TIM1_Init)
    [Anonymous Symbol]                       0x08003bf8   Section        0  tim.o(.text.MX_TIM3_Init)
    [Anonymous Symbol]                       0x08003cb8   Section        0  stm32c0xx_it.o(.text.NMI_Handler)
    [Anonymous Symbol]                       0x08003cbc   Section        0  stm32c0xx_it.o(.text.PendSV_Handler)
    [Anonymous Symbol]                       0x08003cbe   Section        0  stm32c0xx_it.o(.text.SVC_Handler)
    SysTick_Config                           0x08003cc1   Thumb Code    68  stm32c0xx_hal_cortex.o(.text.SysTick_Config)
    [Anonymous Symbol]                       0x08003cc0   Section        0  stm32c0xx_hal_cortex.o(.text.SysTick_Config)
    __arm_cp.9_0                             0x08003d04   Number         4  stm32c0xx_hal_cortex.o(.text.SysTick_Config)
    __arm_cp.9_1                             0x08003d08   Number         4  stm32c0xx_hal_cortex.o(.text.SysTick_Config)
    __arm_cp.9_2                             0x08003d0c   Number         4  stm32c0xx_hal_cortex.o(.text.SysTick_Config)
    [Anonymous Symbol]                       0x08003d10   Section        0  stm32c0xx_it.o(.text.SysTick_Handler)
    [Anonymous Symbol]                       0x08003d18   Section        0  main.o(.text.SystemClock_Config)
    [Anonymous Symbol]                       0x08003d80   Section        0  system_stm32c0xx.o(.text.SystemInit)
    __arm_cp.0_0                             0x08003d8c   Number         4  system_stm32c0xx.o(.text.SystemInit)
    [Anonymous Symbol]                       0x08003d90   Section        0  stm32c0xx_it.o(.text.TIM14_IRQHandler)
    __arm_cp.10_0                            0x08003d9c   Number         4  stm32c0xx_it.o(.text.TIM14_IRQHandler)
    [Anonymous Symbol]                       0x08003da0   Section        0  stm32c0xx_it.o(.text.TIM16_IRQHandler)
    __arm_cp.11_0                            0x08003dac   Number         4  stm32c0xx_it.o(.text.TIM16_IRQHandler)
    [Anonymous Symbol]                       0x08003db0   Section        0  stm32c0xx_it.o(.text.TIM17_IRQHandler)
    __arm_cp.12_0                            0x08003dbc   Number         4  stm32c0xx_it.o(.text.TIM17_IRQHandler)
    [Anonymous Symbol]                       0x08003dc0   Section        0  stm32c0xx_it.o(.text.TIM1_BRK_UP_TRG_COM_IRQHandler)
    [Anonymous Symbol]                       0x08003dcc   Section        0  stm32c0xx_it.o(.text.TIM1_CC_IRQHandler)
    __arm_cp.8_0                             0x08003dd8   Number         4  stm32c0xx_it.o(.text.TIM1_CC_IRQHandler)
    [Anonymous Symbol]                       0x08003ddc   Section        0  stm32c0xx_it.o(.text.TIM3_IRQHandler)
    __arm_cp.9_0                             0x08003de8   Number         4  stm32c0xx_it.o(.text.TIM3_IRQHandler)
    [Anonymous Symbol]                       0x08003dec   Section        0  stm32c0xx_hal_tim.o(.text.TIM_Base_SetConfig)
    __arm_cp.2_0                             0x08003ed8   Number         4  stm32c0xx_hal_tim.o(.text.TIM_Base_SetConfig)
    __arm_cp.2_1                             0x08003edc   Number         4  stm32c0xx_hal_tim.o(.text.TIM_Base_SetConfig)
    __arm_cp.2_2                             0x08003ee0   Number         4  stm32c0xx_hal_tim.o(.text.TIM_Base_SetConfig)
    [Anonymous Symbol]                       0x08003ee4   Section        0  stm32c0xx_hal_tim.o(.text.TIM_CCxChannelCmd)
    TIM_OC1_SetConfig                        0x08003f19   Thumb Code   236  stm32c0xx_hal_tim.o(.text.TIM_OC1_SetConfig)
    [Anonymous Symbol]                       0x08003f18   Section        0  stm32c0xx_hal_tim.o(.text.TIM_OC1_SetConfig)
    [Anonymous Symbol]                       0x08004004   Section        0  stm32c0xx_hal_tim.o(.text.TIM_OC2_SetConfig)
    __arm_cp.75_1                            0x0800410c   Number         4  stm32c0xx_hal_tim.o(.text.TIM_OC2_SetConfig)
    __arm_cp.75_2                            0x08004110   Number         4  stm32c0xx_hal_tim.o(.text.TIM_OC2_SetConfig)
    TIM_OC3_SetConfig                        0x08004115   Thumb Code   264  stm32c0xx_hal_tim.o(.text.TIM_OC3_SetConfig)
    [Anonymous Symbol]                       0x08004114   Section        0  stm32c0xx_hal_tim.o(.text.TIM_OC3_SetConfig)
    __arm_cp.76_0                            0x0800421c   Number         4  stm32c0xx_hal_tim.o(.text.TIM_OC3_SetConfig)
    __arm_cp.76_1                            0x08004220   Number         4  stm32c0xx_hal_tim.o(.text.TIM_OC3_SetConfig)
    __arm_cp.76_2                            0x08004224   Number         4  stm32c0xx_hal_tim.o(.text.TIM_OC3_SetConfig)
    __arm_cp.76_3                            0x08004228   Number         4  stm32c0xx_hal_tim.o(.text.TIM_OC3_SetConfig)
    TIM_OC4_SetConfig                        0x0800422d   Thumb Code   172  stm32c0xx_hal_tim.o(.text.TIM_OC4_SetConfig)
    [Anonymous Symbol]                       0x0800422c   Section        0  stm32c0xx_hal_tim.o(.text.TIM_OC4_SetConfig)
    __arm_cp.77_0                            0x080042d8   Number         4  stm32c0xx_hal_tim.o(.text.TIM_OC4_SetConfig)
    __arm_cp.77_1                            0x080042dc   Number         4  stm32c0xx_hal_tim.o(.text.TIM_OC4_SetConfig)
    __arm_cp.77_2                            0x080042e0   Number         4  stm32c0xx_hal_tim.o(.text.TIM_OC4_SetConfig)
    __arm_cp.77_3                            0x080042e4   Number         4  stm32c0xx_hal_tim.o(.text.TIM_OC4_SetConfig)
    TIM_OC5_SetConfig                        0x080042e9   Thumb Code   160  stm32c0xx_hal_tim.o(.text.TIM_OC5_SetConfig)
    [Anonymous Symbol]                       0x080042e8   Section        0  stm32c0xx_hal_tim.o(.text.TIM_OC5_SetConfig)
    __arm_cp.78_0                            0x08004388   Number         4  stm32c0xx_hal_tim.o(.text.TIM_OC5_SetConfig)
    __arm_cp.78_2                            0x0800438c   Number         4  stm32c0xx_hal_tim.o(.text.TIM_OC5_SetConfig)
    __arm_cp.78_3                            0x08004390   Number         4  stm32c0xx_hal_tim.o(.text.TIM_OC5_SetConfig)
    TIM_OC6_SetConfig                        0x08004395   Thumb Code   160  stm32c0xx_hal_tim.o(.text.TIM_OC6_SetConfig)
    [Anonymous Symbol]                       0x08004394   Section        0  stm32c0xx_hal_tim.o(.text.TIM_OC6_SetConfig)
    __arm_cp.79_0                            0x08004434   Number         4  stm32c0xx_hal_tim.o(.text.TIM_OC6_SetConfig)
    __arm_cp.79_1                            0x08004438   Number         4  stm32c0xx_hal_tim.o(.text.TIM_OC6_SetConfig)
    __arm_cp.79_2                            0x0800443c   Number         4  stm32c0xx_hal_tim.o(.text.TIM_OC6_SetConfig)
    __arm_cp.79_3                            0x08004440   Number         4  stm32c0xx_hal_tim.o(.text.TIM_OC6_SetConfig)
    [Anonymous Symbol]                       0x08004444   Section        0  stm32c0xx_hal_tim.o(.text.TIM_TI1_SetConfig)
    __arm_cp.81_0                            0x080044dc   Number         4  stm32c0xx_hal_tim.o(.text.TIM_TI1_SetConfig)
    __arm_cp.81_1                            0x080044e0   Number         4  stm32c0xx_hal_tim.o(.text.TIM_TI1_SetConfig)
    TIM_TI2_SetConfig                        0x080044e5   Thumb Code   110  stm32c0xx_hal_tim.o(.text.TIM_TI2_SetConfig)
    [Anonymous Symbol]                       0x080044e4   Section        0  stm32c0xx_hal_tim.o(.text.TIM_TI2_SetConfig)
    TIM_TI3_SetConfig                        0x08004553   Thumb Code   108  stm32c0xx_hal_tim.o(.text.TIM_TI3_SetConfig)
    [Anonymous Symbol]                       0x08004552   Section        0  stm32c0xx_hal_tim.o(.text.TIM_TI3_SetConfig)
    TIM_TI4_SetConfig                        0x080045bf   Thumb Code   114  stm32c0xx_hal_tim.o(.text.TIM_TI4_SetConfig)
    [Anonymous Symbol]                       0x080045be   Section        0  stm32c0xx_hal_tim.o(.text.TIM_TI4_SetConfig)
    __NVIC_EnableIRQ                         0x08004631   Thumb Code    40  stm32c0xx_hal_cortex.o(.text.__NVIC_EnableIRQ)
    [Anonymous Symbol]                       0x08004630   Section        0  stm32c0xx_hal_cortex.o(.text.__NVIC_EnableIRQ)
    __arm_cp.3_0                             0x08004658   Number         4  stm32c0xx_hal_cortex.o(.text.__NVIC_EnableIRQ)
    __NVIC_SetPriority                       0x0800465d   Thumb Code   124  stm32c0xx_hal_cortex.o(.text.__NVIC_SetPriority)
    [Anonymous Symbol]                       0x0800465c   Section        0  stm32c0xx_hal_cortex.o(.text.__NVIC_SetPriority)
    __arm_cp.1_0                             0x080046d8   Number         4  stm32c0xx_hal_cortex.o(.text.__NVIC_SetPriority)
    __arm_cp.1_1                             0x080046dc   Number         4  stm32c0xx_hal_cortex.o(.text.__NVIC_SetPriority)
    [Anonymous Symbol]                       0x080046e0   Section        0  main.o(.text.main)
    __arm_cp.0_0                             0x08004870   Number         4  main.o(.text.main)
    __arm_cp.0_1                             0x08004874   Number         4  main.o(.text.main)
    __arm_cp.0_2                             0x08004878   Number         4  main.o(.text.main)
    __arm_cp.0_3                             0x0800487c   Number         4  main.o(.text.main)
    __arm_cp.0_4                             0x08004880   Number         4  main.o(.text.main)
    __arm_cp.0_5                             0x08004884   Number         4  main.o(.text.main)
    __arm_cp.0_6                             0x08004888   Number         4  main.o(.text.main)
    __arm_cp.0_7                             0x0800488c   Number         4  main.o(.text.main)
    __arm_cp.0_8                             0x08004890   Number         4  main.o(.text.main)
    __arm_cp.0_9                             0x08004894   Number         4  main.o(.text.main)
    __arm_cp.0_10                            0x08004898   Number         4  main.o(.text.main)
    __arm_cp.0_11                            0x0800489c   Number         4  main.o(.text.main)
    __arm_cp.0_12                            0x080048a0   Number         4  main.o(.text.main)
    i._fgr                                   0x080048a4   Section        0  fcmp.o(i._fgr)
    x$fpl$fgeqf                              0x080048bc   Section       84  fgef.o(x$fpl$fgeqf)
    x$fpl$fmul                               0x08004910   Section      176  fmul.o(x$fpl$fmul)
    fdiv_tab                                 0x080049c0   Data          64  fdiv.o(.constdata)
    .constdata                               0x080049c0   Section       64  fdiv.o(.constdata)
    x$fpl$usenofp                            0x080049c0   Section        0  usenofp.o(x$fpl$usenofp)
    .bss                                     0x20000010   Section       96  libspace.o(.bss)
    Heap_Mem                                 0x20000480   Data         512  startup_stm32c031xx.o(HEAP)
    HEAP                                     0x20000480   Section      512  startup_stm32c031xx.o(HEAP)
    Stack_Mem                                0x20000680   Data        1024  startup_stm32c031xx.o(STACK)
    STACK                                    0x20000680   Section     1024  startup_stm32c031xx.o(STACK)
    __initial_sp                             0x20000a80   Data           0  startup_stm32c031xx.o(STACK)

    Global Symbols

    Symbol Name                              Value     Ov Type        Size  Object(Section)

    BuildAttributes$$THM_ISAv3M$S$PE$A:L22$X:L11$S22$IEEE1$IW$~IW$USESV6$~STKCKD$USESV7$~SHL$OSPACE$ROPI$EBA8$UX$STANDARDLIB$REQ8$PRES8$EABIv2 0x00000000   Number         0  anon$$obj.o ABSOLUTE
    __ARM_exceptions_init                     - Undefined Weak Reference
    __alloca_initialize                       - Undefined Weak Reference
    __arm_preinit_                            - Undefined Weak Reference
    __arm_relocate_pie_                       - Undefined Weak Reference
    __cpp_initialize__aeabi_                  - Undefined Weak Reference
    __cxa_finalize                            - Undefined Weak Reference
    __rt_locale                               - Undefined Weak Reference
    __sigvec_lookup                           - Undefined Weak Reference
    _atexit_init                              - Undefined Weak Reference
    _call_atexit_fns                          - Undefined Weak Reference
    _clock_init                               - Undefined Weak Reference
    _fp_trap_init                             - Undefined Weak Reference
    _fp_trap_shutdown                         - Undefined Weak Reference
    _get_lc_collate                           - Undefined Weak Reference
    _get_lc_ctype                             - Undefined Weak Reference
    _get_lc_monetary                          - Undefined Weak Reference
    _get_lc_numeric                           - Undefined Weak Reference
    _get_lc_time                              - Undefined Weak Reference
    _getenv_init                              - Undefined Weak Reference
    _handle_redirection                       - Undefined Weak Reference
    _init_alloc                               - Undefined Weak Reference
    _init_user_alloc                          - Undefined Weak Reference
    _initio                                   - Undefined Weak Reference
    _rand_init                                - Undefined Weak Reference
    _signal_finish                            - Undefined Weak Reference
    _signal_init                              - Undefined Weak Reference
    _terminate_alloc                          - Undefined Weak Reference
    _terminate_user_alloc                     - Undefined Weak Reference
    _terminateio                              - Undefined Weak Reference
    __Vectors_Size                           0x000000c0   Number         0  startup_stm32c031xx.o ABSOLUTE
    __Vectors                                0x08000000   Data           4  startup_stm32c031xx.o(RESET)
    __Vectors_End                            0x080000c0   Data           0  startup_stm32c031xx.o(RESET)
    __main                                   0x080000c1   Thumb Code     8  __main.o(!!!main)
    __scatterload                            0x080000c9   Thumb Code     0  __scatter.o(!!!scatter)
    __scatterload_rt2                        0x080000c9   Thumb Code    74  __scatter.o(!!!scatter)
    __scatterload_rt2_thumb_only             0x080000c9   Thumb Code     0  __scatter.o(!!!scatter)
    __scatterload_loop                       0x080000d3   Thumb Code     0  __scatter.o(!!!scatter)
    __scatterload_copy                       0x0800011d   Thumb Code    26  __scatter_copy.o(!!handler_copy)
    __scatterload_null                       0x08000139   Thumb Code     2  __scatter.o(!!handler_null)
    __scatterload_zeroinit                   0x0800013d   Thumb Code    28  __scatter_zi.o(!!handler_zi)
    __rt_lib_init                            0x08000159   Thumb Code     0  libinit.o(.ARM.Collect$$libinit$$00000000)
    __rt_lib_init_alloca_1                   0x0800015b   Thumb Code     0  libinit2.o(.ARM.Collect$$libinit$$00000030)
    __rt_lib_init_argv_1                     0x0800015b   Thumb Code     0  libinit2.o(.ARM.Collect$$libinit$$0000002E)
    __rt_lib_init_atexit_1                   0x0800015b   Thumb Code     0  libinit2.o(.ARM.Collect$$libinit$$0000001D)
    __rt_lib_init_clock_1                    0x0800015b   Thumb Code     0  libinit2.o(.ARM.Collect$$libinit$$00000023)
    __rt_lib_init_cpp_1                      0x0800015b   Thumb Code     0  libinit2.o(.ARM.Collect$$libinit$$00000034)
    __rt_lib_init_exceptions_1               0x0800015b   Thumb Code     0  libinit2.o(.ARM.Collect$$libinit$$00000032)
    __rt_lib_init_fp_1                       0x0800015b   Thumb Code     0  libinit2.o(.ARM.Collect$$libinit$$00000002)
    __rt_lib_init_fp_trap_1                  0x0800015b   Thumb Code     0  libinit2.o(.ARM.Collect$$libinit$$00000021)
    __rt_lib_init_getenv_1                   0x0800015b   Thumb Code     0  libinit2.o(.ARM.Collect$$libinit$$00000025)
    __rt_lib_init_heap_1                     0x0800015b   Thumb Code     0  libinit2.o(.ARM.Collect$$libinit$$0000000C)
    __rt_lib_init_lc_collate_1               0x0800015b   Thumb Code     0  libinit2.o(.ARM.Collect$$libinit$$00000013)
    __rt_lib_init_lc_ctype_1                 0x0800015b   Thumb Code     0  libinit2.o(.ARM.Collect$$libinit$$00000015)
    __rt_lib_init_lc_monetary_1              0x0800015b   Thumb Code     0  libinit2.o(.ARM.Collect$$libinit$$00000017)
    __rt_lib_init_lc_numeric_1               0x0800015b   Thumb Code     0  libinit2.o(.ARM.Collect$$libinit$$00000019)
    __rt_lib_init_lc_time_1                  0x0800015b   Thumb Code     0  libinit2.o(.ARM.Collect$$libinit$$0000001B)
    __rt_lib_init_preinit_1                  0x0800015b   Thumb Code     0  libinit2.o(.ARM.Collect$$libinit$$00000006)
    __rt_lib_init_rand_1                     0x0800015b   Thumb Code     0  libinit2.o(.ARM.Collect$$libinit$$00000010)
    __rt_lib_init_relocate_pie_1             0x0800015b   Thumb Code     0  libinit2.o(.ARM.Collect$$libinit$$00000004)
    __rt_lib_init_return                     0x0800015b   Thumb Code     0  libinit2.o(.ARM.Collect$$libinit$$00000035)
    __rt_lib_init_signal_1                   0x0800015b   Thumb Code     0  libinit2.o(.ARM.Collect$$libinit$$0000001F)
    __rt_lib_init_stdio_1                    0x0800015b   Thumb Code     0  libinit2.o(.ARM.Collect$$libinit$$00000027)
    __rt_lib_init_user_alloc_1               0x0800015b   Thumb Code     0  libinit2.o(.ARM.Collect$$libinit$$0000000E)
    __rt_lib_shutdown                        0x0800015d   Thumb Code     0  libshutdown.o(.ARM.Collect$$libshutdown$$00000000)
    __rt_lib_shutdown_cpp_1                  0x0800015f   Thumb Code     0  libshutdown2.o(.ARM.Collect$$libshutdown$$00000002)
    __rt_lib_shutdown_fp_trap_1              0x0800015f   Thumb Code     0  libshutdown2.o(.ARM.Collect$$libshutdown$$00000007)
    __rt_lib_shutdown_heap_1                 0x0800015f   Thumb Code     0  libshutdown2.o(.ARM.Collect$$libshutdown$$0000000F)
    __rt_lib_shutdown_return                 0x0800015f   Thumb Code     0  libshutdown2.o(.ARM.Collect$$libshutdown$$00000010)
    __rt_lib_shutdown_signal_1               0x0800015f   Thumb Code     0  libshutdown2.o(.ARM.Collect$$libshutdown$$0000000A)
    __rt_lib_shutdown_stdio_1                0x0800015f   Thumb Code     0  libshutdown2.o(.ARM.Collect$$libshutdown$$00000004)
    __rt_lib_shutdown_user_alloc_1           0x0800015f   Thumb Code     0  libshutdown2.o(.ARM.Collect$$libshutdown$$0000000C)
    __rt_entry                               0x08000161   Thumb Code     0  __rtentry.o(.ARM.Collect$$rtentry$$00000000)
    __rt_entry_presh_1                       0x08000161   Thumb Code     0  __rtentry2.o(.ARM.Collect$$rtentry$$00000002)
    __rt_entry_sh                            0x08000161   Thumb Code     0  __rtentry4.o(.ARM.Collect$$rtentry$$00000004)
    __rt_entry_li                            0x08000167   Thumb Code     0  __rtentry2.o(.ARM.Collect$$rtentry$$0000000A)
    __rt_entry_postsh_1                      0x08000167   Thumb Code     0  __rtentry2.o(.ARM.Collect$$rtentry$$00000009)
    __rt_entry_main                          0x0800016b   Thumb Code     0  __rtentry2.o(.ARM.Collect$$rtentry$$0000000D)
    __rt_entry_postli_1                      0x0800016b   Thumb Code     0  __rtentry2.o(.ARM.Collect$$rtentry$$0000000C)
    __rt_exit                                0x08000173   Thumb Code     0  rtexit.o(.ARM.Collect$$rtexit$$00000000)
    __rt_exit_ls                             0x08000175   Thumb Code     0  rtexit2.o(.ARM.Collect$$rtexit$$00000003)
    __rt_exit_prels_1                        0x08000175   Thumb Code     0  rtexit2.o(.ARM.Collect$$rtexit$$00000002)
    __rt_exit_exit                           0x08000179   Thumb Code     0  rtexit2.o(.ARM.Collect$$rtexit$$00000004)
    Reset_Handler                            0x08000181   Thumb Code     8  startup_stm32c031xx.o(.text)
    DMA1_Channel2_3_IRQHandler               0x08000193   Thumb Code     0  startup_stm32c031xx.o(.text)
    DMAMUX1_IRQHandler                       0x08000193   Thumb Code     0  startup_stm32c031xx.o(.text)
    EXTI0_1_IRQHandler                       0x08000193   Thumb Code     0  startup_stm32c031xx.o(.text)
    EXTI2_3_IRQHandler                       0x08000193   Thumb Code     0  startup_stm32c031xx.o(.text)
    EXTI4_15_IRQHandler                      0x08000193   Thumb Code     0  startup_stm32c031xx.o(.text)
    FLASH_IRQHandler                         0x08000193   Thumb Code     0  startup_stm32c031xx.o(.text)
    I2C1_IRQHandler                          0x08000193   Thumb Code     0  startup_stm32c031xx.o(.text)
    RCC_IRQHandler                           0x08000193   Thumb Code     0  startup_stm32c031xx.o(.text)
    RTC_IRQHandler                           0x08000193   Thumb Code     0  startup_stm32c031xx.o(.text)
    SPI1_IRQHandler                          0x08000193   Thumb Code     0  startup_stm32c031xx.o(.text)
    USART1_IRQHandler                        0x08000193   Thumb Code     0  startup_stm32c031xx.o(.text)
    USART2_IRQHandler                        0x08000193   Thumb Code     0  startup_stm32c031xx.o(.text)
    WWDG_IRQHandler                          0x08000193   Thumb Code     0  startup_stm32c031xx.o(.text)
    __user_initial_stackheap                 0x08000195   Thumb Code     0  startup_stm32c031xx.o(.text)
    _memset_w                                0x080001b9   Thumb Code    26  rt_memclr.o(.text)
    _memset                                  0x080001d3   Thumb Code    30  rt_memclr.o(.text)
    __aeabi_memclr                           0x080001f1   Thumb Code     4  rt_memclr.o(.text)
    __rt_memclr                              0x080001f1   Thumb Code     0  rt_memclr.o(.text)
    __aeabi_memclr4                          0x080001f5   Thumb Code     0  rt_memclr.o(.text)
    __aeabi_memclr8                          0x080001f5   Thumb Code     0  rt_memclr.o(.text)
    __rt_memclr_w                            0x080001f5   Thumb Code     4  rt_memclr.o(.text)
    __aeabi_uidiv                            0x080001f9   Thumb Code     0  aeabi_sdiv.o(.text)
    __aeabi_uidivmod                         0x080001f9   Thumb Code    20  aeabi_sdiv.o(.text)
    __aeabi_idiv                             0x0800020d   Thumb Code     0  aeabi_sdiv.o(.text)
    __aeabi_idivmod                          0x0800020d   Thumb Code   338  aeabi_sdiv.o(.text)
    __use_two_region_memory                  0x08000365   Thumb Code     2  heapauxi.o(.text)
    __rt_heap_escrow$2region                 0x08000367   Thumb Code     2  heapauxi.o(.text)
    __rt_heap_expand$2region                 0x08000369   Thumb Code     2  heapauxi.o(.text)
    __aeabi_fdiv                             0x0800036d   Thumb Code     0  fdiv.o(.text)
    __divsf3                                 0x0800036d   Thumb Code     0  fdiv.o(.text)
    _fdiv                                    0x0800036d   Thumb Code   334  fdiv.o(.text)
    _frdiv                                   0x080004bb   Thumb Code     8  fdiv.o(.text)
    __aeabi_i2f_normalise                    0x080004cd   Thumb Code    72  fflti.o(.text)
    __aeabi_i2f                              0x08000515   Thumb Code    16  fflti.o(.text)
    _fflt                                    0x08000515   Thumb Code     0  fflti.o(.text)
    __aeabi_ui2f                             0x08000525   Thumb Code     6  fflti.o(.text)
    _ffltu                                   0x08000525   Thumb Code     0  fflti.o(.text)
    __fpl_fcmp_InfNaN                        0x0800052d   Thumb Code    96  fcmpin.o(.text)
    __user_setup_stackheap                   0x08000591   Thumb Code    62  sys_stackheap_outer.o(.text)
    exit                                     0x080005cf   Thumb Code    16  exit.o(.text)
    __fpl_cmpreturn                          0x080005df   Thumb Code    46  cmpret.o(.text)
    __fpl_fcheck_NaN2                        0x0800060d   Thumb Code    10  fnan2.o(.text)
    __user_libspace                          0x0800061d   Thumb Code     8  libspace.o(.text)
    __user_perproc_libspace                  0x0800061d   Thumb Code     0  libspace.o(.text)
    __user_perthread_libspace                0x0800061d   Thumb Code     0  libspace.o(.text)
    __fpl_return_NaN                         0x08000625   Thumb Code    94  retnan.o(.text)
    _sys_exit                                0x08000685   Thumb Code     8  sys_exit.o(.text)
    __I$use$semihosting                      0x08000691   Thumb Code     0  use_no_semi.o(.text)
    __use_no_semihosting_swi                 0x08000691   Thumb Code     2  use_no_semi.o(.text)
    __semihosting_library_function           0x08000693   Thumb Code     0  indicate_semi.o(.text)
    ADC1_IRQHandler                          0x08000695   Thumb Code    12  stm32c0xx_it.o(.text.ADC1_IRQHandler)
    ADC_Enable                               0x080007a5   Thumb Code   240  stm32c0xx_hal_adc.o(.text.ADC_Enable)
    DMA1_Channel1_IRQHandler                 0x080008a5   Thumb Code    12  stm32c0xx_it.o(.text.DMA1_Channel1_IRQHandler)
    Error_Handler                            0x080009a9   Thumb Code     6  main.o(.text.Error_Handler)
    HAL_ADCEx_ChannelConfigReadyCallback     0x080009af   Thumb Code     8  stm32c0xx_hal_adc_ex.o(.text.HAL_ADCEx_ChannelConfigReadyCallback)
    HAL_ADCEx_EndOfSamplingCallback          0x080009b7   Thumb Code     8  stm32c0xx_hal_adc_ex.o(.text.HAL_ADCEx_EndOfSamplingCallback)
    HAL_ADCEx_LevelOutOfWindow2Callback      0x080009bf   Thumb Code     8  stm32c0xx_hal_adc_ex.o(.text.HAL_ADCEx_LevelOutOfWindow2Callback)
    HAL_ADCEx_LevelOutOfWindow3Callback      0x080009c7   Thumb Code     8  stm32c0xx_hal_adc_ex.o(.text.HAL_ADCEx_LevelOutOfWindow3Callback)
    HAL_ADC_ADCReadyCallback                 0x080009cf   Thumb Code     8  stm32c0xx_hal_adc.o(.text.HAL_ADC_ADCReadyCallback)
    HAL_ADC_CalibrationCpltCallback          0x080009d7   Thumb Code     8  stm32c0xx_hal_adc.o(.text.HAL_ADC_CalibrationCpltCallback)
    HAL_ADC_ConfigChannel                    0x080009e1   Thumb Code  1144  stm32c0xx_hal_adc.o(.text.HAL_ADC_ConfigChannel)
    HAL_ADC_ConvCpltCallback                 0x08000e71   Thumb Code     8  stm32c0xx_hal_adc.o(.text.HAL_ADC_ConvCpltCallback)
    HAL_ADC_ConvHalfCpltCallback             0x08000e79   Thumb Code     8  stm32c0xx_hal_adc.o(.text.HAL_ADC_ConvHalfCpltCallback)
    HAL_ADC_ErrorCallback                    0x08000e81   Thumb Code     8  stm32c0xx_hal_adc.o(.text.HAL_ADC_ErrorCallback)
    HAL_ADC_IRQHandler                       0x08000e89   Thumb Code   720  stm32c0xx_hal_adc.o(.text.HAL_ADC_IRQHandler)
    HAL_ADC_Init                             0x08001159   Thumb Code   820  stm32c0xx_hal_adc.o(.text.HAL_ADC_Init)
    HAL_ADC_LevelOutOfWindowCallback         0x080014a5   Thumb Code     8  stm32c0xx_hal_adc.o(.text.HAL_ADC_LevelOutOfWindowCallback)
    HAL_ADC_MspInit                          0x080014ad   Thumb Code   284  adc.o(.text.HAL_ADC_MspInit)
    HAL_ADC_Start_DMA                        0x080015e1   Thumb Code   268  stm32c0xx_hal_adc.o(.text.HAL_ADC_Start_DMA)
    HAL_DMA_IRQHandler                       0x080016fd   Thumb Code   360  stm32c0xx_hal_dma.o(.text.HAL_DMA_IRQHandler)
    HAL_DMA_Init                             0x0800186d   Thumb Code   248  stm32c0xx_hal_dma.o(.text.HAL_DMA_Init)
    HAL_DMA_Start_IT                         0x0800196d   Thumb Code   270  stm32c0xx_hal_dma.o(.text.HAL_DMA_Start_IT)
    HAL_GPIO_Init                            0x08001a7d   Thumb Code   728  stm32c0xx_hal_gpio.o(.text.HAL_GPIO_Init)
    HAL_GPIO_WritePin                        0x08001d79   Thumb Code    44  stm32c0xx_hal_gpio.o(.text.HAL_GPIO_WritePin)
    HAL_GetTick                              0x08001da5   Thumb Code     8  stm32c0xx_hal.o(.text.HAL_GetTick)
    HAL_IncTick                              0x08001dad   Thumb Code    16  stm32c0xx_hal.o(.text.HAL_IncTick)
    HAL_Init                                 0x08001dc1   Thumb Code    44  stm32c0xx_hal.o(.text.HAL_Init)
    HAL_InitTick                             0x08001ded   Thumb Code   120  stm32c0xx_hal.o(.text.HAL_InitTick)
    HAL_MspInit                              0x08001e71   Thumb Code    52  stm32c0xx_hal_msp.o(.text.HAL_MspInit)
    HAL_NVIC_EnableIRQ                       0x08001ea9   Thumb Code    22  stm32c0xx_hal_cortex.o(.text.HAL_NVIC_EnableIRQ)
    HAL_NVIC_SetPriority                     0x08001ebf   Thumb Code    28  stm32c0xx_hal_cortex.o(.text.HAL_NVIC_SetPriority)
    HAL_RCCEx_PeriphCLKConfig                0x08001edd   Thumb Code   432  stm32c0xx_hal_rcc_ex.o(.text.HAL_RCCEx_PeriphCLKConfig)
    HAL_RCC_ClockConfig                      0x08002095   Thumb Code   560  stm32c0xx_hal_rcc.o(.text.HAL_RCC_ClockConfig)
    HAL_RCC_GetSysClockFreq                  0x080022e1   Thumb Code   156  stm32c0xx_hal_rcc.o(.text.HAL_RCC_GetSysClockFreq)
    HAL_RCC_OscConfig                        0x0800238d   Thumb Code  1024  stm32c0xx_hal_rcc.o(.text.HAL_RCC_OscConfig)
    HAL_SYSTICK_Config                       0x080027b5   Thumb Code    16  stm32c0xx_hal_cortex.o(.text.HAL_SYSTICK_Config)
    HAL_TIMEx_Break2Callback                 0x080027c5   Thumb Code     8  stm32c0xx_hal_tim_ex.o(.text.HAL_TIMEx_Break2Callback)
    HAL_TIMEx_BreakCallback                  0x080027cd   Thumb Code     8  stm32c0xx_hal_tim_ex.o(.text.HAL_TIMEx_BreakCallback)
    HAL_TIMEx_CommutCallback                 0x080027d5   Thumb Code     8  stm32c0xx_hal_tim_ex.o(.text.HAL_TIMEx_CommutCallback)
    HAL_TIMEx_ConfigBreakDeadTime            0x080027dd   Thumb Code   292  stm32c0xx_hal_tim_ex.o(.text.HAL_TIMEx_ConfigBreakDeadTime)
    HAL_TIMEx_MasterConfigSynchronization    0x08002901   Thumb Code   212  stm32c0xx_hal_tim_ex.o(.text.HAL_TIMEx_MasterConfigSynchronization)
    HAL_TIM_Base_Init                        0x080029d5   Thumb Code   170  stm32c0xx_hal_tim.o(.text.HAL_TIM_Base_Init)
    HAL_TIM_Base_MspInit                     0x08002a81   Thumb Code   184  tim.o(.text.HAL_TIM_Base_MspInit)
    HAL_TIM_Base_Start_IT                    0x08002b49   Thumb Code   148  stm32c0xx_hal_tim.o(.text.HAL_TIM_Base_Start_IT)
    HAL_TIM_IC_CaptureCallback               0x08002be9   Thumb Code     8  stm32c0xx_hal_tim.o(.text.HAL_TIM_IC_CaptureCallback)
    HAL_TIM_IC_ConfigChannel                 0x08002bf1   Thumb Code   308  stm32c0xx_hal_tim.o(.text.HAL_TIM_IC_ConfigChannel)
    HAL_TIM_IC_Init                          0x08002d25   Thumb Code   170  stm32c0xx_hal_tim.o(.text.HAL_TIM_IC_Init)
    HAL_TIM_IC_MspInit                       0x08002dcf   Thumb Code     8  stm32c0xx_hal_tim.o(.text.HAL_TIM_IC_MspInit)
    HAL_TIM_IRQHandler                       0x08002dd9   Thumb Code   604  stm32c0xx_hal_tim.o(.text.HAL_TIM_IRQHandler)
    HAL_TIM_MspPostInit                      0x0800303d   Thumb Code   152  tim.o(.text.HAL_TIM_MspPostInit)
    HAL_TIM_OC_DelayElapsedCallback          0x080030e1   Thumb Code     8  stm32c0xx_hal_tim.o(.text.HAL_TIM_OC_DelayElapsedCallback)
    HAL_TIM_PWM_ConfigChannel                0x080030e9   Thumb Code   504  stm32c0xx_hal_tim.o(.text.HAL_TIM_PWM_ConfigChannel)
    HAL_TIM_PWM_Init                         0x080032e1   Thumb Code   170  stm32c0xx_hal_tim.o(.text.HAL_TIM_PWM_Init)
    HAL_TIM_PWM_MspInit                      0x0800338d   Thumb Code   208  tim.o(.text.HAL_TIM_PWM_MspInit)
    HAL_TIM_PWM_PulseFinishedCallback        0x08003471   Thumb Code     8  stm32c0xx_hal_tim.o(.text.HAL_TIM_PWM_PulseFinishedCallback)
    HAL_TIM_PWM_Start                        0x08003479   Thumb Code   472  stm32c0xx_hal_tim.o(.text.HAL_TIM_PWM_Start)
    HAL_TIM_PeriodElapsedCallback            0x08003665   Thumb Code     8  stm32c0xx_hal_tim.o(.text.HAL_TIM_PeriodElapsedCallback)
    HAL_TIM_TriggerCallback                  0x0800366d   Thumb Code     8  stm32c0xx_hal_tim.o(.text.HAL_TIM_TriggerCallback)
    HardFault_Handler                        0x08003675   Thumb Code     4  stm32c0xx_it.o(.text.HardFault_Handler)
    MX_ADC1_Init                             0x08003845   Thumb Code   264  adc.o(.text.MX_ADC1_Init)
    MX_DMA_Init                              0x08003971   Thumb Code    48  dma.o(.text.MX_DMA_Init)
    MX_GPIO_Init                             0x080039a5   Thumb Code   200  gpio.o(.text.MX_GPIO_Init)
    MX_TIM14_Init                            0x08003a7d   Thumb Code    44  tim.o(.text.MX_TIM14_Init)
    MX_TIM16_Init                            0x08003aad   Thumb Code    52  tim.o(.text.MX_TIM16_Init)
    MX_TIM17_Init                            0x08003ae5   Thumb Code    52  tim.o(.text.MX_TIM17_Init)
    MX_TIM1_Init                             0x08003b21   Thumb Code   216  tim.o(.text.MX_TIM1_Init)
    MX_TIM3_Init                             0x08003bf9   Thumb Code   192  tim.o(.text.MX_TIM3_Init)
    NMI_Handler                              0x08003cb9   Thumb Code     4  stm32c0xx_it.o(.text.NMI_Handler)
    PendSV_Handler                           0x08003cbd   Thumb Code     2  stm32c0xx_it.o(.text.PendSV_Handler)
    SVC_Handler                              0x08003cbf   Thumb Code     2  stm32c0xx_it.o(.text.SVC_Handler)
    SysTick_Handler                          0x08003d11   Thumb Code     8  stm32c0xx_it.o(.text.SysTick_Handler)
    SystemClock_Config                       0x08003d19   Thumb Code   104  main.o(.text.SystemClock_Config)
    SystemInit                               0x08003d81   Thumb Code    12  system_stm32c0xx.o(.text.SystemInit)
    TIM14_IRQHandler                         0x08003d91   Thumb Code    12  stm32c0xx_it.o(.text.TIM14_IRQHandler)
    TIM16_IRQHandler                         0x08003da1   Thumb Code    12  stm32c0xx_it.o(.text.TIM16_IRQHandler)
    TIM17_IRQHandler                         0x08003db1   Thumb Code    12  stm32c0xx_it.o(.text.TIM17_IRQHandler)
    TIM1_BRK_UP_TRG_COM_IRQHandler           0x08003dc1   Thumb Code    12  stm32c0xx_it.o(.text.TIM1_BRK_UP_TRG_COM_IRQHandler)
    TIM1_CC_IRQHandler                       0x08003dcd   Thumb Code    12  stm32c0xx_it.o(.text.TIM1_CC_IRQHandler)
    TIM3_IRQHandler                          0x08003ddd   Thumb Code    12  stm32c0xx_it.o(.text.TIM3_IRQHandler)
    TIM_Base_SetConfig                       0x08003ded   Thumb Code   236  stm32c0xx_hal_tim.o(.text.TIM_Base_SetConfig)
    TIM_CCxChannelCmd                        0x08003ee5   Thumb Code    50  stm32c0xx_hal_tim.o(.text.TIM_CCxChannelCmd)
    TIM_OC2_SetConfig                        0x08004005   Thumb Code   264  stm32c0xx_hal_tim.o(.text.TIM_OC2_SetConfig)
    TIM_TI1_SetConfig                        0x08004445   Thumb Code   152  stm32c0xx_hal_tim.o(.text.TIM_TI1_SetConfig)
    main                                     0x080046e1   Thumb Code   400  main.o(.text.main)
    __aeabi_fcmpgt                           0x080048a5   Thumb Code     0  fcmp.o(i._fgr)
    _fgr                                     0x080048a5   Thumb Code    22  fcmp.o(i._fgr)
    _fcmpge                                  0x080048bd   Thumb Code    78  fgef.o(x$fpl$fgeqf)
    __aeabi_fmul                             0x08004911   Thumb Code     0  fmul.o(x$fpl$fmul)
    _fmul                                    0x08004911   Thumb Code   172  fmul.o(x$fpl$fmul)
    __I$use$fp                               0x080049c0   Number         0  usenofp.o(x$fpl$usenofp)
    AHBPrescTable                            0x08004a00   Data          64  system_stm32c0xx.o(.rodata.AHBPrescTable)
    Region$$Table$$Base                      0x08004a40   Number         0  anon$$obj.o(Region$$Table)
    Region$$Table$$Limit                     0x08004a60   Number         0  anon$$obj.o(Region$$Table)
    SystemCoreClock                          0x20000000   Data           4  system_stm32c0xx.o(.data.SystemCoreClock)
    freq                                     0x20000004   Data           4  main.o(.data.freq)
    uwTickFreq                               0x20000008   Data           1  stm32c0xx_hal.o(.data.uwTickFreq)
    uwTickPrio                               0x2000000c   Data           4  stm32c0xx_hal.o(.data.uwTickPrio)
    __libspace_start                         0x20000010   Data          96  libspace.o(.bss)
    ADC_Value                                0x20000070   Data         308  main.o(.bss.ADC_Value)
    __temporary_stack_top$libspace           0x20000070   Data           0  libspace.o(.bss)
    adcBuffer                                0x200001a4   Data         154  main.o(.bss.adcBuffer)
    hadc1                                    0x20000240   Data         100  adc.o(.bss.hadc1)
    hdma_adc1                                0x200002a4   Data          92  adc.o(.bss.hdma_adc1)
    htim1                                    0x20000300   Data          76  tim.o(.bss.htim1)
    htim14                                   0x2000034c   Data          76  tim.o(.bss.htim14)
    htim16                                   0x20000398   Data          76  tim.o(.bss.htim16)
    htim17                                   0x200003e4   Data          76  tim.o(.bss.htim17)
    htim3                                    0x20000430   Data          76  tim.o(.bss.htim3)
    uwTick                                   0x2000047c   Data           4  stm32c0xx_hal.o(.bss.uwTick)



==============================================================================

Memory Map of the image

  Image Entry point : 0x080000c1

  Load Region LR_IROM1 (Base: 0x08000000, Size: 0x00004a70, Max: 0x00008000, ABSOLUTE)

    Execution Region ER_IROM1 (Exec base: 0x08000000, Load base: 0x08000000, Size: 0x00004a60, Max: 0x00008000, ABSOLUTE)

    Exec Addr    Load Addr    Size         Type   Attr      Idx    E Section Name        Object

    0x08000000   0x08000000   0x000000c0   Data   RO            3    RESET               startup_stm32c031xx.o
    0x080000c0   0x080000c0   0x00000008   Code   RO         1174  * !!!main             c_p.l(__main.o)
    0x080000c8   0x080000c8   0x00000054   Code   RO         1399    !!!scatter          c_p.l(__scatter.o)
    0x0800011c   0x0800011c   0x0000001a   Code   RO         1403    !!handler_copy      c_p.l(__scatter_copy.o)
    0x08000136   0x08000136   0x00000002   PAD
    0x08000138   0x08000138   0x00000002   Code   RO         1400    !!handler_null      c_p.l(__scatter.o)
    0x0800013a   0x0800013a   0x00000002   PAD
    0x0800013c   0x0800013c   0x0000001c   Code   RO         1405    !!handler_zi        c_p.l(__scatter_zi.o)
    0x08000158   0x08000158   0x00000002   Code   RO         1254    .ARM.Collect$$libinit$$00000000  c_p.l(libinit.o)
    0x0800015a   0x0800015a   0x00000000   Code   RO         1272    .ARM.Collect$$libinit$$00000002  c_p.l(libinit2.o)
    0x0800015a   0x0800015a   0x00000000   Code   RO         1274    .ARM.Collect$$libinit$$00000004  c_p.l(libinit2.o)
    0x0800015a   0x0800015a   0x00000000   Code   RO         1276    .ARM.Collect$$libinit$$00000006  c_p.l(libinit2.o)
    0x0800015a   0x0800015a   0x00000000   Code   RO         1279    .ARM.Collect$$libinit$$0000000C  c_p.l(libinit2.o)
    0x0800015a   0x0800015a   0x00000000   Code   RO         1281    .ARM.Collect$$libinit$$0000000E  c_p.l(libinit2.o)
    0x0800015a   0x0800015a   0x00000000   Code   RO         1283    .ARM.Collect$$libinit$$00000010  c_p.l(libinit2.o)
    0x0800015a   0x0800015a   0x00000000   Code   RO         1286    .ARM.Collect$$libinit$$00000013  c_p.l(libinit2.o)
    0x0800015a   0x0800015a   0x00000000   Code   RO         1288    .ARM.Collect$$libinit$$00000015  c_p.l(libinit2.o)
    0x0800015a   0x0800015a   0x00000000   Code   RO         1290    .ARM.Collect$$libinit$$00000017  c_p.l(libinit2.o)
    0x0800015a   0x0800015a   0x00000000   Code   RO         1292    .ARM.Collect$$libinit$$00000019  c_p.l(libinit2.o)
    0x0800015a   0x0800015a   0x00000000   Code   RO         1294    .ARM.Collect$$libinit$$0000001B  c_p.l(libinit2.o)
    0x0800015a   0x0800015a   0x00000000   Code   RO         1296    .ARM.Collect$$libinit$$0000001D  c_p.l(libinit2.o)
    0x0800015a   0x0800015a   0x00000000   Code   RO         1298    .ARM.Collect$$libinit$$0000001F  c_p.l(libinit2.o)
    0x0800015a   0x0800015a   0x00000000   Code   RO         1300    .ARM.Collect$$libinit$$00000021  c_p.l(libinit2.o)
    0x0800015a   0x0800015a   0x00000000   Code   RO         1302    .ARM.Collect$$libinit$$00000023  c_p.l(libinit2.o)
    0x0800015a   0x0800015a   0x00000000   Code   RO         1304    .ARM.Collect$$libinit$$00000025  c_p.l(libinit2.o)
    0x0800015a   0x0800015a   0x00000000   Code   RO         1306    .ARM.Collect$$libinit$$00000027  c_p.l(libinit2.o)
    0x0800015a   0x0800015a   0x00000000   Code   RO         1310    .ARM.Collect$$libinit$$0000002E  c_p.l(libinit2.o)
    0x0800015a   0x0800015a   0x00000000   Code   RO         1312    .ARM.Collect$$libinit$$00000030  c_p.l(libinit2.o)
    0x0800015a   0x0800015a   0x00000000   Code   RO         1314    .ARM.Collect$$libinit$$00000032  c_p.l(libinit2.o)
    0x0800015a   0x0800015a   0x00000000   Code   RO         1316    .ARM.Collect$$libinit$$00000034  c_p.l(libinit2.o)
    0x0800015a   0x0800015a   0x00000002   Code   RO         1317    .ARM.Collect$$libinit$$00000035  c_p.l(libinit2.o)
    0x0800015c   0x0800015c   0x00000002   Code   RO         1354    .ARM.Collect$$libshutdown$$00000000  c_p.l(libshutdown.o)
    0x0800015e   0x0800015e   0x00000000   Code   RO         1382    .ARM.Collect$$libshutdown$$00000002  c_p.l(libshutdown2.o)
    0x0800015e   0x0800015e   0x00000000   Code   RO         1384    .ARM.Collect$$libshutdown$$00000004  c_p.l(libshutdown2.o)
    0x0800015e   0x0800015e   0x00000000   Code   RO         1387    .ARM.Collect$$libshutdown$$00000007  c_p.l(libshutdown2.o)
    0x0800015e   0x0800015e   0x00000000   Code   RO         1390    .ARM.Collect$$libshutdown$$0000000A  c_p.l(libshutdown2.o)
    0x0800015e   0x0800015e   0x00000000   Code   RO         1392    .ARM.Collect$$libshutdown$$0000000C  c_p.l(libshutdown2.o)
    0x0800015e   0x0800015e   0x00000000   Code   RO         1395    .ARM.Collect$$libshutdown$$0000000F  c_p.l(libshutdown2.o)
    0x0800015e   0x0800015e   0x00000002   Code   RO         1396    .ARM.Collect$$libshutdown$$00000010  c_p.l(libshutdown2.o)
    0x08000160   0x08000160   0x00000000   Code   RO         1209    .ARM.Collect$$rtentry$$00000000  c_p.l(__rtentry.o)
    0x08000160   0x08000160   0x00000000   Code   RO         1222    .ARM.Collect$$rtentry$$00000002  c_p.l(__rtentry2.o)
    0x08000160   0x08000160   0x00000006   Code   RO         1234    .ARM.Collect$$rtentry$$00000004  c_p.l(__rtentry4.o)
    0x08000166   0x08000166   0x00000000   Code   RO         1224    .ARM.Collect$$rtentry$$00000009  c_p.l(__rtentry2.o)
    0x08000166   0x08000166   0x00000004   Code   RO         1225    .ARM.Collect$$rtentry$$0000000A  c_p.l(__rtentry2.o)
    0x0800016a   0x0800016a   0x00000000   Code   RO         1227    .ARM.Collect$$rtentry$$0000000C  c_p.l(__rtentry2.o)
    0x0800016a   0x0800016a   0x00000008   Code   RO         1228    .ARM.Collect$$rtentry$$0000000D  c_p.l(__rtentry2.o)
    0x08000172   0x08000172   0x00000002   Code   RO         1263    .ARM.Collect$$rtexit$$00000000  c_p.l(rtexit.o)
    0x08000174   0x08000174   0x00000000   Code   RO         1325    .ARM.Collect$$rtexit$$00000002  c_p.l(rtexit2.o)
    0x08000174   0x08000174   0x00000004   Code   RO         1326    .ARM.Collect$$rtexit$$00000003  c_p.l(rtexit2.o)
    0x08000178   0x08000178   0x00000006   Code   RO         1327    .ARM.Collect$$rtexit$$00000004  c_p.l(rtexit2.o)
    0x0800017e   0x0800017e   0x00000002   PAD
    0x08000180   0x08000180   0x00000038   Code   RO            4    .text               startup_stm32c031xx.o
    0x080001b8   0x080001b8   0x00000040   Code   RO         1166    .text               c_p.l(rt_memclr.o)
    0x080001f8   0x080001f8   0x0000016c   Code   RO         1168    .text               c_p.l(aeabi_sdiv.o)
    0x08000364   0x08000364   0x00000006   Code   RO         1172    .text               c_p.l(heapauxi.o)
    0x0800036a   0x0800036a   0x00000002   PAD
    0x0800036c   0x0800036c   0x00000160   Code   RO         1200    .text               fz_ps.l(fdiv.o)
    0x080004cc   0x080004cc   0x0000005e   Code   RO         1205    .text               fz_ps.l(fflti.o)
    0x0800052a   0x0800052a   0x00000002   PAD
    0x0800052c   0x0800052c   0x00000064   Code   RO         1238    .text               fz_ps.l(fcmpin.o)
    0x08000590   0x08000590   0x0000003e   Code   RO         1240    .text               c_p.l(sys_stackheap_outer.o)
    0x080005ce   0x080005ce   0x00000010   Code   RO         1243    .text               c_p.l(exit.o)
    0x080005de   0x080005de   0x0000002e   Code   RO         1255    .text               fz_ps.l(cmpret.o)
    0x0800060c   0x0800060c   0x00000010   Code   RO         1257    .text               fz_ps.l(fnan2.o)
    0x0800061c   0x0800061c   0x00000008   Code   RO         1259    .text               c_p.l(libspace.o)
    0x08000624   0x08000624   0x0000005e   Code   RO         1318    .text               fz_ps.l(retnan.o)
    0x08000682   0x08000682   0x00000002   PAD
    0x08000684   0x08000684   0x0000000c   Code   RO         1320    .text               c_p.l(sys_exit.o)
    0x08000690   0x08000690   0x00000002   Code   RO         1343    .text               c_p.l(use_no_semi.o)
    0x08000692   0x08000692   0x00000000   Code   RO         1345    .text               c_p.l(indicate_semi.o)
    0x08000692   0x08000692   0x00000002   PAD
    0x08000694   0x08000694   0x00000010   Code   RO          156    .text.ADC1_IRQHandler  stm32c0xx_it.o
    0x080006a4   0x080006a4   0x000000be   Code   RO          301    .text.ADC_DMAConvCplt  stm32c0xx_hal_adc.o
    0x08000762   0x08000762   0x0000002a   Code   RO          305    .text.ADC_DMAError  stm32c0xx_hal_adc.o
    0x0800078c   0x0800078c   0x00000016   Code   RO          303    .text.ADC_DMAHalfConvCplt  stm32c0xx_hal_adc.o
    0x080007a2   0x080007a2   0x00000002   PAD
    0x080007a4   0x080007a4   0x00000100   Code   RO          281    .text.ADC_Enable    stm32c0xx_hal_adc.o
    0x080008a4   0x080008a4   0x00000010   Code   RO          154    .text.DMA1_Channel1_IRQHandler  stm32c0xx_it.o
    0x080008b4   0x080008b4   0x00000044   Code   RO          429    .text.DMA_CalcDMAMUXChannelBaseAndMask  stm32c0xx_hal_dma.o
    0x080008f8   0x080008f8   0x00000038   Code   RO          431    .text.DMA_CalcDMAMUXRequestGenBaseAndMask  stm32c0xx_hal_dma.o
    0x08000930   0x08000930   0x00000078   Code   RO          437    .text.DMA_SetConfig  stm32c0xx_hal_dma.o
    0x080009a8   0x080009a8   0x00000006   Code   RO           64    .text.Error_Handler  main.o
    0x080009ae   0x080009ae   0x00000008   Code   RO          414    .text.HAL_ADCEx_ChannelConfigReadyCallback  stm32c0xx_hal_adc_ex.o
    0x080009b6   0x080009b6   0x00000008   Code   RO          412    .text.HAL_ADCEx_EndOfSamplingCallback  stm32c0xx_hal_adc_ex.o
    0x080009be   0x080009be   0x00000008   Code   RO          408    .text.HAL_ADCEx_LevelOutOfWindow2Callback  stm32c0xx_hal_adc_ex.o
    0x080009c6   0x080009c6   0x00000008   Code   RO          410    .text.HAL_ADCEx_LevelOutOfWindow3Callback  stm32c0xx_hal_adc_ex.o
    0x080009ce   0x080009ce   0x00000008   Code   RO          321    .text.HAL_ADC_ADCReadyCallback  stm32c0xx_hal_adc.o
    0x080009d6   0x080009d6   0x00000008   Code   RO          323    .text.HAL_ADC_CalibrationCpltCallback  stm32c0xx_hal_adc.o
    0x080009de   0x080009de   0x00000002   PAD
    0x080009e0   0x080009e0   0x00000490   Code   RO          327    .text.HAL_ADC_ConfigChannel  stm32c0xx_hal_adc.o
    0x08000e70   0x08000e70   0x00000008   Code   RO          313    .text.HAL_ADC_ConvCpltCallback  stm32c0xx_hal_adc.o
    0x08000e78   0x08000e78   0x00000008   Code   RO          325    .text.HAL_ADC_ConvHalfCpltCallback  stm32c0xx_hal_adc.o
    0x08000e80   0x08000e80   0x00000008   Code   RO          319    .text.HAL_ADC_ErrorCallback  stm32c0xx_hal_adc.o
    0x08000e88   0x08000e88   0x000002d0   Code   RO          311    .text.HAL_ADC_IRQHandler  stm32c0xx_hal_adc.o
    0x08001158   0x08001158   0x0000034c   Code   RO          253    .text.HAL_ADC_Init  stm32c0xx_hal_adc.o
    0x080014a4   0x080014a4   0x00000008   Code   RO          315    .text.HAL_ADC_LevelOutOfWindowCallback  stm32c0xx_hal_adc.o
    0x080014ac   0x080014ac   0x00000134   Code   RO           91    .text.HAL_ADC_MspInit  adc.o
    0x080015e0   0x080015e0   0x0000011c   Code   RO          297    .text.HAL_ADC_Start_DMA  stm32c0xx_hal_adc.o
    0x080016fc   0x080016fc   0x00000170   Code   RO          447    .text.HAL_DMA_IRQHandler  stm32c0xx_hal_dma.o
    0x0800186c   0x0800186c   0x00000100   Code   RO          427    .text.HAL_DMA_Init  stm32c0xx_hal_dma.o
    0x0800196c   0x0800196c   0x0000010e   Code   RO          439    .text.HAL_DMA_Start_IT  stm32c0xx_hal_dma.o
    0x08001a7a   0x08001a7a   0x00000002   PAD
    0x08001a7c   0x08001a7c   0x000002fc   Code   RO          628    .text.HAL_GPIO_Init  stm32c0xx_hal_gpio.o
    0x08001d78   0x08001d78   0x0000002c   Code   RO          634    .text.HAL_GPIO_WritePin  stm32c0xx_hal_gpio.o
    0x08001da4   0x08001da4   0x00000008   Code   RO          197    .text.HAL_GetTick   stm32c0xx_hal.o
    0x08001dac   0x08001dac   0x00000014   Code   RO          195    .text.HAL_IncTick   stm32c0xx_hal.o
    0x08001dc0   0x08001dc0   0x0000002c   Code   RO          185    .text.HAL_Init      stm32c0xx_hal.o
    0x08001dec   0x08001dec   0x00000084   Code   RO          187    .text.HAL_InitTick  stm32c0xx_hal.o
    0x08001e70   0x08001e70   0x00000038   Code   RO          177    .text.HAL_MspInit   stm32c0xx_hal_msp.o
    0x08001ea8   0x08001ea8   0x00000016   Code   RO          719    .text.HAL_NVIC_EnableIRQ  stm32c0xx_hal_cortex.o
    0x08001ebe   0x08001ebe   0x0000001c   Code   RO          715    .text.HAL_NVIC_SetPriority  stm32c0xx_hal_cortex.o
    0x08001eda   0x08001eda   0x00000002   PAD
    0x08001edc   0x08001edc   0x000001b8   Code   RO          522    .text.HAL_RCCEx_PeriphCLKConfig  stm32c0xx_hal_rcc_ex.o
    0x08002094   0x08002094   0x0000024c   Code   RO          485    .text.HAL_RCC_ClockConfig  stm32c0xx_hal_rcc.o
    0x080022e0   0x080022e0   0x000000ac   Code   RO          487    .text.HAL_RCC_GetSysClockFreq  stm32c0xx_hal_rcc.o
    0x0800238c   0x0800238c   0x00000428   Code   RO          483    .text.HAL_RCC_OscConfig  stm32c0xx_hal_rcc.o
    0x080027b4   0x080027b4   0x00000010   Code   RO          731    .text.HAL_SYSTICK_Config  stm32c0xx_hal_cortex.o
    0x080027c4   0x080027c4   0x00000008   Code   RO         1138    .text.HAL_TIMEx_Break2Callback  stm32c0xx_hal_tim_ex.o
    0x080027cc   0x080027cc   0x00000008   Code   RO         1136    .text.HAL_TIMEx_BreakCallback  stm32c0xx_hal_tim_ex.o
    0x080027d4   0x080027d4   0x00000008   Code   RO         1132    .text.HAL_TIMEx_CommutCallback  stm32c0xx_hal_tim_ex.o
    0x080027dc   0x080027dc   0x00000124   Code   RO         1118    .text.HAL_TIMEx_ConfigBreakDeadTime  stm32c0xx_hal_tim_ex.o
    0x08002900   0x08002900   0x000000d4   Code   RO         1116    .text.HAL_TIMEx_MasterConfigSynchronization  stm32c0xx_hal_tim_ex.o
    0x080029d4   0x080029d4   0x000000aa   Code   RO          799    .text.HAL_TIM_Base_Init  stm32c0xx_hal_tim.o
    0x08002a7e   0x08002a7e   0x00000002   PAD
    0x08002a80   0x08002a80   0x000000c8   Code   RO          126    .text.HAL_TIM_Base_MspInit  tim.o
    0x08002b48   0x08002b48   0x000000a0   Code   RO          813    .text.HAL_TIM_Base_Start_IT  stm32c0xx_hal_tim.o
    0x08002be8   0x08002be8   0x00000008   Code   RO          935    .text.HAL_TIM_IC_CaptureCallback  stm32c0xx_hal_tim.o
    0x08002bf0   0x08002bf0   0x00000134   Code   RO          959    .text.HAL_TIM_IC_ConfigChannel  stm32c0xx_hal_tim.o
    0x08002d24   0x08002d24   0x000000aa   Code   RO          873    .text.HAL_TIM_IC_Init  stm32c0xx_hal_tim.o
    0x08002dce   0x08002dce   0x00000008   Code   RO          875    .text.HAL_TIM_IC_MspInit  stm32c0xx_hal_tim.o
    0x08002dd6   0x08002dd6   0x00000002   PAD
    0x08002dd8   0x08002dd8   0x00000264   Code   RO          933    .text.HAL_TIM_IRQHandler  stm32c0xx_hal_tim.o
    0x0800303c   0x0800303c   0x000000a4   Code   RO          114    .text.HAL_TIM_MspPostInit  tim.o
    0x080030e0   0x080030e0   0x00000008   Code   RO          937    .text.HAL_TIM_OC_DelayElapsedCallback  stm32c0xx_hal_tim.o
    0x080030e8   0x080030e8   0x000001f8   Code   RO          969    .text.HAL_TIM_PWM_ConfigChannel  stm32c0xx_hal_tim.o
    0x080032e0   0x080032e0   0x000000aa   Code   RO          853    .text.HAL_TIM_PWM_Init  stm32c0xx_hal_tim.o
    0x0800338a   0x0800338a   0x00000002   PAD
    0x0800338c   0x0800338c   0x000000e4   Code   RO          124    .text.HAL_TIM_PWM_MspInit  tim.o
    0x08003470   0x08003470   0x00000008   Code   RO          939    .text.HAL_TIM_PWM_PulseFinishedCallback  stm32c0xx_hal_tim.o
    0x08003478   0x08003478   0x000001ec   Code   RO          861    .text.HAL_TIM_PWM_Start  stm32c0xx_hal_tim.o
    0x08003664   0x08003664   0x00000008   Code   RO          941    .text.HAL_TIM_PeriodElapsedCallback  stm32c0xx_hal_tim.o
    0x0800366c   0x0800366c   0x00000008   Code   RO          943    .text.HAL_TIM_TriggerCallback  stm32c0xx_hal_tim.o
    0x08003674   0x08003674   0x00000004   Code   RO          146    .text.HardFault_Handler  stm32c0xx_it.o
    0x08003678   0x08003678   0x00000018   Code   RO          299    .text.LL_ADC_Disable  stm32c0xx_hal_adc.o
    0x08003690   0x08003690   0x00000018   Code   RO          373    .text.LL_ADC_Enable  stm32c0xx_hal_adc.o
    0x080036a8   0x080036a8   0x0000001c   Code   RO          259    .text.LL_ADC_EnableInternalRegulator  stm32c0xx_hal_adc.o
    0x080036c4   0x080036c4   0x00000012   Code   RO          335    .text.LL_ADC_GetCommonPathInternalCh  stm32c0xx_hal_adc.o
    0x080036d6   0x080036d6   0x0000001c   Code   RO          267    .text.LL_ADC_GetSamplingTimeCommonChannels  stm32c0xx_hal_adc.o
    0x080036f2   0x080036f2   0x00000010   Code   RO          263    .text.LL_ADC_IsEnabled  stm32c0xx_hal_adc.o
    0x08003702   0x08003702   0x00000014   Code   RO          257    .text.LL_ADC_IsInternalRegulatorEnabled  stm32c0xx_hal_adc.o
    0x08003716   0x08003716   0x00000010   Code   RO          317    .text.LL_ADC_REG_GetDMATransfer  stm32c0xx_hal_adc.o
    0x08003726   0x08003726   0x00000012   Code   RO          261    .text.LL_ADC_REG_IsConversionOngoing  stm32c0xx_hal_adc.o
    0x08003738   0x08003738   0x00000016   Code   RO          289    .text.LL_ADC_REG_IsTriggerSourceSWStart  stm32c0xx_hal_adc.o
    0x0800374e   0x0800374e   0x00000002   PAD
    0x08003750   0x08003750   0x0000001c   Code   RO          329    .text.LL_ADC_REG_SetSequencerChAdd  stm32c0xx_hal_adc.o
    0x0800376c   0x0800376c   0x00000020   Code   RO          339    .text.LL_ADC_REG_SetSequencerChRem  stm32c0xx_hal_adc.o
    0x0800378c   0x0800378c   0x0000002e   Code   RO          331    .text.LL_ADC_REG_SetSequencerRanks  stm32c0xx_hal_adc.o
    0x080037ba   0x080037ba   0x00000002   PAD
    0x080037bc   0x080037bc   0x0000001c   Code   RO          283    .text.LL_ADC_REG_StartConversion  stm32c0xx_hal_adc.o
    0x080037d8   0x080037d8   0x00000028   Code   RO          333    .text.LL_ADC_SetChannelSamplingTime  stm32c0xx_hal_adc.o
    0x08003800   0x08003800   0x0000001c   Code   RO          337    .text.LL_ADC_SetCommonPathInternalCh  stm32c0xx_hal_adc.o
    0x0800381c   0x0800381c   0x00000026   Code   RO          265    .text.LL_ADC_SetSamplingTimeCommonChannels  stm32c0xx_hal_adc.o
    0x08003842   0x08003842   0x00000002   PAD
    0x08003844   0x08003844   0x0000012c   Code   RO           89    .text.MX_ADC1_Init  adc.o
    0x08003970   0x08003970   0x00000034   Code   RO          104    .text.MX_DMA_Init   dma.o
    0x080039a4   0x080039a4   0x000000d8   Code   RO           81    .text.MX_GPIO_Init  gpio.o
    0x08003a7c   0x08003a7c   0x00000030   Code   RO          118    .text.MX_TIM14_Init  tim.o
    0x08003aac   0x08003aac   0x00000038   Code   RO          120    .text.MX_TIM16_Init  tim.o
    0x08003ae4   0x08003ae4   0x0000003c   Code   RO          122    .text.MX_TIM17_Init  tim.o
    0x08003b20   0x08003b20   0x000000d8   Code   RO          112    .text.MX_TIM1_Init  tim.o
    0x08003bf8   0x08003bf8   0x000000c0   Code   RO          116    .text.MX_TIM3_Init  tim.o
    0x08003cb8   0x08003cb8   0x00000004   Code   RO          144    .text.NMI_Handler   stm32c0xx_it.o
    0x08003cbc   0x08003cbc   0x00000002   Code   RO          150    .text.PendSV_Handler  stm32c0xx_it.o
    0x08003cbe   0x08003cbe   0x00000002   Code   RO          148    .text.SVC_Handler   stm32c0xx_it.o
    0x08003cc0   0x08003cc0   0x00000050   Code   RO          733    .text.SysTick_Config  stm32c0xx_hal_cortex.o
    0x08003d10   0x08003d10   0x00000008   Code   RO          152    .text.SysTick_Handler  stm32c0xx_it.o
    0x08003d18   0x08003d18   0x00000068   Code   RO           62    .text.SystemClock_Config  main.o
    0x08003d80   0x08003d80   0x00000010   Code   RO         1151    .text.SystemInit    system_stm32c0xx.o
    0x08003d90   0x08003d90   0x00000010   Code   RO          164    .text.TIM14_IRQHandler  stm32c0xx_it.o
    0x08003da0   0x08003da0   0x00000010   Code   RO          166    .text.TIM16_IRQHandler  stm32c0xx_it.o
    0x08003db0   0x08003db0   0x00000010   Code   RO          168    .text.TIM17_IRQHandler  stm32c0xx_it.o
    0x08003dc0   0x08003dc0   0x0000000c   Code   RO          158    .text.TIM1_BRK_UP_TRG_COM_IRQHandler  stm32c0xx_it.o
    0x08003dcc   0x08003dcc   0x00000010   Code   RO          160    .text.TIM1_CC_IRQHandler  stm32c0xx_it.o
    0x08003ddc   0x08003ddc   0x00000010   Code   RO          162    .text.TIM3_IRQHandler  stm32c0xx_it.o
    0x08003dec   0x08003dec   0x000000f8   Code   RO          803    .text.TIM_Base_SetConfig  stm32c0xx_hal_tim.o
    0x08003ee4   0x08003ee4   0x00000032   Code   RO          837    .text.TIM_CCxChannelCmd  stm32c0xx_hal_tim.o
    0x08003f16   0x08003f16   0x00000002   PAD
    0x08003f18   0x08003f18   0x000000ec   Code   RO          947    .text.TIM_OC1_SetConfig  stm32c0xx_hal_tim.o
    0x08004004   0x08004004   0x00000110   Code   RO          949    .text.TIM_OC2_SetConfig  stm32c0xx_hal_tim.o
    0x08004114   0x08004114   0x00000118   Code   RO          951    .text.TIM_OC3_SetConfig  stm32c0xx_hal_tim.o
    0x0800422c   0x0800422c   0x000000bc   Code   RO          953    .text.TIM_OC4_SetConfig  stm32c0xx_hal_tim.o
    0x080042e8   0x080042e8   0x000000ac   Code   RO          955    .text.TIM_OC5_SetConfig  stm32c0xx_hal_tim.o
    0x08004394   0x08004394   0x000000b0   Code   RO          957    .text.TIM_OC6_SetConfig  stm32c0xx_hal_tim.o
    0x08004444   0x08004444   0x000000a0   Code   RO          961    .text.TIM_TI1_SetConfig  stm32c0xx_hal_tim.o
    0x080044e4   0x080044e4   0x0000006e   Code   RO          963    .text.TIM_TI2_SetConfig  stm32c0xx_hal_tim.o
    0x08004552   0x08004552   0x0000006c   Code   RO          965    .text.TIM_TI3_SetConfig  stm32c0xx_hal_tim.o
    0x080045be   0x080045be   0x00000072   Code   RO          967    .text.TIM_TI4_SetConfig  stm32c0xx_hal_tim.o
    0x08004630   0x08004630   0x0000002c   Code   RO          721    .text.__NVIC_EnableIRQ  stm32c0xx_hal_cortex.o
    0x0800465c   0x0800465c   0x00000084   Code   RO          717    .text.__NVIC_SetPriority  stm32c0xx_hal_cortex.o
    0x080046e0   0x080046e0   0x000001c4   Code   RO           60    .text.main          main.o
    0x080048a4   0x080048a4   0x00000016   Code   RO         1184    i._fgr              fz_ps.l(fcmp.o)
    0x080048ba   0x080048ba   0x00000002   PAD
    0x080048bc   0x080048bc   0x00000054   Code   RO         1216    x$fpl$fgeqf         fz_ps.l(fgef.o)
    0x08004910   0x08004910   0x000000b0   Code   RO         1207    x$fpl$fmul          fz_ps.l(fmul.o)
    0x080049c0   0x080049c0   0x00000000   Code   RO         1220    x$fpl$usenofp       fz_ps.l(usenofp.o)
    0x080049c0   0x080049c0   0x00000040   Data   RO         1201    .constdata          fz_ps.l(fdiv.o)
    0x08004a00   0x08004a00   0x00000040   Data   RO         1156    .rodata.AHBPrescTable  system_stm32c0xx.o
    0x08004a40   0x08004a40   0x00000020   Data   RO         1398    Region$$Table       anon$$obj.o


    Execution Region RW_IRAM1 (Exec base: 0x20000000, Load base: 0x08004a60, Size: 0x00000a80, Max: 0x00003000, ABSOLUTE)

    Exec Addr    Load Addr    Size         Type   Attr      Idx    E Section Name        Object

    0x20000000   0x08004a60   0x00000004   Data   RW         1155    .data.SystemCoreClock  system_stm32c0xx.o
    0x20000004   0x08004a64   0x00000004   Data   RW           68    .data.freq          main.o
    0x20000008   0x08004a68   0x00000001   Data   RW          244    .data.uwTickFreq    stm32c0xx_hal.o
    0x20000009   0x08004a69   0x00000003   PAD
    0x2000000c   0x08004a6c   0x00000004   Data   RW          243    .data.uwTickPrio    stm32c0xx_hal.o
    0x20000010        -       0x00000060   Zero   RW         1260    .bss                c_p.l(libspace.o)
    0x20000070        -       0x00000134   Zero   RW           70    .bss.ADC_Value      main.o
    0x200001a4        -       0x0000009a   Zero   RW           69    .bss.adcBuffer      main.o
    0x2000023e   0x08004a70   0x00000002   PAD
    0x20000240        -       0x00000064   Zero   RW           95    .bss.hadc1          adc.o
    0x200002a4        -       0x0000005c   Zero   RW           96    .bss.hdma_adc1      adc.o
    0x20000300        -       0x0000004c   Zero   RW          132    .bss.htim1          tim.o
    0x2000034c        -       0x0000004c   Zero   RW          134    .bss.htim14         tim.o
    0x20000398        -       0x0000004c   Zero   RW          135    .bss.htim16         tim.o
    0x200003e4        -       0x0000004c   Zero   RW          136    .bss.htim17         tim.o
    0x20000430        -       0x0000004c   Zero   RW          133    .bss.htim3          tim.o
    0x2000047c        -       0x00000004   Zero   RW          245    .bss.uwTick         stm32c0xx_hal.o
    0x20000480        -       0x00000200   Zero   RW            2    HEAP                startup_stm32c031xx.o
    0x20000680        -       0x00000400   Zero   RW            1    STACK               startup_stm32c031xx.o


==============================================================================

Image component sizes


      Code (inc. data)   RO Data    RW Data    ZI Data      Debug   Object Name

       608         60          0          0        192       6466   adc.o
        52          4          0          0          0       1799   dma.o
       216         16          0          0          0       1977   gpio.o
       562         80          0          4        462       2520   main.o
        56         26        192          0       1536        616   startup_stm32c031xx.o
       204         16          0          5          4       6247   stm32c0xx_hal.o
      4028        100          0          0          0      17495   stm32c0xx_hal_adc.o
        32          0          0          0          0       7177   stm32c0xx_hal_adc_ex.o
       322         24          0          0          0       6295   stm32c0xx_hal_cortex.o
      1138         36          0          0          0       7352   stm32c0xx_hal_dma.o
       808         36          0          0          0       4653   stm32c0xx_hal_gpio.o
        56          4          0          0          0       1307   stm32c0xx_hal_msp.o
      1824         84          0          0          0       7488   stm32c0xx_hal_rcc.o
       440          8          0          0          0       4354   stm32c0xx_hal_rcc_ex.o
      4748        212          0          0          0      38766   stm32c0xx_hal_tim.o
       528          0          0          0          0      18326   stm32c0xx_hal_tim_ex.o
       144         28          0          0          0       1488   stm32c0xx_it.o
        16          4         64          4          0       1977   system_stm32c0xx.o
      1164         64          0          0        380       8902   tim.o

    ----------------------------------------------------------------------
     16968        802        288         16       2576     145205   Object Totals
         0          0         32          0          0          0   (incl. Generated)
        22          0          0          3          2          0   (incl. Padding)

    ----------------------------------------------------------------------

      Code (inc. data)   RO Data    RW Data    ZI Data      Debug   Library Member Name

         8          0          0          0          0         68   __main.o
         0          0          0          0          0          0   __rtentry.o
        12          0          0          0          0          0   __rtentry2.o
         6          0          0          0          0          0   __rtentry4.o
        86         10          0          0          0          0   __scatter.o
        26          0          0          0          0          0   __scatter_copy.o
        28          0          0          0          0          0   __scatter_zi.o
       364          4          0          0          0         92   aeabi_sdiv.o
        16          0          0          0          0         68   exit.o
         6          0          0          0          0        136   heapauxi.o
         0          0          0          0          0          0   indicate_semi.o
         2          0          0          0          0          0   libinit.o
         2          0          0          0          0          0   libinit2.o
         2          0          0          0          0          0   libshutdown.o
         2          0          0          0          0          0   libshutdown2.o
         8          4          0          0         96         68   libspace.o
        64          0          0          0          0        108   rt_memclr.o
         2          0          0          0          0          0   rtexit.o
        10          0          0          0          0          0   rtexit2.o
        12          4          0          0          0         60   sys_exit.o
        62          0          0          0          0         80   sys_stackheap_outer.o
         2          0          0          0          0         68   use_no_semi.o
        46          0          0          0          0         60   cmpret.o
        22          0          0          0          0         68   fcmp.o
       100          4          0          0          0         68   fcmpin.o
       352         10         64          0          0         92   fdiv.o
        94          0          0          0          0         92   fflti.o
        84          4          0          0          0         76   fgef.o
       176          4          0          0          0         80   fmul.o
        16          6          0          0          0         68   fnan2.o
        94          0          0          0          0         68   retnan.o
         0          0          0          0          0          0   usenofp.o

    ----------------------------------------------------------------------
      1720         50         64          0         96       1420   Library Totals
        16          0          0          0          0          0   (incl. Padding)

    ----------------------------------------------------------------------

      Code (inc. data)   RO Data    RW Data    ZI Data      Debug   Library Name

       720         22          0          0         96        748   c_p.l
       984         28         64          0          0        672   fz_ps.l

    ----------------------------------------------------------------------
      1720         50         64          0         96       1420   Library Totals

    ----------------------------------------------------------------------

==============================================================================


      Code (inc. data)   RO Data    RW Data    ZI Data      Debug   

     18688        852        352         16       2672     145753   Grand Totals
     18688        852        352         16       2672     145753   ELF Image Totals
     18688        852        352         16          0          0   ROM Totals

==============================================================================

    Total RO  Size (Code + RO Data)                19040 (  18.59kB)
    Total RW  Size (RW Data + ZI Data)              2688 (   2.62kB)
    Total ROM Size (Code + RO Data + RW Data)      19056 (  18.61kB)

==============================================================================

