Component: Arm Compiler for Embedded 6.22 Tool: armlink [5ee90200]

==============================================================================

Section Cross References

    startup_stm32c031xx.o(STACK) refers (Special) to heapauxi.o(.text) for __use_two_region_memory
    startup_stm32c031xx.o(HEAP) refers (Special) to heapauxi.o(.text) for __use_two_region_memory
    startup_stm32c031xx.o(RESET) refers (Special) to heapauxi.o(.text) for __use_two_region_memory
    startup_stm32c031xx.o(RESET) refers to startup_stm32c031xx.o(STACK) for __initial_sp
    startup_stm32c031xx.o(RESET) refers to startup_stm32c031xx.o(.text) for Reset_Handler
    startup_stm32c031xx.o(RESET) refers to stm32c0xx_it.o(.text.NMI_Handler) for NMI_Handler
    startup_stm32c031xx.o(RESET) refers to stm32c0xx_it.o(.text.HardFault_Handler) for HardFault_Handler
    startup_stm32c031xx.o(RESET) refers to stm32c0xx_it.o(.text.SVC_Handler) for SVC_Handler
    startup_stm32c031xx.o(RESET) refers to stm32c0xx_it.o(.text.PendSV_Handler) for PendSV_Handler
    startup_stm32c031xx.o(RESET) refers to stm32c0xx_it.o(.text.SysTick_Handler) for SysTick_Handler
    startup_stm32c031xx.o(RESET) refers to stm32c0xx_it.o(.text.DMA1_Channel1_IRQHandler) for DMA1_Channel1_IRQHandler
    startup_stm32c031xx.o(RESET) refers to stm32c0xx_it.o(.text.ADC1_IRQHandler) for ADC1_IRQHandler
    startup_stm32c031xx.o(RESET) refers to stm32c0xx_it.o(.text.TIM1_BRK_UP_TRG_COM_IRQHandler) for TIM1_BRK_UP_TRG_COM_IRQHandler
    startup_stm32c031xx.o(RESET) refers to stm32c0xx_it.o(.text.TIM1_CC_IRQHandler) for TIM1_CC_IRQHandler
    startup_stm32c031xx.o(RESET) refers to stm32c0xx_it.o(.text.TIM3_IRQHandler) for TIM3_IRQHandler
    startup_stm32c031xx.o(RESET) refers to stm32c0xx_it.o(.text.TIM14_IRQHandler) for TIM14_IRQHandler
    startup_stm32c031xx.o(RESET) refers to stm32c0xx_it.o(.text.TIM16_IRQHandler) for TIM16_IRQHandler
    startup_stm32c031xx.o(RESET) refers to stm32c0xx_it.o(.text.TIM17_IRQHandler) for TIM17_IRQHandler
    startup_stm32c031xx.o(.text) refers (Special) to heapauxi.o(.text) for __use_two_region_memory
    startup_stm32c031xx.o(.text) refers to system_stm32c0xx.o(.text.SystemInit) for SystemInit
    startup_stm32c031xx.o(.text) refers to __main.o(!!!main) for __main
    startup_stm32c031xx.o(.text) refers to startup_stm32c031xx.o(HEAP) for Heap_Mem
    startup_stm32c031xx.o(.text) refers to startup_stm32c031xx.o(STACK) for Stack_Mem
    led.o(.ARM.exidx.text.LED_Init) refers to led.o(.text.LED_Init) for [Anonymous Symbol]
    led.o(.text.LED_SetState) refers to stm32c0xx_hal_gpio.o(.text.HAL_GPIO_WritePin) for HAL_GPIO_WritePin
    led.o(.text.LED_SetState) refers to led.o(.text.LED_Toggle) for LED_Toggle
    led.o(.ARM.exidx.text.LED_SetState) refers to led.o(.text.LED_SetState) for [Anonymous Symbol]
    led.o(.text.LED_Toggle) refers to stm32c0xx_hal_gpio.o(.text.HAL_GPIO_TogglePin) for HAL_GPIO_TogglePin
    led.o(.ARM.exidx.text.LED_Toggle) refers to led.o(.text.LED_Toggle) for [Anonymous Symbol]
    led.o(.text.LED_ControlSequence) refers to led.o(.text.LED_SetState) for LED_SetState
    led.o(.text.LED_ControlSequence) refers to led.o(.bss.proc_sequence_phase) for [Anonymous Symbol]
    led.o(.text.LED_ControlSequence) refers to led.o(.bss.current_proc_led) for [Anonymous Symbol]
    led.o(.ARM.exidx.text.LED_ControlSequence) refers to led.o(.text.LED_ControlSequence) for [Anonymous Symbol]
    led.o(.text.toggle_LED_Alarm) refers to led.o(.text.LED_SetState) for LED_SetState
    led.o(.text.toggle_LED_Alarm) refers to led.o(.bss.toggle_LED_Alarm.toggle) for [Anonymous Symbol]
    led.o(.ARM.exidx.text.toggle_LED_Alarm) refers to led.o(.text.toggle_LED_Alarm) for [Anonymous Symbol]
    led.o(.text.update_H_LED_Breathe) refers to led.o(.data.update_H_LED_Breathe.breathe_direction) for [Anonymous Symbol]
    led.o(.text.update_H_LED_Breathe) refers to led.o(.bss.update_H_LED_Breathe.h_led_breathe_value) for [Anonymous Symbol]
    led.o(.text.update_H_LED_Breathe) refers to tim.o(.bss.htim14) for htim14
    led.o(.ARM.exidx.text.update_H_LED_Breathe) refers to led.o(.text.update_H_LED_Breathe) for [Anonymous Symbol]
    led.o(.text.update_L_LED_Breathe) refers to led.o(.data.update_L_LED_Breathe.breathe_direction) for [Anonymous Symbol]
    led.o(.text.update_L_LED_Breathe) refers to led.o(.bss.update_L_LED_Breathe.l_led_breathe_value) for [Anonymous Symbol]
    led.o(.text.update_L_LED_Breathe) refers to tim.o(.bss.htim17) for htim17
    led.o(.ARM.exidx.text.update_L_LED_Breathe) refers to led.o(.text.update_L_LED_Breathe) for [Anonymous Symbol]
    median_average_filtering.o(.text.MedianAverageFilter) refers to aeabi_sdiv.o(.text) for __aeabi_uidiv
    median_average_filtering.o(.ARM.exidx.text.MedianAverageFilter) refers to median_average_filtering.o(.text.MedianAverageFilter) for [Anonymous Symbol]
    adc_calc.o(.text.ADC_To_Voltage) refers to fflti.o(.text) for __aeabi_i2f
[...]
    __arm_cp.5_2                             0x080050a0   Number         4  tim.o(.text.MX_TIM17_Init)
    [Anonymous Symbol]                       0x080050a4   Section        0  tim.o(.text.MX_TIM1_Init)
    __arm_cp.0_1                             0x0800517c   Number         4  tim.o(.text.MX_TIM1_Init)
    [Anonymous Symbol]                       0x08005180   Section        0  tim.o(.text.MX_TIM3_Init)
    [Anonymous Symbol]                       0x08005240   Section        0  stm32c0xx_it.o(.text.NMI_Handler)
    [Anonymous Symbol]                       0x08005244   Section        0  stm32c0xx_it.o(.text.PendSV_Handler)
    [Anonymous Symbol]                       0x08005248   Section        0  segger_rtt.o(.text.SEGGER_RTT_PutChar)
    __arm_cp.17_0                            0x080052f4   Number         4  segger_rtt.o(.text.SEGGER_RTT_PutChar)
    [Anonymous Symbol]                       0x080052f8   Section        0  stm32c0xx_it.o(.text.SVC_Handler)
    SysTick_Config                           0x080052fd   Thumb Code    68  stm32c0xx_hal_cortex.o(.text.SysTick_Config)
    [Anonymous Symbol]                       0x080052fc   Section        0  stm32c0xx_hal_cortex.o(.text.SysTick_Config)
    __arm_cp.9_0                             0x08005340   Number         4  stm32c0xx_hal_cortex.o(.text.SysTick_Config)
    __arm_cp.9_1                             0x08005344   Number         4  stm32c0xx_hal_cortex.o(.text.SysTick_Config)
    __arm_cp.9_2                             0x08005348   Number         4  stm32c0xx_hal_cortex.o(.text.SysTick_Config)
    [Anonymous Symbol]                       0x0800534c   Section        0  stm32c0xx_it.o(.text.SysTick_Handler)
    [Anonymous Symbol]                       0x08005354   Section        0  main.o(.text.SystemClock_Config)
    [Anonymous Symbol]                       0x080053bc   Section        0  system_stm32c0xx.o(.text.SystemInit)
    __arm_cp.0_0                             0x080053c8   Number         4  system_stm32c0xx.o(.text.SystemInit)
    [Anonymous Symbol]                       0x080053cc   Section        0  stm32c0xx_it.o(.text.TIM14_IRQHandler)
    __arm_cp.10_0                            0x080053d8   Number         4  stm32c0xx_it.o(.text.TIM14_IRQHandler)
    [Anonymous Symbol]                       0x080053dc   Section        0  stm32c0xx_it.o(.text.TIM16_IRQHandler)
    __arm_cp.11_0                            0x080053e8   Number         4  stm32c0xx_it.o(.text.TIM16_IRQHandler)
    [Anonymous Symbol]                       0x080053ec   Section        0  stm32c0xx_it.o(.text.TIM17_IRQHandler)
    __arm_cp.12_0                            0x080053f8   Number         4  stm32c0xx_it.o(.text.TIM17_IRQHandler)
    [Anonymous Symbol]                       0x080053fc   Section        0  stm32c0xx_it.o(.text.TIM1_BRK_UP_TRG_COM_IRQHandler)
    [Anonymous Symbol]                       0x08005408   Section        0  stm32c0xx_it.o(.text.TIM1_CC_IRQHandler)
    __arm_cp.8_0                             0x08005414   Number         4  stm32c0xx_it.o(.text.TIM1_CC_IRQHandler)
    [Anonymous Symbol]                       0x08005418   Section        0  stm32c0xx_it.o(.text.TIM3_IRQHandler)
    __arm_cp.9_0                             0x08005424   Number         4  stm32c0xx_it.o(.text.TIM3_IRQHandler)
    [Anonymous Symbol]                       0x08005428   Section        0  stm32c0xx_hal_tim.o(.text.TIM_Base_SetConfig)
    __arm_cp.2_1                             0x08005514   Number         4  stm32c0xx_hal_tim.o(.text.TIM_Base_SetConfig)
    __arm_cp.2_2                             0x08005518   Number         4  stm32c0xx_hal_tim.o(.text.TIM_Base_SetConfig)
    TIM_OC1_SetConfig                        0x0800551d   Thumb Code   236  stm32c0xx_hal_tim.o(.text.TIM_OC1_SetConfig)
    [Anonymous Symbol]                       0x0800551c   Section        0  stm32c0xx_hal_tim.o(.text.TIM_OC1_SetConfig)
    [Anonymous Symbol]                       0x08005608   Section        0  stm32c0xx_hal_tim.o(.text.TIM_OC2_SetConfig)
    __arm_cp.75_1                            0x08005710   Number         4  stm32c0xx_hal_tim.o(.text.TIM_OC2_SetConfig)
    TIM_OC3_SetConfig                        0x08005715   Thumb Code   264  stm32c0xx_hal_tim.o(.text.TIM_OC3_SetConfig)
    [Anonymous Symbol]                       0x08005714   Section        0  stm32c0xx_hal_tim.o(.text.TIM_OC3_SetConfig)
    __arm_cp.76_0                            0x0800581c   Number         4  stm32c0xx_hal_tim.o(.text.TIM_OC3_SetConfig)
    __arm_cp.76_1                            0x08005820   Number         4  stm32c0xx_hal_tim.o(.text.TIM_OC3_SetConfig)
    __arm_cp.76_2                            0x08005824   Number         4  stm32c0xx_hal_tim.o(.text.TIM_OC3_SetConfig)
    __arm_cp.76_3                            0x08005828   Number         4  stm32c0xx_hal_tim.o(.text.TIM_OC3_SetConfig)
    TIM_OC4_SetConfig                        0x0800582d   Thumb Code   172  stm32c0xx_hal_tim.o(.text.TIM_OC4_SetConfig)
    [Anonymous Symbol]                       0x0800582c   Section        0  stm32c0xx_hal_tim.o(.text.TIM_OC4_SetConfig)
    __arm_cp.77_0                            0x080058d8   Number         4  stm32c0xx_hal_tim.o(.text.TIM_OC4_SetConfig)
    __arm_cp.77_1                            0x080058dc   Number         4  stm32c0xx_hal_tim.o(.text.TIM_OC4_SetConfig)
    __arm_cp.77_2                            0x080058e0   Number         4  stm32c0xx_hal_tim.o(.text.TIM_OC4_SetConfig)
    __arm_cp.77_3                            0x080058e4   Number         4  stm32c0xx_hal_tim.o(.text.TIM_OC4_SetConfig)
    TIM_OC5_SetConfig                        0x080058e9   Thumb Code   160  stm32c0xx_hal_tim.o(.text.TIM_OC5_SetConfig)
    [Anonymous Symbol]                       0x080058e8   Section        0  stm32c0xx_hal_tim.o(.text.TIM_OC5_SetConfig)
    __arm_cp.78_0                            0x08005988   Number         4  stm32c0xx_hal_tim.o(.text.TIM_OC5_SetConfig)
    __arm_cp.78_2                            0x0800598c   Number         4  stm32c0xx_hal_tim.o(.text.TIM_OC5_SetConfig)
    __arm_cp.78_3                            0x08005990   Number         4  stm32c0xx_hal_tim.o(.text.TIM_OC5_SetConfig)
    TIM_OC6_SetConfig                        0x08005995   Thumb Code   160  stm32c0xx_hal_tim.o(.text.TIM_OC6_SetConfig)
    [Anonymous Symbol]                       0x08005994   Section        0  stm32c0xx_hal_tim.o(.text.TIM_OC6_SetConfig)
    __arm_cp.79_0                            0x08005a34   Number         4  stm32c0xx_hal_tim.o(.text.TIM_OC6_SetConfig)
    __arm_cp.79_1                            0x08005a38   Number         4  stm32c0xx_hal_tim.o(.text.TIM_OC6_SetConfig)
    __arm_cp.79_2                            0x08005a3c   Number         4  stm32c0xx_hal_tim.o(.text.TIM_OC6_SetConfig)
    __arm_cp.79_3                            0x08005a40   Number         4  stm32c0xx_hal_tim.o(.text.TIM_OC6_SetConfig)
    [Anonymous Symbol]                       0x08005a44   Section        0  stm32c0xx_hal_tim.o(.text.TIM_TI1_SetConfig)
    __arm_cp.81_0                            0x08005adc   Number         4  stm32c0xx_hal_tim.o(.text.TIM_TI1_SetConfig)
    __arm_cp.81_1                            0x08005ae0   Number         4  stm32c0xx_hal_tim.o(.text.TIM_TI1_SetConfig)
    TIM_TI2_SetConfig                        0x08005ae5   Thumb Code   110  stm32c0xx_hal_tim.o(.text.TIM_TI2_SetConfig)
    [Anonymous Symbol]                       0x08005ae4   Section        0  stm32c0xx_hal_tim.o(.text.TIM_TI2_SetConfig)
    TIM_TI3_SetConfig                        0x08005b53   Thumb Code   108  stm32c0xx_hal_tim.o(.text.TIM_TI3_SetConfig)
    [Anonymous Symbol]                       0x08005b52   Section        0  stm32c0xx_hal_tim.o(.text.TIM_TI3_SetConfig)
    TIM_TI4_SetConfig                        0x08005bbf   Thumb Code   114  stm32c0xx_hal_tim.o(.text.TIM_TI4_SetConfig)
    [Anonymous Symbol]                       0x08005bbe   Section        0  stm32c0xx_hal_tim.o(.text.TIM_TI4_SetConfig)
    _DoInit                                  0x08005c31   Thumb Code   128  segger_rtt.o(.text._DoInit)
    [Anonymous Symbol]                       0x08005c30   Section        0  segger_rtt.o(.text._DoInit)
    __arm_cp.1_0                             0x08005cb0   Number         4  segger_rtt.o(.text._DoInit)
    __arm_cp.1_1                             0x08005cb4   Number         4  segger_rtt.o(.text._DoInit)
    __arm_cp.1_2                             0x08005cb8   Number         4  segger_rtt.o(.text._DoInit)
    __arm_cp.1_3                             0x08005cbc   Number         4  segger_rtt.o(.text._DoInit)
    __arm_cp.1_4                             0x08005cc0   Number         4  segger_rtt.o(.text._DoInit)
    __NVIC_EnableIRQ                         0x08005cc5   Thumb Code    40  stm32c0xx_hal_cortex.o(.text.__NVIC_EnableIRQ)
    [Anonymous Symbol]                       0x08005cc4   Section        0  stm32c0xx_hal_cortex.o(.text.__NVIC_EnableIRQ)
    __arm_cp.3_0                             0x08005cec   Number         4  stm32c0xx_hal_cortex.o(.text.__NVIC_EnableIRQ)
    __NVIC_SetPriority                       0x08005cf1   Thumb Code   124  stm32c0xx_hal_cortex.o(.text.__NVIC_SetPriority)
    [Anonymous Symbol]                       0x08005cf0   Section        0  stm32c0xx_hal_cortex.o(.text.__NVIC_SetPriority)
    __arm_cp.1_0                             0x08005d6c   Number         4  stm32c0xx_hal_cortex.o(.text.__NVIC_SetPriority)
    __arm_cp.1_1                             0x08005d70   Number         4  stm32c0xx_hal_cortex.o(.text.__NVIC_SetPriority)
    [Anonymous Symbol]                       0x08005d74   Section        0  retarget.o(.text._sys_exit)
    [Anonymous Symbol]                       0x08005d7c   Section        0  bsp_adc.o(.text.bsp_ADC_Start_DMA)
    __arm_cp.2_0                             0x08005d9c   Number         4  bsp_adc.o(.text.bsp_ADC_Start_DMA)
    __arm_cp.2_1                             0x08005da0   Number         4  bsp_adc.o(.text.bsp_ADC_Start_DMA)
    [Anonymous Symbol]                       0x08005da4   Section        0  retarget.o(.text.ferror)
    [Anonymous Symbol]                       0x08005db0   Section        0  retarget.o(.text.fputc)
    [Anonymous Symbol]                       0x08005dc8   Section        0  main.o(.text.main)
    __arm_cp.0_0                             0x08005e1c   Number         4  main.o(.text.main)
    __arm_cp.0_1                             0x08005e20   Number         4  main.o(.text.main)
    __arm_cp.0_2                             0x08005e24   Number         4  main.o(.text.main)
    i.__ARM_common_ll_muluu                  0x08005e28   Section        0  btod.o(i.__ARM_common_ll_muluu)
    i.__ARM_fpclassify                       0x08005e58   Section        0  fpclassify.o(i.__ARM_fpclassify)
    i._is_digit                              0x08005e84   Section        0  __printf_wp.o(i._is_digit)
    locale$$code                             0x08005e94   Section       44  lc_numeric_c.o(locale$$code)
    locale$$code                             0x08005ec0   Section       44  lc_ctype_c.o(locale$$code)
    x$fpl$printf1                            0x08005eec   Section       16  printf1.o(x$fpl$printf1)
    x$fpl$printf2                            0x08005efc   Section       16  printf2.o(x$fpl$printf2)
    initial_mbstate                          0x08005f0c   Data           8  _printf_wctomb.o(.constdata)
    .constdata                               0x08005f0c   Section        8  _printf_wctomb.o(.constdata)
    x$fpl$usenofp                            0x08005f0c   Section        0  usenofp.o(x$fpl$usenofp)
    uc_hextab                                0x08005f14   Data          20  _printf_hex_int_ll_ptr.o(.constdata)
    .constdata                               0x08005f14   Section       40  _printf_hex_int_ll_ptr.o(.constdata)
    lc_hextab                                0x08005f28   Data          20  _printf_hex_int_ll_ptr.o(.constdata)
    maptable                                 0x08005f3c   Data          17  __printf_flags_ss_wp.o(.constdata)
    .constdata                               0x08005f3c   Section       17  __printf_flags_ss_wp.o(.constdata)
    lc_hextab                                0x08005f4d   Data          19  _printf_fp_hex.o(.constdata)
    .constdata                               0x08005f4d   Section       38  _printf_fp_hex.o(.constdata)
    uc_hextab                                0x08005f60   Data          19  _printf_fp_hex.o(.constdata)
    tenpwrs_x                                0x08005f74   Data          60  bigflt0.o(.constdata)
    .constdata                               0x08005f74   Section      148  bigflt0.o(.constdata)
    tenpwrs_i                                0x08005fb0   Data          64  bigflt0.o(.constdata)
    _DoInit._aInitStr                        0x08006048   Data          17  segger_rtt.o(.rodata._DoInit._aInitStr)
    [Anonymous Symbol]                       0x08006048   Section        0  segger_rtt.o(.rodata._DoInit._aInitStr)
    [Anonymous Symbol]                       0x08006059   Section        0  main.o(.rodata.str1.1)
    [Anonymous Symbol]                       0x08006074   Section        0  segger_rtt.o(.rodata.str1.1)
    locale$$data                             0x080060a0   Section       28  lc_numeric_c.o(locale$$data)
    __lcnum_c_name                           0x080060a4   Data           2  lc_numeric_c.o(locale$$data)
    __lcnum_c_start                          0x080060ac   Data           0  lc_numeric_c.o(locale$$data)
    __lcnum_c_point                          0x080060b8   Data           0  lc_numeric_c.o(locale$$data)
    __lcnum_c_thousands                      0x080060ba   Data           0  lc_numeric_c.o(locale$$data)
    __lcnum_c_grouping                       0x080060bb   Data           0  lc_numeric_c.o(locale$$data)
    __lcnum_c_end                            0x080060bc   Data           0  lc_numeric_c.o(locale$$data)
    locale$$data                             0x080060bc   Section      272  lc_ctype_c.o(locale$$data)
    __lcctype_c_name                         0x080060c0   Data           2  lc_ctype_c.o(locale$$data)
    __lcctype_c_start                        0x080060c8   Data           0  lc_ctype_c.o(locale$$data)
    __lcctype_c_end                          0x080061cc   Data           0  lc_ctype_c.o(locale$$data)
    .bss                                     0x20000010   Section       96  libspace.o(.bss)
    _acDownBuffer                            0x2000016c   Data          16  segger_rtt.o(.bss._acDownBuffer)
    [Anonymous Symbol]                       0x2000016c   Section        0  segger_rtt.o(.bss._acDownBuffer)
    _acUpBuffer                              0x2000017c   Data        1024  segger_rtt.o(.bss._acUpBuffer)
    [Anonymous Symbol]                       0x2000017c   Section        0  segger_rtt.o(.bss._acUpBuffer)
    gAdcResBuf                               0x20000580   Data         256  bsp_adc.o(.bss.gAdcResBuf)
    [Anonymous Symbol]                       0x20000580   Section        0  bsp_adc.o(.bss.gAdcResBuf)
    Heap_Mem                                 0x200008c0   Data         512  startup_stm32c031xx.o(HEAP)
    HEAP                                     0x200008c0   Section      512  startup_stm32c031xx.o(HEAP)
    Stack_Mem                                0x20000ac0   Data        1024  startup_stm32c031xx.o(STACK)
    STACK                                    0x20000ac0   Section     1024  startup_stm32c031xx.o(STACK)
    __initial_sp                             0x20000ec0   Data           0  startup_stm32c031xx.o(STACK)

    Global Symbols

    Symbol Name                              Value     Ov Type        Size  Object(Section)

    BuildAttributes$$THM_ISAv3M$S$PE$A:L22$X:L11$S22$IEEE1$IW$~IW$USESV6$~STKCKD$USESV7$~SHL$OTIME$ROPI$IEEEJ$EBA8$UX$STANDARDLIB$REQ8$PRES8$EABIv2 0x00000000   Number         0  anon$$obj.o ABSOLUTE
    _printf_flags                            0x00000000   Number         0  printf_stubs.o ABSOLUTE
    _printf_return_value                     0x00000000   Number         0  printf_stubs.o ABSOLUTE
    _printf_sizespec                         0x00000000   Number         0  printf_stubs.o ABSOLUTE
    _printf_widthprec                        0x00000000   Number         0  printf_stubs.o ABSOLUTE
    __ARM_exceptions_init                     - Undefined Weak Reference
    __alloca_initialize                       - Undefined Weak Reference
    __arm_preinit_                            - Undefined Weak Reference
    __arm_relocate_pie_                       - Undefined Weak Reference
    __cpp_initialize__aeabi_                  - Undefined Weak Reference
    __cxa_finalize                            - Undefined Weak Reference
    __sigvec_lookup                           - Undefined Weak Reference
    _atexit_init                              - Undefined Weak Reference
    _call_atexit_fns                          - Undefined Weak Reference
    _clock_init                               - Undefined Weak Reference
    _fp_trap_init                             - Undefined Weak Reference
    _fp_trap_shutdown                         - Undefined Weak Reference
    _get_lc_collate                           - Undefined Weak Reference
    _get_lc_monetary                          - Undefined Weak Reference
    _get_lc_time                              - Undefined Weak Reference
    _getenv_init                              - Undefined Weak Reference
    _handle_redirection                       - Undefined Weak Reference
    _init_alloc                               - Undefined Weak Reference
    _init_user_alloc                          - Undefined Weak Reference
    _initio                                   - Undefined Weak Reference
    _printf_mbtowc                            - Undefined Weak Reference
    _printf_wc                                - Undefined Weak Reference
    _rand_init                                - Undefined Weak Reference
    _signal_finish                            - Undefined Weak Reference
    _signal_init                              - Undefined Weak Reference
    _terminate_alloc                          - Undefined Weak Reference
    _terminate_user_alloc                     - Undefined Weak Reference
    _terminateio                              - Undefined Weak Reference
    __Vectors_Size                           0x000000c0   Number         0  startup_stm32c031xx.o ABSOLUTE
    __Vectors                                0x08000000   Data           4  startup_stm32c031xx.o(RESET)
    __Vectors_End                            0x080000c0   Data           0  startup_stm32c031xx.o(RESET)
    __main                                   0x080000c1   Thumb Code     8  __main.o(!!!main)
    __scatterload                            0x080000c9   Thumb Code     0  __scatter.o(!!!scatter)
    __scatterload_rt2                        0x080000c9   Thumb Code    74  __scatter.o(!!!scatter)
    __scatterload_rt2_thumb_only             0x080000c9   Thumb Code     0  __scatter.o(!!!scatter)
    __scatterload_loop                       0x080000d3   Thumb Code     0  __scatter.o(!!!scatter)
    __scatterload_copy                       0x0800011d   Thumb Code    26  __scatter_copy.o(!!handler_copy)
    __scatterload_null                       0x08000139   Thumb Code     2  __scatter.o(!!handler_null)
    __scatterload_zeroinit                   0x0800013d   Thumb Code    28  __scatter_zi.o(!!handler_zi)
    _printf_percent                          0x08000159   Thumb Code     0  _printf_percent.o(.ARM.Collect$$_printf_percent$$00000000)
    _printf_n                                0x0800015b   Thumb Code     0  _printf_n.o(.ARM.Collect$$_printf_percent$$00000001)
    _printf_p                                0x08000165   Thumb Code     0  _printf_p.o(.ARM.Collect$$_printf_percent$$00000002)
    _printf_f                                0x0800016f   Thumb Code     0  _printf_f.o(.ARM.Collect$$_printf_percent$$00000003)
    _printf_e                                0x08000179   Thumb Code     0  _printf_e.o(.ARM.Collect$$_printf_percent$$00000004)
    _printf_g                                0x08000183   Thumb Code     0  _printf_g.o(.ARM.Collect$$_printf_percent$$00000005)
    _printf_a                                0x0800018d   Thumb Code     0  _printf_a.o(.ARM.Collect$$_printf_percent$$00000006)
    _printf_ll                               0x08000197   Thumb Code     0  _printf_ll.o(.ARM.Collect$$_printf_percent$$00000007)
    _printf_i                                0x080001a1   Thumb Code     0  _printf_i.o(.ARM.Collect$$_printf_percent$$00000008)
    _printf_d                                0x080001ab   Thumb Code     0  _printf_d.o(.ARM.Collect$$_printf_percent$$00000009)
    _printf_u                                0x080001b5   Thumb Code     0  _printf_u.o(.ARM.Collect$$_printf_percent$$0000000A)
    _printf_o                                0x080001bf   Thumb Code     0  _printf_o.o(.ARM.Collect$$_printf_percent$$0000000B)
    _printf_x                                0x080001c9   Thumb Code     0  _printf_x.o(.ARM.Collect$$_printf_percent$$0000000C)
    _printf_lli                              0x080001d3   Thumb Code     0  _printf_lli.o(.ARM.Collect$$_printf_percent$$0000000D)
    _printf_lld                              0x080001dd   Thumb Code     0  _printf_lld.o(.ARM.Collect$$_printf_percent$$0000000E)
    _printf_llu                              0x080001e7   Thumb Code     0  _printf_llu.o(.ARM.Collect$$_printf_percent$$0000000F)
    _printf_llo                              0x080001f1   Thumb Code     0  _printf_llo.o(.ARM.Collect$$_printf_percent$$00000010)
    _printf_llx                              0x080001fb   Thumb Code     0  _printf_llx.o(.ARM.Collect$$_printf_percent$$00000011)
    _printf_l                                0x08000205   Thumb Code     0  _printf_l.o(.ARM.Collect$$_printf_percent$$00000012)
    _printf_c                                0x0800020f   Thumb Code     0  _printf_c.o(.ARM.Collect$$_printf_percent$$00000013)
    _printf_s                                0x08000219   Thumb Code     0  _printf_s.o(.ARM.Collect$$_printf_percent$$00000014)
    _printf_lc                               0x08000223   Thumb Code     0  _printf_lc.o(.ARM.Collect$$_printf_percent$$00000015)
    _printf_ls                               0x0800022d   Thumb Code     0  _printf_ls.o(.ARM.Collect$$_printf_percent$$00000016)
    _printf_percent_end                      0x08000237   Thumb Code     0  _printf_percent_end.o(.ARM.Collect$$_printf_percent$$00000017)
    __rt_lib_init                            0x0800023b   Thumb Code     0  libinit.o(.ARM.Collect$$libinit$$00000000)
    __rt_lib_init_fp_1                       0x0800023d   Thumb Code     0  libinit2.o(.ARM.Collect$$libinit$$00000002)
    __rt_lib_init_heap_1                     0x0800023d   Thumb Code     0  libinit2.o(.ARM.Collect$$libinit$$0000000C)
    __rt_lib_init_lc_common                  0x0800023d   Thumb Code     0  libinit2.o(.ARM.Collect$$libinit$$00000011)
    __rt_lib_init_preinit_1                  0x0800023d   Thumb Code     0  libinit2.o(.ARM.Collect$$libinit$$00000006)
    __rt_lib_init_rand_1                     0x0800023d   Thumb Code     0  libinit2.o(.ARM.Collect$$libinit$$00000010)
    __rt_lib_init_relocate_pie_1             0x0800023d   Thumb Code     0  libinit2.o(.ARM.Collect$$libinit$$00000004)
    __rt_lib_init_user_alloc_1               0x0800023d   Thumb Code     0  libinit2.o(.ARM.Collect$$libinit$$0000000E)
    __rt_lib_init_lc_collate_1               0x08000243   Thumb Code     0  libinit2.o(.ARM.Collect$$libinit$$00000013)
    __rt_lib_init_lc_ctype_2                 0x08000243   Thumb Code     0  libinit2.o(.ARM.Collect$$libinit$$00000014)
    __rt_lib_init_lc_ctype_1                 0x0800024f   Thumb Code     0  libinit2.o(.ARM.Collect$$libinit$$00000015)
    __rt_lib_init_lc_monetary_1              0x0800024f   Thumb Code     0  libinit2.o(.ARM.Collect$$libinit$$00000017)
    __rt_lib_init_lc_numeric_2               0x0800024f   Thumb Code     0  libinit2.o(.ARM.Collect$$libinit$$00000018)
    __rt_lib_init_alloca_1                   0x08000259   Thumb Code     0  libinit2.o(.ARM.Collect$$libinit$$00000030)
    __rt_lib_init_argv_1                     0x08000259   Thumb Code     0  libinit2.o(.ARM.Collect$$libinit$$0000002E)
    __rt_lib_init_atexit_1                   0x08000259   Thumb Code     0  libinit2.o(.ARM.Collect$$libinit$$0000001D)
    __rt_lib_init_clock_1                    0x08000259   Thumb Code     0  libinit2.o(.ARM.Collect$$libinit$$00000023)
    __rt_lib_init_cpp_1                      0x08000259   Thumb Code     0  libinit2.o(.ARM.Collect$$libinit$$00000034)
    __rt_lib_init_exceptions_1               0x08000259   Thumb Code     0  libinit2.o(.ARM.Collect$$libinit$$00000032)
    __rt_lib_init_fp_trap_1                  0x08000259   Thumb Code     0  libinit2.o(.ARM.Collect$$libinit$$00000021)
    __rt_lib_init_getenv_1                   0x08000259   Thumb Code     0  libinit2.o(.ARM.Collect$$libinit$$00000025)
    __rt_lib_init_lc_numeric_1               0x08000259   Thumb Code     0  libinit2.o(.ARM.Collect$$libinit$$00000019)
    __rt_lib_init_lc_time_1                  0x08000259   Thumb Code     0  libinit2.o(.ARM.Collect$$libinit$$0000001B)
    __rt_lib_init_return                     0x08000259   Thumb Code     0  libinit2.o(.ARM.Collect$$libinit$$00000035)
    __rt_lib_init_signal_1                   0x08000259   Thumb Code     0  libinit2.o(.ARM.Collect$$libinit$$0000001F)
    __rt_lib_init_stdio_1                    0x08000259   Thumb Code     0  libinit2.o(.ARM.Collect$$libinit$$00000027)
    __rt_lib_shutdown                        0x0800025b   Thumb Code     0  libshutdown.o(.ARM.Collect$$libshutdown$$00000000)
    __rt_lib_shutdown_cpp_1                  0x0800025d   Thumb Code     0  libshutdown2.o(.ARM.Collect$$libshutdown$$00000002)
    __rt_lib_shutdown_fp_trap_1              0x0800025d   Thumb Code     0  libshutdown2.o(.ARM.Collect$$libshutdown$$00000007)
    __rt_lib_shutdown_heap_1                 0x0800025d   Thumb Code     0  libshutdown2.o(.ARM.Collect$$libshutdown$$0000000F)
    __rt_lib_shutdown_return                 0x0800025d   Thumb Code     0  libshutdown2.o(.ARM.Collect$$libshutdown$$00000010)
    __rt_lib_shutdown_signal_1               0x0800025d   Thumb Code     0  libshutdown2.o(.ARM.Collect$$libshutdown$$0000000A)
    __rt_lib_shutdown_stdio_1                0x0800025d   Thumb Code     0  libshutdown2.o(.ARM.Collect$$libshutdown$$00000004)
    __rt_lib_shutdown_user_alloc_1           0x0800025d   Thumb Code     0  libshutdown2.o(.ARM.Collect$$libshutdown$$0000000C)
    __rt_entry                               0x0800025f   Thumb Code     0  __rtentry.o(.ARM.Collect$$rtentry$$00000000)
    __rt_entry_presh_1                       0x0800025f   Thumb Code     0  __rtentry2.o(.ARM.Collect$$rtentry$$00000002)
    __rt_entry_sh                            0x0800025f   Thumb Code     0  __rtentry4.o(.ARM.Collect$$rtentry$$00000004)
    __rt_entry_li                            0x08000265   Thumb Code     0  __rtentry2.o(.ARM.Collect$$rtentry$$0000000A)
    __rt_entry_postsh_1                      0x08000265   Thumb Code     0  __rtentry2.o(.ARM.Collect$$rtentry$$00000009)
    __rt_entry_main                          0x08000269   Thumb Code     0  __rtentry2.o(.ARM.Collect$$rtentry$$0000000D)
    __rt_entry_postli_1                      0x08000269   Thumb Code     0  __rtentry2.o(.ARM.Collect$$rtentry$$0000000C)
    __rt_exit                                0x08000271   Thumb Code     0  rtexit.o(.ARM.Collect$$rtexit$$00000000)
    __rt_exit_ls                             0x08000273   Thumb Code     0  rtexit2.o(.ARM.Collect$$rtexit$$00000003)
    __rt_exit_prels_1                        0x08000273   Thumb Code     0  rtexit2.o(.ARM.Collect$$rtexit$$00000002)
    __rt_exit_exit                           0x08000277   Thumb Code     0  rtexit2.o(.ARM.Collect$$rtexit$$00000004)
    Reset_Handler                            0x0800027d   Thumb Code     8  startup_stm32c031xx.o(.text)
    DMA1_Channel2_3_IRQHandler               0x0800028f   Thumb Code     0  startup_stm32c031xx.o(.text)
    DMAMUX1_IRQHandler                       0x0800028f   Thumb Code     0  startup_stm32c031xx.o(.text)
    EXTI0_1_IRQHandler                       0x0800028f   Thumb Code     0  startup_stm32c031xx.o(.text)
    EXTI2_3_IRQHandler                       0x0800028f   Thumb Code     0  startup_stm32c031xx.o(.text)
    EXTI4_15_IRQHandler                      0x0800028f   Thumb Code     0  startup_stm32c031xx.o(.text)
    FLASH_IRQHandler                         0x0800028f   Thumb Code     0  startup_stm32c031xx.o(.text)
    I2C1_IRQHandler                          0x0800028f   Thumb Code     0  startup_stm32c031xx.o(.text)
    RCC_IRQHandler                           0x0800028f   Thumb Code     0  startup_stm32c031xx.o(.text)
    RTC_IRQHandler                           0x0800028f   Thumb Code     0  startup_stm32c031xx.o(.text)
    SPI1_IRQHandler                          0x0800028f   Thumb Code     0  startup_stm32c031xx.o(.text)
    USART1_IRQHandler                        0x0800028f   Thumb Code     0  startup_stm32c031xx.o(.text)
    USART2_IRQHandler                        0x0800028f   Thumb Code     0  startup_stm32c031xx.o(.text)
    WWDG_IRQHandler                          0x0800028f   Thumb Code     0  startup_stm32c031xx.o(.text)
    __user_initial_stackheap                 0x08000291   Thumb Code     0  startup_stm32c031xx.o(.text)
    printf                                   0x080002b5   Thumb Code    22  printf.o(.text)
    _memset_w                                0x080002d1   Thumb Code    26  rt_memclr.o(.text)
    _memset                                  0x080002eb   Thumb Code    30  rt_memclr.o(.text)
    __aeabi_memclr                           0x08000309   Thumb Code     4  rt_memclr.o(.text)
    __rt_memclr                              0x08000309   Thumb Code     0  rt_memclr.o(.text)
    __aeabi_memclr4                          0x0800030d   Thumb Code     0  rt_memclr.o(.text)
    __aeabi_memclr8                          0x0800030d   Thumb Code     0  rt_memclr.o(.text)
    __rt_memclr_w                            0x0800030d   Thumb Code     4  rt_memclr.o(.text)
    __aeabi_uidiv                            0x08000311   Thumb Code     0  aeabi_sdiv.o(.text)
    __aeabi_uidivmod                         0x08000311   Thumb Code    20  aeabi_sdiv.o(.text)
    __aeabi_idiv                             0x08000325   Thumb Code     0  aeabi_sdiv.o(.text)
    __aeabi_idivmod                          0x08000325   Thumb Code   338  aeabi_sdiv.o(.text)
    __use_two_region_memory                  0x0800047d   Thumb Code     2  heapauxi.o(.text)
    __rt_heap_escrow$2region                 0x0800047f   Thumb Code     2  heapauxi.o(.text)
    __rt_heap_expand$2region                 0x08000481   Thumb Code     2  heapauxi.o(.text)
    _printf_pre_padding                      0x08000483   Thumb Code    44  _printf_pad.o(.text)
    _printf_post_padding                     0x080004af   Thumb Code    34  _printf_pad.o(.text)
    _printf_truncate_signed                  0x080004d1   Thumb Code    18  _printf_truncate.o(.text)
    _printf_truncate_unsigned                0x080004e3   Thumb Code    18  _printf_truncate.o(.text)
    _printf_str                              0x080004f5   Thumb Code    82  _printf_str.o(.text)
    _printf_int_dec                          0x08000549   Thumb Code    90  _printf_dec.o(.text)
    _printf_charcount                        0x080005b5   Thumb Code    38  _printf_charcount.o(.text)
    _printf_char_file                        0x080005dd   Thumb Code    34  _printf_char_file.o(.text)
    _printf_wctomb                           0x08000605   Thumb Code   182  _printf_wctomb.o(.text)
    _printf_longlong_dec                     0x080006c1   Thumb Code    94  _printf_longlong_dec.o(.text)
    _printf_longlong_oct                     0x08000731   Thumb Code    68  _printf_oct_int_ll.o(.text)
    _printf_int_oct                          0x08000775   Thumb Code    24  _printf_oct_int_ll.o(.text)
    _printf_ll_oct                           0x0800078d   Thumb Code    10  _printf_oct_int_ll.o(.text)
    _printf_longlong_hex                     0x080007a1   Thumb Code    88  _printf_hex_int_ll_ptr.o(.text)
    _printf_int_hex                          0x080007f9   Thumb Code    28  _printf_hex_int_ll_ptr.o(.text)
    _printf_ll_hex                           0x08000815   Thumb Code    10  _printf_hex_int_ll_ptr.o(.text)
    _printf_hex_ptr                          0x0800081f   Thumb Code    22  _printf_hex_int_ll_ptr.o(.text)
    __printf                                 0x08000839   Thumb Code   386  __printf_flags_ss_wp.o(.text)
    _ll_udiv10                               0x080009c1   Thumb Code   122  lludiv10.o(.text)
    _printf_int_common                       0x08000a3b   Thumb Code   176  _printf_intcommon.o(.text)
    _printf_fp_dec_real                      0x08000c89   Thumb Code   620  _printf_fp_dec.o(.text)
    _printf_fp_hex_real                      0x08000f01   Thumb Code   718  _printf_fp_hex.o(.text)
    _printf_char_common                      0x080011e3   Thumb Code    32  _printf_char_common.o(.text)
    _printf_cs_common                        0x08001209   Thumb Code    22  _printf_char.o(.text)
    _printf_char                             0x0800121f   Thumb Code    16  _printf_char.o(.text)
    _printf_string                           0x0800122f   Thumb Code     8  _printf_char.o(.text)
    _printf_lcs_common                       0x08001237   Thumb Code    22  _printf_wchar.o(.text)
    _printf_wchar                            0x0800124d   Thumb Code    16  _printf_wchar.o(.text)
    _printf_wstring                          0x0800125d   Thumb Code     8  _printf_wchar.o(.text)
    _c16rtomb                                0x08001265   Thumb Code    66  _c16rtomb.o(.text)
    _wcrtomb                                 0x08001265   Thumb Code     0  _c16rtomb.o(.text)
    __rt_udiv10                              0x080012a7   Thumb Code    40  rtudiv10.o(.text)
    __user_setup_stackheap                   0x080012cf   Thumb Code    62  sys_stackheap_outer.o(.text)
    __rt_ctype_table                         0x0800130d   Thumb Code    16  rt_ctype_table.o(.text)
    __rt_locale                              0x0800131d   Thumb Code     8  rt_locale_intlibspace.o(.text)
    _printf_fp_infnan                        0x08001325   Thumb Code   120  _printf_fp_infnan.o(.text)
    _btod_etento                             0x080013ad   Thumb Code   210  bigflt0.o(.text)
    _btod_d2e                                0x08001485   Thumb Code    64  btod.o(.text)
    _btod_emul                               0x080018b9   Thumb Code    28  btod.o(.text)
    _btod_emuld                              0x080018d5   Thumb Code   144  btod.o(.text)
    _btod_ediv                               0x08001965   Thumb Code    26  btod.o(.text)
    _btod_edivd                              0x0800197f   Thumb Code   124  btod.o(.text)
    exit                                     0x08001a05   Thumb Code    16  exit.o(.text)
    __user_libspace                          0x08001a15   Thumb Code     8  libspace.o(.text)
    __user_perproc_libspace                  0x08001a15   Thumb Code     0  libspace.o(.text)
    __user_perthread_libspace                0x08001a15   Thumb Code     0  libspace.o(.text)
    strcmp                                   0x08001a1d   Thumb Code   132  strcmp.o(.text)
    ADC1_IRQHandler                          0x08001aa5   Thumb Code    12  stm32c0xx_it.o(.text.ADC1_IRQHandler)
    ADC_Disable                              0x08001bb3   Thumb Code   180  stm32c0xx_hal_adc.o(.text.ADC_Disable)
    ADC_Enable                               0x08001c69   Thumb Code   240  stm32c0xx_hal_adc.o(.text.ADC_Enable)
    DMA1_Channel1_IRQHandler                 0x08001d65   Thumb Code    12  stm32c0xx_it.o(.text.DMA1_Channel1_IRQHandler)
    Error_Handler                            0x08001e69   Thumb Code     6  main.o(.text.Error_Handler)
    HAL_ADCEx_Calibration_Start              0x08001e71   Thumb Code   488  stm32c0xx_hal_adc_ex.o(.text.HAL_ADCEx_Calibration_Start)
    HAL_ADCEx_ChannelConfigReadyCallback     0x08002065   Thumb Code     8  stm32c0xx_hal_adc_ex.o(.text.HAL_ADCEx_ChannelConfigReadyCallback)
    HAL_ADCEx_EndOfSamplingCallback          0x0800206d   Thumb Code     8  stm32c0xx_hal_adc_ex.o(.text.HAL_ADCEx_EndOfSamplingCallback)
    HAL_ADCEx_LevelOutOfWindow2Callback      0x08002075   Thumb Code     8  stm32c0xx_hal_adc_ex.o(.text.HAL_ADCEx_LevelOutOfWindow2Callback)
    HAL_ADCEx_LevelOutOfWindow3Callback      0x0800207d   Thumb Code     8  stm32c0xx_hal_adc_ex.o(.text.HAL_ADCEx_LevelOutOfWindow3Callback)
    HAL_ADC_ADCReadyCallback                 0x08002085   Thumb Code     8  stm32c0xx_hal_adc.o(.text.HAL_ADC_ADCReadyCallback)
    HAL_ADC_CalibrationCpltCallback          0x0800208d   Thumb Code     8  stm32c0xx_hal_adc.o(.text.HAL_ADC_CalibrationCpltCallback)
    HAL_ADC_ConfigChannel                    0x08002095   Thumb Code  1144  stm32c0xx_hal_adc.o(.text.HAL_ADC_ConfigChannel)
    HAL_ADC_ConvCpltCallback                 0x08002525   Thumb Code   108  bsp_adc.o(.text.HAL_ADC_ConvCpltCallback)
    HAL_ADC_ConvHalfCpltCallback             0x08002591   Thumb Code   108  bsp_adc.o(.text.HAL_ADC_ConvHalfCpltCallback)
    HAL_ADC_ErrorCallback                    0x08002605   Thumb Code     8  stm32c0xx_hal_adc.o(.text.HAL_ADC_ErrorCallback)
    HAL_ADC_IRQHandler                       0x0800260d   Thumb Code   720  stm32c0xx_hal_adc.o(.text.HAL_ADC_IRQHandler)
    HAL_ADC_Init                             0x080028dd   Thumb Code   820  stm32c0xx_hal_adc.o(.text.HAL_ADC_Init)
    HAL_ADC_LevelOutOfWindowCallback         0x08002c29   Thumb Code     8  stm32c0xx_hal_adc.o(.text.HAL_ADC_LevelOutOfWindowCallback)
    HAL_ADC_MspInit                          0x08002c31   Thumb Code   284  adc.o(.text.HAL_ADC_MspInit)
    HAL_ADC_Start_DMA                        0x08002d65   Thumb Code   268  stm32c0xx_hal_adc.o(.text.HAL_ADC_Start_DMA)
    HAL_DMA_IRQHandler                       0x08002e81   Thumb Code   360  stm32c0xx_hal_dma.o(.text.HAL_DMA_IRQHandler)
    HAL_DMA_Init                             0x08002ff1   Thumb Code   248  stm32c0xx_hal_dma.o(.text.HAL_DMA_Init)
    HAL_DMA_Start_IT                         0x080030f1   Thumb Code   270  stm32c0xx_hal_dma.o(.text.HAL_DMA_Start_IT)
    HAL_Delay                                0x08003201   Thumb Code    64  stm32c0xx_hal.o(.text.HAL_Delay)
    HAL_GPIO_Init                            0x08003241   Thumb Code   728  stm32c0xx_hal_gpio.o(.text.HAL_GPIO_Init)
    HAL_GPIO_WritePin                        0x0800353d   Thumb Code    44  stm32c0xx_hal_gpio.o(.text.HAL_GPIO_WritePin)
    HAL_GetTick                              0x08003569   Thumb Code     8  stm32c0xx_hal.o(.text.HAL_GetTick)
    HAL_IncTick                              0x08003571   Thumb Code    16  stm32c0xx_hal.o(.text.HAL_IncTick)
    HAL_Init                                 0x08003589   Thumb Code    44  stm32c0xx_hal.o(.text.HAL_Init)
    HAL_InitTick                             0x080035b5   Thumb Code   120  stm32c0xx_hal.o(.text.HAL_InitTick)
    HAL_MspInit                              0x08003639   Thumb Code    52  stm32c0xx_hal_msp.o(.text.HAL_MspInit)
    HAL_NVIC_EnableIRQ                       0x08003671   Thumb Code    22  stm32c0xx_hal_cortex.o(.text.HAL_NVIC_EnableIRQ)
    HAL_NVIC_SetPriority                     0x08003687   Thumb Code    28  stm32c0xx_hal_cortex.o(.text.HAL_NVIC_SetPriority)
    HAL_RCCEx_PeriphCLKConfig                0x080036a5   Thumb Code   432  stm32c0xx_hal_rcc_ex.o(.text.HAL_RCCEx_PeriphCLKConfig)
    HAL_RCC_ClockConfig                      0x0800385d   Thumb Code   560  stm32c0xx_hal_rcc.o(.text.HAL_RCC_ClockConfig)
    HAL_RCC_GetSysClockFreq                  0x08003aa9   Thumb Code   156  stm32c0xx_hal_rcc.o(.text.HAL_RCC_GetSysClockFreq)
    HAL_RCC_OscConfig                        0x08003b55   Thumb Code  1024  stm32c0xx_hal_rcc.o(.text.HAL_RCC_OscConfig)
    HAL_SYSTICK_Config                       0x08003f7d   Thumb Code    16  stm32c0xx_hal_cortex.o(.text.HAL_SYSTICK_Config)
    HAL_TIMEx_Break2Callback                 0x08003f8d   Thumb Code     8  stm32c0xx_hal_tim_ex.o(.text.HAL_TIMEx_Break2Callback)
    HAL_TIMEx_BreakCallback                  0x08003f95   Thumb Code     8  stm32c0xx_hal_tim_ex.o(.text.HAL_TIMEx_BreakCallback)
    HAL_TIMEx_CommutCallback                 0x08003f9d   Thumb Code     8  stm32c0xx_hal_tim_ex.o(.text.HAL_TIMEx_CommutCallback)
    HAL_TIMEx_ConfigBreakDeadTime            0x08003fa5   Thumb Code   292  stm32c0xx_hal_tim_ex.o(.text.HAL_TIMEx_ConfigBreakDeadTime)
    HAL_TIMEx_MasterConfigSynchronization    0x080040c9   Thumb Code   212  stm32c0xx_hal_tim_ex.o(.text.HAL_TIMEx_MasterConfigSynchronization)
    HAL_TIM_Base_Init                        0x080041a5   Thumb Code   170  stm32c0xx_hal_tim.o(.text.HAL_TIM_Base_Init)
    HAL_TIM_Base_MspInit                     0x08004251   Thumb Code   184  tim.o(.text.HAL_TIM_Base_MspInit)
    HAL_TIM_IC_CaptureCallback               0x08004319   Thumb Code     8  stm32c0xx_hal_tim.o(.text.HAL_TIM_IC_CaptureCallback)
    HAL_TIM_IC_ConfigChannel                 0x08004321   Thumb Code   308  stm32c0xx_hal_tim.o(.text.HAL_TIM_IC_ConfigChannel)
    HAL_TIM_IC_Init                          0x08004455   Thumb Code   170  stm32c0xx_hal_tim.o(.text.HAL_TIM_IC_Init)
    HAL_TIM_IC_MspInit                       0x080044ff   Thumb Code     8  stm32c0xx_hal_tim.o(.text.HAL_TIM_IC_MspInit)
    HAL_TIM_IRQHandler                       0x08004509   Thumb Code   604  stm32c0xx_hal_tim.o(.text.HAL_TIM_IRQHandler)
    HAL_TIM_MspPostInit                      0x0800476d   Thumb Code   152  tim.o(.text.HAL_TIM_MspPostInit)
    HAL_TIM_OC_DelayElapsedCallback          0x08004811   Thumb Code     8  stm32c0xx_hal_tim.o(.text.HAL_TIM_OC_DelayElapsedCallback)
    HAL_TIM_PWM_ConfigChannel                0x08004819   Thumb Code   504  stm32c0xx_hal_tim.o(.text.HAL_TIM_PWM_ConfigChannel)
    HAL_TIM_PWM_Init                         0x08004a11   Thumb Code   170  stm32c0xx_hal_tim.o(.text.HAL_TIM_PWM_Init)
    HAL_TIM_PWM_MspInit                      0x08004abd   Thumb Code   208  tim.o(.text.HAL_TIM_PWM_MspInit)
    HAL_TIM_PWM_PulseFinishedCallback        0x08004ba5   Thumb Code     8  stm32c0xx_hal_tim.o(.text.HAL_TIM_PWM_PulseFinishedCallback)
    HAL_TIM_PeriodElapsedCallback            0x08004bad   Thumb Code     8  stm32c0xx_hal_tim.o(.text.HAL_TIM_PeriodElapsedCallback)
    HAL_TIM_TriggerCallback                  0x08004bb5   Thumb Code     8  stm32c0xx_hal_tim.o(.text.HAL_TIM_TriggerCallback)
    HardFault_Handler                        0x08004bbd   Thumb Code     4  stm32c0xx_it.o(.text.HardFault_Handler)
    MX_ADC1_Init                             0x08004e55   Thumb Code   144  adc.o(.text.MX_ADC1_Init)
    MX_DMA_Init                              0x08004ef5   Thumb Code    48  dma.o(.text.MX_DMA_Init)
    MX_GPIO_Init                             0x08004f29   Thumb Code   200  gpio.o(.text.MX_GPIO_Init)
    MX_TIM14_Init                            0x08005001   Thumb Code    44  tim.o(.text.MX_TIM14_Init)
    MX_TIM16_Init                            0x08005031   Thumb Code    52  tim.o(.text.MX_TIM16_Init)
    MX_TIM17_Init                            0x08005069   Thumb Code    52  tim.o(.text.MX_TIM17_Init)
    MX_TIM1_Init                             0x080050a5   Thumb Code   216  tim.o(.text.MX_TIM1_Init)
    MX_TIM3_Init                             0x08005181   Thumb Code   192  tim.o(.text.MX_TIM3_Init)
    NMI_Handler                              0x08005241   Thumb Code     4  stm32c0xx_it.o(.text.NMI_Handler)
    PendSV_Handler                           0x08005245   Thumb Code     2  stm32c0xx_it.o(.text.PendSV_Handler)
    SEGGER_RTT_PutChar                       0x08005249   Thumb Code   172  segger_rtt.o(.text.SEGGER_RTT_PutChar)
    SVC_Handler                              0x080052f9   Thumb Code     2  stm32c0xx_it.o(.text.SVC_Handler)
    SysTick_Handler                          0x0800534d   Thumb Code     8  stm32c0xx_it.o(.text.SysTick_Handler)
    SystemClock_Config                       0x08005355   Thumb Code   104  main.o(.text.SystemClock_Config)
    SystemInit                               0x080053bd   Thumb Code    12  system_stm32c0xx.o(.text.SystemInit)
    TIM14_IRQHandler                         0x080053cd   Thumb Code    12  stm32c0xx_it.o(.text.TIM14_IRQHandler)
    TIM16_IRQHandler                         0x080053dd   Thumb Code    12  stm32c0xx_it.o(.text.TIM16_IRQHandler)
    TIM17_IRQHandler                         0x080053ed   Thumb Code    12  stm32c0xx_it.o(.text.TIM17_IRQHandler)
    TIM1_BRK_UP_TRG_COM_IRQHandler           0x080053fd   Thumb Code    12  stm32c0xx_it.o(.text.TIM1_BRK_UP_TRG_COM_IRQHandler)
    TIM1_CC_IRQHandler                       0x08005409   Thumb Code    12  stm32c0xx_it.o(.text.TIM1_CC_IRQHandler)
    TIM3_IRQHandler                          0x08005419   Thumb Code    12  stm32c0xx_it.o(.text.TIM3_IRQHandler)
    TIM_Base_SetConfig                       0x08005429   Thumb Code   236  stm32c0xx_hal_tim.o(.text.TIM_Base_SetConfig)
    TIM_OC2_SetConfig                        0x08005609   Thumb Code   264  stm32c0xx_hal_tim.o(.text.TIM_OC2_SetConfig)
    TIM_TI1_SetConfig                        0x08005a45   Thumb Code   152  stm32c0xx_hal_tim.o(.text.TIM_TI1_SetConfig)
    _sys_exit                                0x08005d75   Thumb Code     8  retarget.o(.text._sys_exit)
    bsp_ADC_Start_DMA                        0x08005d7d   Thumb Code    32  bsp_adc.o(.text.bsp_ADC_Start_DMA)
    ferror                                   0x08005da5   Thumb Code    12  retarget.o(.text.ferror)
    fputc                                    0x08005db1   Thumb Code    22  retarget.o(.text.fputc)
    main                                     0x08005dc9   Thumb Code    84  main.o(.text.main)
    __ARM_common_ll_muluu                    0x08005e29   Thumb Code    48  btod.o(i.__ARM_common_ll_muluu)
    __ARM_fpclassify                         0x08005e59   Thumb Code    40  fpclassify.o(i.__ARM_fpclassify)
    _is_digit                                0x08005e85   Thumb Code    14  __printf_wp.o(i._is_digit)
    _get_lc_numeric                          0x08005e95   Thumb Code    44  lc_numeric_c.o(locale$$code)
    _get_lc_ctype                            0x08005ec1   Thumb Code    44  lc_ctype_c.o(locale$$code)
    _printf_fp_dec                           0x08005eed   Thumb Code    16  printf1.o(x$fpl$printf1)
    _printf_fp_hex                           0x08005efd   Thumb Code    16  printf2.o(x$fpl$printf2)
    __I$use$fp                               0x08005f0c   Number         0  usenofp.o(x$fpl$usenofp)
    AHBPrescTable                            0x08006008   Data          64  system_stm32c0xx.o(.rodata.AHBPrescTable)
    Region$$Table$$Base                      0x08006080   Number         0  anon$$obj.o(Region$$Table)
    Region$$Table$$Limit                     0x080060a0   Number         0  anon$$obj.o(Region$$Table)
    __ctype                                  0x080060c9   Data           0  lc_ctype_c.o(locale$$data)
    SystemCoreClock                          0x20000000   Data           4  system_stm32c0xx.o(.data.SystemCoreClock)
    uwTickFreq                               0x20000004   Data           1  stm32c0xx_hal.o(.data.uwTickFreq)
    uwTickPrio                               0x20000008   Data           4  stm32c0xx_hal.o(.data.uwTickPrio)
    __libspace_start                         0x20000010   Data          96  libspace.o(.bss)
    _SEGGER_RTT                              0x20000070   Data         168  segger_rtt.o(.bss._SEGGER_RTT)
    __temporary_stack_top$libspace           0x20000070   Data           0  libspace.o(.bss)
    __stdout                                 0x20000118   Data          84  retarget.o(.bss.__stdout)
    gAdcResAvg                               0x2000057c   Data           4  bsp_adc.o(.bss.gAdcResAvg)
    hadc1                                    0x20000680   Data         100  adc.o(.bss.hadc1)
    hdma_adc1                                0x200006e4   Data          92  adc.o(.bss.hdma_adc1)
    htim1                                    0x20000740   Data          76  tim.o(.bss.htim1)
    htim14                                   0x2000078c   Data          76  tim.o(.bss.htim14)
    htim16                                   0x200007d8   Data          76  tim.o(.bss.htim16)
    htim17                                   0x20000824   Data          76  tim.o(.bss.htim17)
    htim3                                    0x20000870   Data          76  tim.o(.bss.htim3)
    uwTick                                   0x200008bc   Data           4  stm32c0xx_hal.o(.bss.uwTick)



==============================================================================

Memory Map of the image

  Image Entry point : 0x080000c1

  Load Region LR_IROM1 (Base: 0x08000000, Size: 0x000061e0, Max: 0x00008000, ABSOLUTE)

    Execution Region ER_IROM1 (Exec base: 0x08000000, Load base: 0x08000000, Size: 0x000061cc, Max: 0x00008000, ABSOLUTE)

    Exec Addr    Load Addr    Size         Type   Attr      Idx    E Section Name        Object

    0x08000000   0x08000000   0x000000c0   Data   RO            3    RESET               startup_stm32c031xx.o
    0x080000c0   0x080000c0   0x00000008   Code   RO         1337  * !!!main             c_p.l(__main.o)
    0x080000c8   0x080000c8   0x00000054   Code   RO         1717    !!!scatter          c_p.l(__scatter.o)
    0x0800011c   0x0800011c   0x0000001a   Code   RO         1721    !!handler_copy      c_p.l(__scatter_copy.o)
    0x08000136   0x08000136   0x00000002   PAD
    0x08000138   0x08000138   0x00000002   Code   RO         1718    !!handler_null      c_p.l(__scatter.o)
    0x0800013a   0x0800013a   0x00000002   PAD
    0x0800013c   0x0800013c   0x0000001c   Code   RO         1723    !!handler_zi        c_p.l(__scatter_zi.o)
    0x08000158   0x08000158   0x00000002   Code   RO         1464    .ARM.Collect$$_printf_percent$$00000000  c_p.l(_printf_percent.o)
    0x0800015a   0x0800015a   0x0000000a   Code   RO         1453    .ARM.Collect$$_printf_percent$$00000001  c_p.l(_printf_n.o)
    0x08000164   0x08000164   0x0000000a   Code   RO         1455    .ARM.Collect$$_printf_percent$$00000002  c_p.l(_printf_p.o)
    0x0800016e   0x0800016e   0x0000000a   Code   RO         1460    .ARM.Collect$$_printf_percent$$00000003  c_p.l(_printf_f.o)
    0x08000178   0x08000178   0x0000000a   Code   RO         1461    .ARM.Collect$$_printf_percent$$00000004  c_p.l(_printf_e.o)
    0x08000182   0x08000182   0x0000000a   Code   RO         1462    .ARM.Collect$$_printf_percent$$00000005  c_p.l(_printf_g.o)
    0x0800018c   0x0800018c   0x0000000a   Code   RO         1463    .ARM.Collect$$_printf_percent$$00000006  c_p.l(_printf_a.o)
    0x08000196   0x08000196   0x0000000a   Code   RO         1468    .ARM.Collect$$_printf_percent$$00000007  c_p.l(_printf_ll.o)
    0x080001a0   0x080001a0   0x0000000a   Code   RO         1457    .ARM.Collect$$_printf_percent$$00000008  c_p.l(_printf_i.o)
    0x080001aa   0x080001aa   0x0000000a   Code   RO         1458    .ARM.Collect$$_printf_percent$$00000009  c_p.l(_printf_d.o)
    0x080001b4   0x080001b4   0x0000000a   Code   RO         1459    .ARM.Collect$$_printf_percent$$0000000A  c_p.l(_printf_u.o)
    0x080001be   0x080001be   0x0000000a   Code   RO         1456    .ARM.Collect$$_printf_percent$$0000000B  c_p.l(_printf_o.o)
    0x080001c8   0x080001c8   0x0000000a   Code   RO         1454    .ARM.Collect$$_printf_percent$$0000000C  c_p.l(_printf_x.o)
    0x080001d2   0x080001d2   0x0000000a   Code   RO         1465    .ARM.Collect$$_printf_percent$$0000000D  c_p.l(_printf_lli.o)
    0x080001dc   0x080001dc   0x0000000a   Code   RO         1466    .ARM.Collect$$_printf_percent$$0000000E  c_p.l(_printf_lld.o)
    0x080001e6   0x080001e6   0x0000000a   Code   RO         1467    .ARM.Collect$$_printf_percent$$0000000F  c_p.l(_printf_llu.o)
    0x080001f0   0x080001f0   0x0000000a   Code   RO         1472    .ARM.Collect$$_printf_percent$$00000010  c_p.l(_printf_llo.o)
    0x080001fa   0x080001fa   0x0000000a   Code   RO         1473    .ARM.Collect$$_printf_percent$$00000011  c_p.l(_printf_llx.o)
    0x08000204   0x08000204   0x0000000a   Code   RO         1469    .ARM.Collect$$_printf_percent$$00000012  c_p.l(_printf_l.o)
    0x0800020e   0x0800020e   0x0000000a   Code   RO         1451    .ARM.Collect$$_printf_percent$$00000013  c_p.l(_printf_c.o)
    0x08000218   0x08000218   0x0000000a   Code   RO         1452    .ARM.Collect$$_printf_percent$$00000014  c_p.l(_printf_s.o)
    0x08000222   0x08000222   0x0000000a   Code   RO         1470    .ARM.Collect$$_printf_percent$$00000015  c_p.l(_printf_lc.o)
    0x0800022c   0x0800022c   0x0000000a   Code   RO         1471    .ARM.Collect$$_printf_percent$$00000016  c_p.l(_printf_ls.o)
    0x08000236   0x08000236   0x00000004   Code   RO         1523    .ARM.Collect$$_printf_percent$$00000017  c_p.l(_printf_percent_end.o)
    0x0800023a   0x0800023a   0x00000002   Code   RO         1567    .ARM.Collect$$libinit$$00000000  c_p.l(libinit.o)
    0x0800023c   0x0800023c   0x00000000   Code   RO         1596    .ARM.Collect$$libinit$$00000002  c_p.l(libinit2.o)
    0x0800023c   0x0800023c   0x00000000   Code   RO         1598    .ARM.Collect$$libinit$$00000004  c_p.l(libinit2.o)
    0x0800023c   0x0800023c   0x00000000   Code   RO         1600    .ARM.Collect$$libinit$$00000006  c_p.l(libinit2.o)
    0x0800023c   0x0800023c   0x00000000   Code   RO         1603    .ARM.Collect$$libinit$$0000000C  c_p.l(libinit2.o)
    0x0800023c   0x0800023c   0x00000000   Code   RO         1605    .ARM.Collect$$libinit$$0000000E  c_p.l(libinit2.o)
    0x0800023c   0x0800023c   0x00000000   Code   RO         1607    .ARM.Collect$$libinit$$00000010  c_p.l(libinit2.o)
    0x0800023c   0x0800023c   0x00000006   Code   RO         1608    .ARM.Collect$$libinit$$00000011  c_p.l(libinit2.o)
    0x08000242   0x08000242   0x00000000   Code   RO         1610    .ARM.Collect$$libinit$$00000013  c_p.l(libinit2.o)
    0x08000242   0x08000242   0x0000000c   Code   RO         1611    .ARM.Collect$$libinit$$00000014  c_p.l(libinit2.o)
    0x0800024e   0x0800024e   0x00000000   Code   RO         1612    .ARM.Collect$$libinit$$00000015  c_p.l(libinit2.o)
    0x0800024e   0x0800024e   0x00000000   Code   RO         1614    .ARM.Collect$$libinit$$00000017  c_p.l(libinit2.o)
    0x0800024e   0x0800024e   0x0000000a   Code   RO         1615    .ARM.Collect$$libinit$$00000018  c_p.l(libinit2.o)
    0x08000258   0x08000258   0x00000000   Code   RO         1616    .ARM.Collect$$libinit$$00000019  c_p.l(libinit2.o)
    0x08000258   0x08000258   0x00000000   Code   RO         1618    .ARM.Collect$$libinit$$0000001B  c_p.l(libinit2.o)
    0x08000258   0x08000258   0x00000000   Code   RO         1620    .ARM.Collect$$libinit$$0000001D  c_p.l(libinit2.o)
    0x08000258   0x08000258   0x00000000   Code   RO         1622    .ARM.Collect$$libinit$$0000001F  c_p.l(libinit2.o)
    0x08000258   0x08000258   0x00000000   Code   RO         1624    .ARM.Collect$$libinit$$00000021  c_p.l(libinit2.o)
    0x08000258   0x08000258   0x00000000   Code   RO         1626    .ARM.Collect$$libinit$$00000023  c_p.l(libinit2.o)
    0x08000258   0x08000258   0x00000000   Code   RO         1628    .ARM.Collect$$libinit$$00000025  c_p.l(libinit2.o)
    0x08000258   0x08000258   0x00000000   Code   RO         1630    .ARM.Collect$$libinit$$00000027  c_p.l(libinit2.o)
    0x08000258   0x08000258   0x00000000   Code   RO         1634    .ARM.Collect$$libinit$$0000002E  c_p.l(libinit2.o)
    0x08000258   0x08000258   0x00000000   Code   RO         1636    .ARM.Collect$$libinit$$00000030  c_p.l(libinit2.o)
    0x08000258   0x08000258   0x00000000   Code   RO         1638    .ARM.Collect$$libinit$$00000032  c_p.l(libinit2.o)
    0x08000258   0x08000258   0x00000000   Code   RO         1640    .ARM.Collect$$libinit$$00000034  c_p.l(libinit2.o)
    0x08000258   0x08000258   0x00000002   Code   RO         1641    .ARM.Collect$$libinit$$00000035  c_p.l(libinit2.o)
    0x0800025a   0x0800025a   0x00000002   Code   RO         1669    .ARM.Collect$$libshutdown$$00000000  c_p.l(libshutdown.o)
    0x0800025c   0x0800025c   0x00000000   Code   RO         1697    .ARM.Collect$$libshutdown$$00000002  c_p.l(libshutdown2.o)
    0x0800025c   0x0800025c   0x00000000   Code   RO         1699    .ARM.Collect$$libshutdown$$00000004  c_p.l(libshutdown2.o)
    0x0800025c   0x0800025c   0x00000000   Code   RO         1702    .ARM.Collect$$libshutdown$$00000007  c_p.l(libshutdown2.o)
    0x0800025c   0x0800025c   0x00000000   Code   RO         1705    .ARM.Collect$$libshutdown$$0000000A  c_p.l(libshutdown2.o)
    0x0800025c   0x0800025c   0x00000000   Code   RO         1707    .ARM.Collect$$libshutdown$$0000000C  c_p.l(libshutdown2.o)
    0x0800025c   0x0800025c   0x00000000   Code   RO         1710    .ARM.Collect$$libshutdown$$0000000F  c_p.l(libshutdown2.o)
    0x0800025c   0x0800025c   0x00000002   Code   RO         1711    .ARM.Collect$$libshutdown$$00000010  c_p.l(libshutdown2.o)
    0x0800025e   0x0800025e   0x00000000   Code   RO         1380    .ARM.Collect$$rtentry$$00000000  c_p.l(__rtentry.o)
    0x0800025e   0x0800025e   0x00000000   Code   RO         1490    .ARM.Collect$$rtentry$$00000002  c_p.l(__rtentry2.o)
    0x0800025e   0x0800025e   0x00000006   Code   RO         1502    .ARM.Collect$$rtentry$$00000004  c_p.l(__rtentry4.o)
    0x08000264   0x08000264   0x00000000   Code   RO         1492    .ARM.Collect$$rtentry$$00000009  c_p.l(__rtentry2.o)
    0x08000264   0x08000264   0x00000004   Code   RO         1493    .ARM.Collect$$rtentry$$0000000A  c_p.l(__rtentry2.o)
    0x08000268   0x08000268   0x00000000   Code   RO         1495    .ARM.Collect$$rtentry$$0000000C  c_p.l(__rtentry2.o)
    0x08000268   0x08000268   0x00000008   Code   RO         1496    .ARM.Collect$$rtentry$$0000000D  c_p.l(__rtentry2.o)
    0x08000270   0x08000270   0x00000002   Code   RO         1580    .ARM.Collect$$rtexit$$00000000  c_p.l(rtexit.o)
    0x08000272   0x08000272   0x00000000   Code   RO         1645    .ARM.Collect$$rtexit$$00000002  c_p.l(rtexit2.o)
    0x08000272   0x08000272   0x00000004   Code   RO         1646    .ARM.Collect$$rtexit$$00000003  c_p.l(rtexit2.o)
    0x08000276   0x08000276   0x00000006   Code   RO         1647    .ARM.Collect$$rtexit$$00000004  c_p.l(rtexit2.o)
    0x0800027c   0x0800027c   0x00000038   Code   RO            4    .text               startup_stm32c031xx.o
    0x080002b4   0x080002b4   0x0000001c   Code   RO         1321    .text               c_p.l(printf.o)
    0x080002d0   0x080002d0   0x00000040   Code   RO         1329    .text               c_p.l(rt_memclr.o)
    0x08000310   0x08000310   0x0000016c   Code   RO         1331    .text               c_p.l(aeabi_sdiv.o)
    0x0800047c   0x0800047c   0x00000006   Code   RO         1335    .text               c_p.l(heapauxi.o)
    0x08000482   0x08000482   0x0000004e   Code   RO         1387    .text               c_p.l(_printf_pad.o)
    0x080004d0   0x080004d0   0x00000024   Code   RO         1389    .text               c_p.l(_printf_truncate.o)
    0x080004f4   0x080004f4   0x00000052   Code   RO         1391    .text               c_p.l(_printf_str.o)
    0x08000546   0x08000546   0x00000002   PAD
    0x08000548   0x08000548   0x0000006c   Code   RO         1393    .text               c_p.l(_printf_dec.o)
    0x080005b4   0x080005b4   0x00000026   Code   RO         1395    .text               c_p.l(_printf_charcount.o)
    0x080005da   0x080005da   0x00000002   PAD
    0x080005dc   0x080005dc   0x00000028   Code   RO         1397    .text               c_p.l(_printf_char_file.o)
    0x08000604   0x08000604   0x000000bc   Code   RO         1399    .text               c_p.l(_printf_wctomb.o)
    0x080006c0   0x080006c0   0x00000070   Code   RO         1402    .text               c_p.l(_printf_longlong_dec.o)
    0x08000730   0x08000730   0x00000070   Code   RO         1408    .text               c_p.l(_printf_oct_int_ll.o)
    0x080007a0   0x080007a0   0x00000098   Code   RO         1428    .text               c_p.l(_printf_hex_int_ll_ptr.o)
    0x08000838   0x08000838   0x00000188   Code   RO         1448    .text               c_p.l(__printf_flags_ss_wp.o)
    0x080009c0   0x080009c0   0x0000007a   Code   RO         1506    .text               c_p.l(lludiv10.o)
    0x08000a3a   0x08000a3a   0x000000b0   Code   RO         1508    .text               c_p.l(_printf_intcommon.o)
    0x08000aea   0x08000aea   0x00000002   PAD
    0x08000aec   0x08000aec   0x00000414   Code   RO         1510    .text               c_p.l(_printf_fp_dec.o)
    0x08000f00   0x08000f00   0x000002d8   Code   RO         1514    .text               c_p.l(_printf_fp_hex.o)
    0x080011d8   0x080011d8   0x00000030   Code   RO         1517    .text               c_p.l(_printf_char_common.o)
    0x08001208   0x08001208   0x0000002e   Code   RO         1519    .text               c_p.l(_printf_char.o)
    0x08001236   0x08001236   0x0000002e   Code   RO         1521    .text               c_p.l(_printf_wchar.o)
    0x08001264   0x08001264   0x00000042   Code   RO         1524    .text               c_p.l(_c16rtomb.o)
    0x080012a6   0x080012a6   0x00000028   Code   RO         1526    .text               c_p.l(rtudiv10.o)
    0x080012ce   0x080012ce   0x0000003e   Code   RO         1530    .text               c_p.l(sys_stackheap_outer.o)
    0x0800130c   0x0800130c   0x00000010   Code   RO         1533    .text               c_p.l(rt_ctype_table.o)
    0x0800131c   0x0800131c   0x00000008   Code   RO         1538    .text               c_p.l(rt_locale_intlibspace.o)
    0x08001324   0x08001324   0x00000088   Code   RO         1540    .text               c_p.l(_printf_fp_infnan.o)
    0x080013ac   0x080013ac   0x000000d8   Code   RO         1544    .text               c_p.l(bigflt0.o)
    0x08001484   0x08001484   0x00000580   Code   RO         1547    .text               c_p.l(btod.o)
    0x08001a04   0x08001a04   0x00000010   Code   RO         1556    .text               c_p.l(exit.o)
    0x08001a14   0x08001a14   0x00000008   Code   RO         1576    .text               c_p.l(libspace.o)
    0x08001a1c   0x08001a1c   0x00000088   Code   RO         1593    .text               c_p.l(strcmp.o)
    0x08001aa4   0x08001aa4   0x00000010   Code   RO          167    .text.ADC1_IRQHandler  stm32c0xx_it.o
    0x08001ab4   0x08001ab4   0x000000be   Code   RO          312    .text.ADC_DMAConvCplt  stm32c0xx_hal_adc.o
    0x08001b72   0x08001b72   0x0000002a   Code   RO          316    .text.ADC_DMAError  stm32c0xx_hal_adc.o
    0x08001b9c   0x08001b9c   0x00000016   Code   RO          314    .text.ADC_DMAHalfConvCplt  stm32c0xx_hal_adc.o
    0x08001bb2   0x08001bb2   0x000000b4   Code   RO          284    .text.ADC_Disable   stm32c0xx_hal_adc.o
    0x08001c66   0x08001c66   0x00000002   PAD
    0x08001c68   0x08001c68   0x000000fc   Code   RO          292    .text.ADC_Enable    stm32c0xx_hal_adc.o
    0x08001d64   0x08001d64   0x00000010   Code   RO          165    .text.DMA1_Channel1_IRQHandler  stm32c0xx_it.o
    0x08001d74   0x08001d74   0x00000044   Code   RO          440    .text.DMA_CalcDMAMUXChannelBaseAndMask  stm32c0xx_hal_dma.o
    0x08001db8   0x08001db8   0x00000038   Code   RO          442    .text.DMA_CalcDMAMUXRequestGenBaseAndMask  stm32c0xx_hal_dma.o
    0x08001df0   0x08001df0   0x00000078   Code   RO          448    .text.DMA_SetConfig  stm32c0xx_hal_dma.o
    0x08001e68   0x08001e68   0x00000006   Code   RO           76    .text.Error_Handler  main.o
    0x08001e6e   0x08001e6e   0x00000002   PAD
    0x08001e70   0x08001e70   0x000001f4   Code   RO          393    .text.HAL_ADCEx_Calibration_Start  stm32c0xx_hal_adc_ex.o
    0x08002064   0x08002064   0x00000008   Code   RO          425    .text.HAL_ADCEx_ChannelConfigReadyCallback  stm32c0xx_hal_adc_ex.o
    0x0800206c   0x0800206c   0x00000008   Code   RO          423    .text.HAL_ADCEx_EndOfSamplingCallback  stm32c0xx_hal_adc_ex.o
    0x08002074   0x08002074   0x00000008   Code   RO          419    .text.HAL_ADCEx_LevelOutOfWindow2Callback  stm32c0xx_hal_adc_ex.o
    0x0800207c   0x0800207c   0x00000008   Code   RO          421    .text.HAL_ADCEx_LevelOutOfWindow3Callback  stm32c0xx_hal_adc_ex.o
    0x08002084   0x08002084   0x00000008   Code   RO          332    .text.HAL_ADC_ADCReadyCallback  stm32c0xx_hal_adc.o
    0x0800208c   0x0800208c   0x00000008   Code   RO          334    .text.HAL_ADC_CalibrationCpltCallback  stm32c0xx_hal_adc.o
    0x08002094   0x08002094   0x00000490   Code   RO          338    .text.HAL_ADC_ConfigChannel  stm32c0xx_hal_adc.o
    0x08002524   0x08002524   0x0000006c   Code   RO         1303    .text.HAL_ADC_ConvCpltCallback  bsp_adc.o
    0x08002590   0x08002590   0x00000074   Code   RO         1301    .text.HAL_ADC_ConvHalfCpltCallback  bsp_adc.o
    0x08002604   0x08002604   0x00000008   Code   RO          330    .text.HAL_ADC_ErrorCallback  stm32c0xx_hal_adc.o
    0x0800260c   0x0800260c   0x000002d0   Code   RO          322    .text.HAL_ADC_IRQHandler  stm32c0xx_hal_adc.o
    0x080028dc   0x080028dc   0x0000034c   Code   RO          264    .text.HAL_ADC_Init  stm32c0xx_hal_adc.o
    0x08002c28   0x08002c28   0x00000008   Code   RO          326    .text.HAL_ADC_LevelOutOfWindowCallback  stm32c0xx_hal_adc.o
    0x08002c30   0x08002c30   0x00000134   Code   RO          102    .text.HAL_ADC_MspInit  adc.o
    0x08002d64   0x08002d64   0x0000011c   Code   RO          308    .text.HAL_ADC_Start_DMA  stm32c0xx_hal_adc.o
    0x08002e80   0x08002e80   0x00000170   Code   RO          458    .text.HAL_DMA_IRQHandler  stm32c0xx_hal_dma.o
    0x08002ff0   0x08002ff0   0x00000100   Code   RO          438    .text.HAL_DMA_Init  stm32c0xx_hal_dma.o
    0x080030f0   0x080030f0   0x0000010e   Code   RO          450    .text.HAL_DMA_Start_IT  stm32c0xx_hal_dma.o
    0x080031fe   0x080031fe   0x00000002   PAD
    0x08003200   0x08003200   0x00000040   Code   RO          216    .text.HAL_Delay     stm32c0xx_hal.o
    0x08003240   0x08003240   0x000002fc   Code   RO          639    .text.HAL_GPIO_Init  stm32c0xx_hal_gpio.o
    0x0800353c   0x0800353c   0x0000002c   Code   RO          645    .text.HAL_GPIO_WritePin  stm32c0xx_hal_gpio.o
    0x08003568   0x08003568   0x00000008   Code   RO          208    .text.HAL_GetTick   stm32c0xx_hal.o
    0x08003570   0x08003570   0x00000018   Code   RO          206    .text.HAL_IncTick   stm32c0xx_hal.o
    0x08003588   0x08003588   0x0000002c   Code   RO          196    .text.HAL_Init      stm32c0xx_hal.o
    0x080035b4   0x080035b4   0x00000084   Code   RO          198    .text.HAL_InitTick  stm32c0xx_hal.o
    0x08003638   0x08003638   0x00000038   Code   RO          188    .text.HAL_MspInit   stm32c0xx_hal_msp.o
    0x08003670   0x08003670   0x00000016   Code   RO          730    .text.HAL_NVIC_EnableIRQ  stm32c0xx_hal_cortex.o
    0x08003686   0x08003686   0x0000001c   Code   RO          726    .text.HAL_NVIC_SetPriority  stm32c0xx_hal_cortex.o
    0x080036a2   0x080036a2   0x00000002   PAD
    0x080036a4   0x080036a4   0x000001b8   Code   RO          533    .text.HAL_RCCEx_PeriphCLKConfig  stm32c0xx_hal_rcc_ex.o
    0x0800385c   0x0800385c   0x0000024c   Code   RO          496    .text.HAL_RCC_ClockConfig  stm32c0xx_hal_rcc.o
    0x08003aa8   0x08003aa8   0x000000ac   Code   RO          498    .text.HAL_RCC_GetSysClockFreq  stm32c0xx_hal_rcc.o
    0x08003b54   0x08003b54   0x00000428   Code   RO          494    .text.HAL_RCC_OscConfig  stm32c0xx_hal_rcc.o
    0x08003f7c   0x08003f7c   0x00000010   Code   RO          742    .text.HAL_SYSTICK_Config  stm32c0xx_hal_cortex.o
    0x08003f8c   0x08003f8c   0x00000008   Code   RO         1149    .text.HAL_TIMEx_Break2Callback  stm32c0xx_hal_tim_ex.o
    0x08003f94   0x08003f94   0x00000008   Code   RO         1147    .text.HAL_TIMEx_BreakCallback  stm32c0xx_hal_tim_ex.o
    0x08003f9c   0x08003f9c   0x00000008   Code   RO         1143    .text.HAL_TIMEx_CommutCallback  stm32c0xx_hal_tim_ex.o
    0x08003fa4   0x08003fa4   0x00000124   Code   RO         1129    .text.HAL_TIMEx_ConfigBreakDeadTime  stm32c0xx_hal_tim_ex.o
    0x080040c8   0x080040c8   0x000000dc   Code   RO         1127    .text.HAL_TIMEx_MasterConfigSynchronization  stm32c0xx_hal_tim_ex.o
    0x080041a4   0x080041a4   0x000000aa   Code   RO          810    .text.HAL_TIM_Base_Init  stm32c0xx_hal_tim.o
    0x0800424e   0x0800424e   0x00000002   PAD
    0x08004250   0x08004250   0x000000c8   Code   RO          137    .text.HAL_TIM_Base_MspInit  tim.o
    0x08004318   0x08004318   0x00000008   Code   RO          946    .text.HAL_TIM_IC_CaptureCallback  stm32c0xx_hal_tim.o
    0x08004320   0x08004320   0x00000134   Code   RO          970    .text.HAL_TIM_IC_ConfigChannel  stm32c0xx_hal_tim.o
    0x08004454   0x08004454   0x000000aa   Code   RO          884    .text.HAL_TIM_IC_Init  stm32c0xx_hal_tim.o
    0x080044fe   0x080044fe   0x00000008   Code   RO          886    .text.HAL_TIM_IC_MspInit  stm32c0xx_hal_tim.o
    0x08004506   0x08004506   0x00000002   PAD
    0x08004508   0x08004508   0x00000264   Code   RO          944    .text.HAL_TIM_IRQHandler  stm32c0xx_hal_tim.o
    0x0800476c   0x0800476c   0x000000a4   Code   RO          125    .text.HAL_TIM_MspPostInit  tim.o
    0x08004810   0x08004810   0x00000008   Code   RO          948    .text.HAL_TIM_OC_DelayElapsedCallback  stm32c0xx_hal_tim.o
    0x08004818   0x08004818   0x000001f8   Code   RO          980    .text.HAL_TIM_PWM_ConfigChannel  stm32c0xx_hal_tim.o
    0x08004a10   0x08004a10   0x000000aa   Code   RO          864    .text.HAL_TIM_PWM_Init  stm32c0xx_hal_tim.o
    0x08004aba   0x08004aba   0x00000002   PAD
    0x08004abc   0x08004abc   0x000000e8   Code   RO          135    .text.HAL_TIM_PWM_MspInit  tim.o
    0x08004ba4   0x08004ba4   0x00000008   Code   RO          950    .text.HAL_TIM_PWM_PulseFinishedCallback  stm32c0xx_hal_tim.o
    0x08004bac   0x08004bac   0x00000008   Code   RO          952    .text.HAL_TIM_PeriodElapsedCallback  stm32c0xx_hal_tim.o
    0x08004bb4   0x08004bb4   0x00000008   Code   RO          954    .text.HAL_TIM_TriggerCallback  stm32c0xx_hal_tim.o
    0x08004bbc   0x08004bbc   0x00000004   Code   RO          157    .text.HardFault_Handler  stm32c0xx_it.o
    0x08004bc0   0x08004bc0   0x00000018   Code   RO          310    .text.LL_ADC_Disable  stm32c0xx_hal_adc.o
    0x08004bd8   0x08004bd8   0x00000018   Code   RO          411    .text.LL_ADC_Disable  stm32c0xx_hal_adc_ex.o
    0x08004bf0   0x08004bf0   0x00000018   Code   RO          384    .text.LL_ADC_Enable  stm32c0xx_hal_adc.o
    0x08004c08   0x08004c08   0x00000018   Code   RO          403    .text.LL_ADC_Enable  stm32c0xx_hal_adc_ex.o
    0x08004c20   0x08004c20   0x0000001c   Code   RO          270    .text.LL_ADC_EnableInternalRegulator  stm32c0xx_hal_adc.o
    0x08004c3c   0x08004c3c   0x00000012   Code   RO          401    .text.LL_ADC_GetCalibrationFactor  stm32c0xx_hal_adc_ex.o
    0x08004c4e   0x08004c4e   0x00000012   Code   RO          405    .text.LL_ADC_GetClock  stm32c0xx_hal_adc_ex.o
    0x08004c60   0x08004c60   0x00000012   Code   RO          407    .text.LL_ADC_GetCommonClock  stm32c0xx_hal_adc_ex.o
    0x08004c72   0x08004c72   0x00000012   Code   RO          346    .text.LL_ADC_GetCommonPathInternalCh  stm32c0xx_hal_adc.o
    0x08004c84   0x08004c84   0x0000001c   Code   RO          278    .text.LL_ADC_GetSamplingTimeCommonChannels  stm32c0xx_hal_adc.o
    0x08004ca0   0x08004ca0   0x0000000e   Code   RO          399    .text.LL_ADC_IsCalibrationOnGoing  stm32c0xx_hal_adc_ex.o
    0x08004cae   0x08004cae   0x00000012   Code   RO          380    .text.LL_ADC_IsDisableOngoing  stm32c0xx_hal_adc.o
    0x08004cc0   0x08004cc0   0x00000010   Code   RO          274    .text.LL_ADC_IsEnabled  stm32c0xx_hal_adc.o
    0x08004cd0   0x08004cd0   0x00000010   Code   RO          395    .text.LL_ADC_IsEnabled  stm32c0xx_hal_adc_ex.o
    0x08004ce0   0x08004ce0   0x00000014   Code   RO          268    .text.LL_ADC_IsInternalRegulatorEnabled  stm32c0xx_hal_adc.o
    0x08004cf4   0x08004cf4   0x00000010   Code   RO          328    .text.LL_ADC_REG_GetDMATransfer  stm32c0xx_hal_adc.o
    0x08004d04   0x08004d04   0x00000012   Code   RO          272    .text.LL_ADC_REG_IsConversionOngoing  stm32c0xx_hal_adc.o
    0x08004d16   0x08004d16   0x00000016   Code   RO          300    .text.LL_ADC_REG_IsTriggerSourceSWStart  stm32c0xx_hal_adc.o
    0x08004d2c   0x08004d2c   0x0000001c   Code   RO          340    .text.LL_ADC_REG_SetSequencerChAdd  stm32c0xx_hal_adc.o
    0x08004d48   0x08004d48   0x00000020   Code   RO          350    .text.LL_ADC_REG_SetSequencerChRem  stm32c0xx_hal_adc.o
    0x08004d68   0x08004d68   0x0000002e   Code   RO          342    .text.LL_ADC_REG_SetSequencerRanks  stm32c0xx_hal_adc.o
    0x08004d96   0x08004d96   0x00000002   PAD
    0x08004d98   0x08004d98   0x0000001c   Code   RO          294    .text.LL_ADC_REG_StartConversion  stm32c0xx_hal_adc.o
    0x08004db4   0x08004db4   0x0000001c   Code   RO          409    .text.LL_ADC_SetCalibrationFactor  stm32c0xx_hal_adc_ex.o
    0x08004dd0   0x08004dd0   0x00000028   Code   RO          344    .text.LL_ADC_SetChannelSamplingTime  stm32c0xx_hal_adc.o
    0x08004df8   0x08004df8   0x0000001c   Code   RO          348    .text.LL_ADC_SetCommonPathInternalCh  stm32c0xx_hal_adc.o
    0x08004e14   0x08004e14   0x00000026   Code   RO          276    .text.LL_ADC_SetSamplingTimeCommonChannels  stm32c0xx_hal_adc.o
    0x08004e3a   0x08004e3a   0x0000001a   Code   RO          397    .text.LL_ADC_StartCalibration  stm32c0xx_hal_adc_ex.o
    0x08004e54   0x08004e54   0x000000a0   Code   RO          100    .text.MX_ADC1_Init  adc.o
    0x08004ef4   0x08004ef4   0x00000034   Code   RO          115    .text.MX_DMA_Init   dma.o
    0x08004f28   0x08004f28   0x000000d8   Code   RO           92    .text.MX_GPIO_Init  gpio.o
    0x08005000   0x08005000   0x00000030   Code   RO          129    .text.MX_TIM14_Init  tim.o
    0x08005030   0x08005030   0x00000038   Code   RO          131    .text.MX_TIM16_Init  tim.o
    0x08005068   0x08005068   0x0000003c   Code   RO          133    .text.MX_TIM17_Init  tim.o
    0x080050a4   0x080050a4   0x000000dc   Code   RO          123    .text.MX_TIM1_Init  tim.o
    0x08005180   0x08005180   0x000000c0   Code   RO          127    .text.MX_TIM3_Init  tim.o
    0x08005240   0x08005240   0x00000004   Code   RO          155    .text.NMI_Handler   stm32c0xx_it.o
    0x08005244   0x08005244   0x00000002   Code   RO          161    .text.PendSV_Handler  stm32c0xx_it.o
    0x08005246   0x08005246   0x00000002   PAD
    0x08005248   0x08005248   0x000000b0   Code   RO         1210    .text.SEGGER_RTT_PutChar  segger_rtt.o
    0x080052f8   0x080052f8   0x00000002   Code   RO          159    .text.SVC_Handler   stm32c0xx_it.o
    0x080052fa   0x080052fa   0x00000002   PAD
    0x080052fc   0x080052fc   0x00000050   Code   RO          744    .text.SysTick_Config  stm32c0xx_hal_cortex.o
    0x0800534c   0x0800534c   0x00000008   Code   RO          163    .text.SysTick_Handler  stm32c0xx_it.o
    0x08005354   0x08005354   0x00000068   Code   RO           74    .text.SystemClock_Config  main.o
    0x080053bc   0x080053bc   0x00000010   Code   RO         1162    .text.SystemInit    system_stm32c0xx.o
    0x080053cc   0x080053cc   0x00000010   Code   RO          175    .text.TIM14_IRQHandler  stm32c0xx_it.o
    0x080053dc   0x080053dc   0x00000010   Code   RO          177    .text.TIM16_IRQHandler  stm32c0xx_it.o
    0x080053ec   0x080053ec   0x00000010   Code   RO          179    .text.TIM17_IRQHandler  stm32c0xx_it.o
    0x080053fc   0x080053fc   0x0000000c   Code   RO          169    .text.TIM1_BRK_UP_TRG_COM_IRQHandler  stm32c0xx_it.o
    0x08005408   0x08005408   0x00000010   Code   RO          171    .text.TIM1_CC_IRQHandler  stm32c0xx_it.o
    0x08005418   0x08005418   0x00000010   Code   RO          173    .text.TIM3_IRQHandler  stm32c0xx_it.o
    0x08005428   0x08005428   0x000000f4   Code   RO          814    .text.TIM_Base_SetConfig  stm32c0xx_hal_tim.o
    0x0800551c   0x0800551c   0x000000ec   Code   RO          958    .text.TIM_OC1_SetConfig  stm32c0xx_hal_tim.o
    0x08005608   0x08005608   0x0000010c   Code   RO          960    .text.TIM_OC2_SetConfig  stm32c0xx_hal_tim.o
    0x08005714   0x08005714   0x00000118   Code   RO          962    .text.TIM_OC3_SetConfig  stm32c0xx_hal_tim.o
    0x0800582c   0x0800582c   0x000000bc   Code   RO          964    .text.TIM_OC4_SetConfig  stm32c0xx_hal_tim.o
    0x080058e8   0x080058e8   0x000000ac   Code   RO          966    .text.TIM_OC5_SetConfig  stm32c0xx_hal_tim.o
    0x08005994   0x08005994   0x000000b0   Code   RO          968    .text.TIM_OC6_SetConfig  stm32c0xx_hal_tim.o
    0x08005a44   0x08005a44   0x000000a0   Code   RO          972    .text.TIM_TI1_SetConfig  stm32c0xx_hal_tim.o
    0x08005ae4   0x08005ae4   0x0000006e   Code   RO          974    .text.TIM_TI2_SetConfig  stm32c0xx_hal_tim.o
    0x08005b52   0x08005b52   0x0000006c   Code   RO          976    .text.TIM_TI3_SetConfig  stm32c0xx_hal_tim.o
    0x08005bbe   0x08005bbe   0x00000072   Code   RO          978    .text.TIM_TI4_SetConfig  stm32c0xx_hal_tim.o
    0x08005c30   0x08005c30   0x00000094   Code   RO         1178    .text._DoInit       segger_rtt.o
    0x08005cc4   0x08005cc4   0x0000002c   Code   RO          732    .text.__NVIC_EnableIRQ  stm32c0xx_hal_cortex.o
    0x08005cf0   0x08005cf0   0x00000084   Code   RO          728    .text.__NVIC_SetPriority  stm32c0xx_hal_cortex.o
    0x08005d74   0x08005d74   0x00000008   Code   RO         1282    .text._sys_exit     retarget.o
    0x08005d7c   0x08005d7c   0x00000028   Code   RO         1305    .text.bsp_ADC_Start_DMA  bsp_adc.o
    0x08005da4   0x08005da4   0x0000000c   Code   RO         1288    .text.ferror        retarget.o
    0x08005db0   0x08005db0   0x00000016   Code   RO         1284    .text.fputc         retarget.o
    0x08005dc6   0x08005dc6   0x00000002   PAD
    0x08005dc8   0x08005dc8   0x00000060   Code   RO           72    .text.main          main.o
    0x08005e28   0x08005e28   0x00000030   Code   RO         1549    i.__ARM_common_ll_muluu  c_p.l(btod.o)
    0x08005e58   0x08005e58   0x0000002c   Code   RO         1574    i.__ARM_fpclassify  m_ps.l(fpclassify.o)
    0x08005e84   0x08005e84   0x0000000e   Code   RO         1441    i._is_digit         c_p.l(__printf_wp.o)
    0x08005e92   0x08005e92   0x00000002   PAD
    0x08005e94   0x08005e94   0x0000002c   Code   RO         1554    locale$$code        c_p.l(lc_numeric_c.o)
    0x08005ec0   0x08005ec0   0x0000002c   Code   RO         1587    locale$$code        c_p.l(lc_ctype_c.o)
    0x08005eec   0x08005eec   0x00000010   Code   RO         1480    x$fpl$printf1       fz_ps.l(printf1.o)
    0x08005efc   0x08005efc   0x00000010   Code   RO         1482    x$fpl$printf2       fz_ps.l(printf2.o)
    0x08005f0c   0x08005f0c   0x00000000   Code   RO         1488    x$fpl$usenofp       fz_ps.l(usenofp.o)
    0x08005f0c   0x08005f0c   0x00000008   Data   RO         1400    .constdata          c_p.l(_printf_wctomb.o)
    0x08005f14   0x08005f14   0x00000028   Data   RO         1429    .constdata          c_p.l(_printf_hex_int_ll_ptr.o)
    0x08005f3c   0x08005f3c   0x00000011   Data   RO         1449    .constdata          c_p.l(__printf_flags_ss_wp.o)
    0x08005f4d   0x08005f4d   0x00000026   Data   RO         1515    .constdata          c_p.l(_printf_fp_hex.o)
    0x08005f73   0x08005f73   0x00000001   PAD
    0x08005f74   0x08005f74   0x00000094   Data   RO         1545    .constdata          c_p.l(bigflt0.o)
    0x08006008   0x08006008   0x00000040   Data   RO         1167    .rodata.AHBPrescTable  system_stm32c0xx.o
    0x08006048   0x08006048   0x00000011   Data   RO         1253    .rodata._DoInit._aInitStr  segger_rtt.o
    0x08006059   0x08006059   0x0000001b   Data   RO           79    .rodata.str1.1      main.o
    0x08006074   0x08006074   0x00000009   Data   RO         1254    .rodata.str1.1      segger_rtt.o
    0x0800607d   0x0800607d   0x00000003   PAD
    0x08006080   0x08006080   0x00000020   Data   RO         1716    Region$$Table       anon$$obj.o
    0x080060a0   0x080060a0   0x0000001c   Data   RO         1553    locale$$data        c_p.l(lc_numeric_c.o)
    0x080060bc   0x080060bc   0x00000110   Data   RO         1586    locale$$data        c_p.l(lc_ctype_c.o)


    Execution Region RW_IRAM1 (Exec base: 0x20000000, Load base: 0x080061d0, Size: 0x00000ec0, Max: 0x00003000, ABSOLUTE)

    Exec Addr    Load Addr    Size         Type   Attr      Idx    E Section Name        Object

    0x20000000   0x080061d0   0x00000004   Data   RW         1166    .data.SystemCoreClock  system_stm32c0xx.o
    0x20000004   0x080061d4   0x00000001   Data   RW          255    .data.uwTickFreq    stm32c0xx_hal.o
    0x20000005   0x080061d5   0x00000003   PAD
    0x20000008   0x080061d8   0x00000004   Data   RW          254    .data.uwTickPrio    stm32c0xx_hal.o
    0x2000000c   0x080061dc   0x00000004   PAD
    0x20000010        -       0x00000060   Zero   RW         1577    .bss                c_p.l(libspace.o)
    0x20000070        -       0x000000a8   Zero   RW         1250    .bss._SEGGER_RTT    segger_rtt.o
    0x20000118        -       0x00000054   Zero   RW         1292    .bss.__stdout       retarget.o
    0x2000016c        -       0x00000010   Zero   RW         1256    .bss._acDownBuffer  segger_rtt.o
    0x2000017c        -       0x00000400   Zero   RW         1255    .bss._acUpBuffer    segger_rtt.o
    0x2000057c        -       0x00000004   Zero   RW         1312    .bss.gAdcResAvg     bsp_adc.o
    0x20000580        -       0x00000100   Zero   RW         1311    .bss.gAdcResBuf     bsp_adc.o
    0x20000680        -       0x00000064   Zero   RW          106    .bss.hadc1          adc.o
    0x200006e4        -       0x0000005c   Zero   RW          107    .bss.hdma_adc1      adc.o
    0x20000740        -       0x0000004c   Zero   RW          143    .bss.htim1          tim.o
    0x2000078c        -       0x0000004c   Zero   RW          145    .bss.htim14         tim.o
    0x200007d8        -       0x0000004c   Zero   RW          146    .bss.htim16         tim.o
    0x20000824        -       0x0000004c   Zero   RW          147    .bss.htim17         tim.o
    0x20000870        -       0x0000004c   Zero   RW          144    .bss.htim3          tim.o
    0x200008bc        -       0x00000004   Zero   RW          256    .bss.uwTick         stm32c0xx_hal.o
    0x200008c0        -       0x00000200   Zero   RW            2    HEAP                startup_stm32c031xx.o
    0x20000ac0        -       0x00000400   Zero   RW            1    STACK               startup_stm32c031xx.o


==============================================================================

Image component sizes


      Code (inc. data)   RO Data    RW Data    ZI Data      Debug   Object Name

       468         40          0          0        192       6346   adc.o
       264         16          0          0        260       4806   bsp_adc.o
        52          4          0          0          0       1799   dma.o
       216         16          0          0          0       1977   gpio.o
       206         12         27          0          0       2279   main.o
        42          0          0          0         84       1245   retarget.o
       324         24         26          0       1208      14002   segger_rtt.o
        56         26        192          0       1536        616   startup_stm32c031xx.o
       272         20          0          5          4       6247   stm32c0xx_hal.o
      4206         96          0          0          0      17495   stm32c0xx_hal_adc.o
       718         12          0          0          0       7177   stm32c0xx_hal_adc_ex.o
       322         24          0          0          0       6295   stm32c0xx_hal_cortex.o
      1138         36          0          0          0       7352   stm32c0xx_hal_dma.o
       808         36          0          0          0       4653   stm32c0xx_hal_gpio.o
        56          4          0          0          0       1307   stm32c0xx_hal_msp.o
      1824         84          0          0          0       7488   stm32c0xx_hal_rcc.o
       440          8          0          0          0       4354   stm32c0xx_hal_rcc_ex.o
      4038        172          0          0          0      38766   stm32c0xx_hal_tim.o
       536          8          0          0          0      18326   stm32c0xx_hal_tim_ex.o
       144         28          0          0          0       1488   stm32c0xx_it.o
        16          4         64          4          0       1977   system_stm32c0xx.o
      1172         72          0          0        380       8902   tim.o

    ----------------------------------------------------------------------
     17340        742        344         12       3668     164897   Object Totals
         0          0         32          0          0          0   (incl. Generated)
        22          0          3          3          4          0   (incl. Padding)

    ----------------------------------------------------------------------

      Code (inc. data)   RO Data    RW Data    ZI Data      Debug   Library Member Name

         8          0          0          0          0         68   __main.o
       392          6         17          0          0         76   __printf_flags_ss_wp.o
        14          0          0          0          0         60   __printf_wp.o
         0          0          0          0          0          0   __rtentry.o
        12          0          0          0          0          0   __rtentry2.o
         6          0          0          0          0          0   __rtentry4.o
        86         10          0          0          0          0   __scatter.o
        26          0          0          0          0          0   __scatter_copy.o
        28          0          0          0          0          0   __scatter_zi.o
        66          0          0          0          0         76   _c16rtomb.o
        10          0          0          0          0          0   _printf_a.o
        10          0          0          0          0          0   _printf_c.o
        46          0          0          0          0        100   _printf_char.o
        48          6          0          0          0         88   _printf_char_common.o
        40          6          0          0          0         72   _printf_char_file.o
        38          0          0          0          0         60   _printf_charcount.o
        10          0          0          0          0          0   _printf_d.o
       108         18          0          0          0         76   _printf_dec.o
        10          0          0          0          0          0   _printf_e.o
        10          0          0          0          0          0   _printf_f.o
      1044         12          0          0          0        116   _printf_fp_dec.o
       728         10         38          0          0         84   _printf_fp_hex.o
       136         16          0          0          0         76   _printf_fp_infnan.o
        10          0          0          0          0          0   _printf_g.o
       152          4         40          0          0        148   _printf_hex_int_ll_ptr.o
        10          0          0          0          0          0   _printf_i.o
       176          0          0          0          0         84   _printf_intcommon.o
        10          0          0          0          0          0   _printf_l.o
        10          0          0          0          0          0   _printf_lc.o
        10          0          0          0          0          0   _printf_ll.o
        10          0          0          0          0          0   _printf_lld.o
        10          0          0          0          0          0   _printf_lli.o
        10          0          0          0          0          0   _printf_llo.o
        10          0          0          0          0          0   _printf_llu.o
        10          0          0          0          0          0   _printf_llx.o
       112         18          0          0          0         76   _printf_longlong_dec.o
        10          0          0          0          0          0   _printf_ls.o
        10          0          0          0          0          0   _printf_n.o
        10          0          0          0          0          0   _printf_o.o
       112         10          0          0          0        112   _printf_oct_int_ll.o
        10          0          0          0          0          0   _printf_p.o
        78          0          0          0          0        100   _printf_pad.o
         2          0          0          0          0          0   _printf_percent.o
         4          0          0          0          0          0   _printf_percent_end.o
        10          0          0          0          0          0   _printf_s.o
        82          0          0          0          0         72   _printf_str.o
        36          0          0          0          0         76   _printf_truncate.o
        10          0          0          0          0          0   _printf_u.o
        46          0          0          0          0        100   _printf_wchar.o
       188          6          8          0          0         80   _printf_wctomb.o
        10          0          0          0          0          0   _printf_x.o
       364          4          0          0          0         92   aeabi_sdiv.o
       216          6        148          0          0         80   bigflt0.o
      1456         30          0          0          0        336   btod.o
        16          0          0          0          0         68   exit.o
         6          0          0          0          0        136   heapauxi.o
        44         10        272          0          0         76   lc_ctype_c.o
        44         10         28          0          0         76   lc_numeric_c.o
         2          0          0          0          0          0   libinit.o
        30          0          0          0          0          0   libinit2.o
         2          0          0          0          0          0   libshutdown.o
         2          0          0          0          0          0   libshutdown2.o
         8          4          0          0         96         68   libspace.o
       122          0          0          0          0         72   lludiv10.o
        28          6          0          0          0         84   printf.o
        16          4          0          0          0         76   rt_ctype_table.o
         8          4          0          0          0         68   rt_locale_intlibspace.o
        64          0          0          0          0        108   rt_memclr.o
         2          0          0          0          0          0   rtexit.o
        10          0          0          0          0          0   rtexit2.o
        40          0          0          0          0         60   rtudiv10.o
       136          4          0          0          0         72   strcmp.o
        62          0          0          0          0         80   sys_stackheap_outer.o
        16          4          0          0          0         76   printf1.o
        16          4          0          0          0         76   printf2.o
         0          0          0          0          0          0   usenofp.o
        44          4          0          0          0         60   fpclassify.o

    ----------------------------------------------------------------------
      6800        216        552          0         96       3564   Library Totals
        12          0          1          0          0          0   (incl. Padding)

    ----------------------------------------------------------------------

      Code (inc. data)   RO Data    RW Data    ZI Data      Debug   Library Name

      6712        204        551          0         96       3352   c_p.l
        32          8          0          0          0        152   fz_ps.l
        44          4          0          0          0         60   m_ps.l

    ----------------------------------------------------------------------
      6800        216        552          0         96       3564   Library Totals

    ----------------------------------------------------------------------

==============================================================================


      Code (inc. data)   RO Data    RW Data    ZI Data      Debug   

     24140        958        896         12       3764     166493   Grand Totals
     24140        958        896         12       3764     166493   ELF Image Totals
     24140        958        896         12          0          0   ROM Totals

==============================================================================

    Total RO  Size (Code + RO Data)                25036 (  24.45kB)
    Total RW  Size (RW Data + ZI Data)              3776 (   3.69kB)
    Total ROM Size (Code + RO Data + RW Data)      25048 (  24.46kB)

==============================================================================

