Component: ARM Compiler 5.06 update 7 (build 960) Tool: armlink [4d3601]

==============================================================================

Section Cross References

    startup_stm32g031xx.o(STACK) refers (Special) to heapauxi.o(.text) for __use_two_region_memory
    startup_stm32g031xx.o(HEAP) refers (Special) to heapauxi.o(.text) for __use_two_region_memory
    startup_stm32g031xx.o(RESET) refers (Special) to heapauxi.o(.text) for __use_two_region_memory
    startup_stm32g031xx.o(RESET) refers to startup_stm32g031xx.o(STACK) for __initial_sp
    startup_stm32g031xx.o(RESET) refers to startup_stm32g031xx.o(.text) for Reset_Handler
    startup_stm32g031xx.o(RESET) refers to stm32g0xx_it.o(i.NMI_Handler) for NMI_Handler
    startup_stm32g031xx.o(RESET) refers to stm32g0xx_it.o(i.HardFault_Handler) for HardFault_Handler
    startup_stm32g031xx.o(RESET) refers to stm32g0xx_it.o(i.SVC_Handler) for SVC_Handler
    startup_stm32g031xx.o(RESET) refers to stm32g0xx_it.o(i.PendSV_Handler) for PendSV_Handler
    startup_stm32g031xx.o(RESET) refers to stm32g0xx_it.o(i.SysTick_Handler) for SysTick_Handler
    startup_stm32g031xx.o(RESET) refers to stm32g0xx_it.o(i.DMA1_Channel1_IRQHandler) for DMA1_Channel1_IRQHandler
    startup_stm32g031xx.o(RESET) refers to stm32g0xx_it.o(i.ADC1_IRQHandler) for ADC1_IRQHandler
    startup_stm32g031xx.o(RESET) refers to stm32g0xx_it.o(i.TIM1_BRK_UP_TRG_COM_IRQHandler) for TIM1_BRK_UP_TRG_COM_IRQHandler
    startup_stm32g031xx.o(RESET) refers to stm32g0xx_it.o(i.TIM1_CC_IRQHandler) for TIM1_CC_IRQHandler
    startup_stm32g031xx.o(RESET) refers to stm32g0xx_it.o(i.TIM2_IRQHandler) for TIM2_IRQHandler
    startup_stm32g031xx.o(.text) refers (Special) to heapauxi.o(.text) for __use_two_region_memory
    startup_stm32g031xx.o(.text) refers to system_stm32g0xx.o(i.SystemInit) for SystemInit
    startup_stm32g031xx.o(.text) refers to __main.o(!!!main) for __main
    startup_stm32g031xx.o(.text) refers to startup_stm32g031xx.o(HEAP) for Heap_Mem
    startup_stm32g031xx.o(.text) refers to startup_stm32g031xx.o(STACK) for Stack_Mem
    adc_calc.o(i.ADC_To_Voltage) refers to fflti.o(.text) for __aeabi_ui2f
    adc_calc.o(i.ADC_To_Voltage) refers to fmul.o(x$fpl$fmul) for __aeabi_fmul
    adc_calc.o(i.ADC_To_Voltage) refers to fdiv.o(.text) for __aeabi_fdiv
    adc_calc.o(i.ADC_To_Voltage) refers to ffixi.o(.text) for __aeabi_f2iz
    func.o(i.CheckSignalTimeout) refers to stm32g0xx_hal.o(i.HAL_GetTick) for HAL_GetTick
    func.o(i.CheckSignalTimeout) refers to func.o(i.Handle_Unknown_Signal) for Handle_Unknown_Signal
    func.o(i.CheckSignalTimeout) refers to main.o(.data) for last_interrupt_tick
    func.o(i.CheckSignalTimeout) refers to func.o(.data) for is_signal_lost
    func.o(i.Handle_4Hz_Signal) refers to func.o(i.StartPWM) for StartPWM
    func.o(i.Handle_4Hz_Signal) refers to led.o(i.LED_SetState) for LED_SetState
    func.o(i.Handle_4Hz_Signal) refers to led.o(i.ProgressLED_SetState) for ProgressLED_SetState
    func.o(i.Handle_4Hz_Signal) refers to tim.o(.bss) for htim1
    func.o(i.Handle_8Hz_Signal) refers to func.o(i.StartPWM) for StartPWM
    func.o(i.Handle_8Hz_Signal) refers to led.o(i.LED_SetState) for LED_SetState
    func.o(i.Handle_8Hz_Signal) refers to led.o(i.ProgressLED_SetState) for ProgressLED_SetState
    func.o(i.Handle_8Hz_Signal) refers to tim.o(.bss) for htim1
    func.o(i.Handle_Unknown_Signal) refers to func.o(i.StartPWM) for StartPWM
    func.o(i.Handle_Unknown_Signal) refers to led.o(i.ProgressLED_Init) for ProgressLED_Init
    func.o(i.Handle_Unknown_Signal) refers to led.o(i.LED_SetState) for LED_SetState
    func.o(i.Handle_Unknown_Signal) refers to tim.o(.bss) for htim1
    func.o(i.StartPWM) refers to aeabi_sdiv.o(.text) for __aeabi_uidivmod
    func.o(i.StartPWM) refers to fflti.o(.text) for __aeabi_ui2f
    func.o(i.StartPWM) refers to fmul.o(x$fpl$fmul) for __aeabi_fmul
    func.o(i.StartPWM) refers to fdiv.o(.text) for __aeabi_fdiv
    func.o(i.StartPWM) refers to ffixui.o(.text) for __aeabi_f2uiz
    func.o(i.StartPWM) refers to stm32g0xx_hal_tim.o(i.HAL_TIM_PWM_Start) for HAL_TIM_PWM_Start
    func.o(i.StartPWM) refers to system_stm32g0xx.o(.data) for SystemCoreClock
    led.o(i.LED_Init) refers to led.o(i.ProgressLED_Init) for ProgressLED_Init
    led.o(i.LED_Init) refers to led.o(i.LED_SetState) for LED_SetState
    led.o(i.LED_SetState) refers to stm32g0xx_hal_gpio.o(i.HAL_GPIO_WritePin) for HAL_GPIO_WritePin
    led.o(i.LED_SetState) refers to stm32g0xx_hal_gpio.o(i.HAL_GPIO_TogglePin) for HAL_GPIO_TogglePin
    led.o(i.ProgressLED_Init) refers to led.o(i.LED_SetState) for LED_SetState
    led.o(i.ProgressLED_Init) refers to led.o(.constdata) for progress_led_pins
    led.o(i.ProgressLED_Init) refers to led.o(.data) for progress_led_ports
    led.o(i.ProgressLED_SetState) refers to led.o(i.LED_SetState) for LED_SetState
    led.o(i.ProgressLED_SetState) refers to led.o(.constdata) for progress_led_pins
[...]
    ../fplib/cfplib/fpinit.c                 0x00000000   Number         0  fpinit.o ABSOLUTE
    ../fplib/cfplib/nan2.c                   0x00000000   Number         0  dnan2.o ABSOLUTE
    ../fplib/cfplib/retnan.c                 0x00000000   Number         0  retnan.o ABSOLUTE
    ../fplib/dleqf6m.s                       0x00000000   Number         0  dlef.o ABSOLUTE
    ../fplib/drleqf6m.s                      0x00000000   Number         0  drlef.o ABSOLUTE
    ../fplib/fmul6m.s                        0x00000000   Number         0  fmul.o ABSOLUTE
    ../fplib/usenofp.s                       0x00000000   Number         0  usenofp.o ABSOLUTE
    ..\Core\Src\adc.c                        0x00000000   Number         0  adc.o ABSOLUTE
    ..\Core\Src\adc_calc.c                   0x00000000   Number         0  adc_calc.o ABSOLUTE
    ..\Core\Src\dma.c                        0x00000000   Number         0  dma.o ABSOLUTE
    ..\Core\Src\func.c                       0x00000000   Number         0  func.o ABSOLUTE
    ..\Core\Src\gpio.c                       0x00000000   Number         0  gpio.o ABSOLUTE
    ..\Core\Src\led.c                        0x00000000   Number         0  led.o ABSOLUTE
    ..\Core\Src\main.c                       0x00000000   Number         0  main.o ABSOLUTE
    ..\Core\Src\median_average_filtering.c   0x00000000   Number         0  median_average_filtering.o ABSOLUTE
    ..\Core\Src\stm32g0xx_hal_msp.c          0x00000000   Number         0  stm32g0xx_hal_msp.o ABSOLUTE
    ..\Core\Src\stm32g0xx_it.c               0x00000000   Number         0  stm32g0xx_it.o ABSOLUTE
    ..\Core\Src\sweep_freq.c                 0x00000000   Number         0  sweep_freq.o ABSOLUTE
    ..\Core\Src\system_stm32g0xx.c           0x00000000   Number         0  system_stm32g0xx.o ABSOLUTE
    ..\Core\Src\tim.c                        0x00000000   Number         0  tim.o ABSOLUTE
    ..\Core\Src\weighted_moving_average_filter.c 0x00000000   Number         0  weighted_moving_average_filter.o ABSOLUTE
    ..\Drivers\Middlewares\SEGGER_RTT\SEGGER_RTT.c 0x00000000   Number         0  segger_rtt.o ABSOLUTE
    ..\Drivers\Middlewares\SEGGER_RTT\SEGGER_RTT_printf.c 0x00000000   Number         0  segger_rtt_printf.o ABSOLUTE
    ..\Drivers\STM32G0xx_HAL_Driver\Src\stm32g0xx_hal.c 0x00000000   Number         0  stm32g0xx_hal.o ABSOLUTE
    ..\Drivers\STM32G0xx_HAL_Driver\Src\stm32g0xx_hal_adc.c 0x00000000   Number         0  stm32g0xx_hal_adc.o ABSOLUTE
    ..\Drivers\STM32G0xx_HAL_Driver\Src\stm32g0xx_hal_adc_ex.c 0x00000000   Number         0  stm32g0xx_hal_adc_ex.o ABSOLUTE
    ..\Drivers\STM32G0xx_HAL_Driver\Src\stm32g0xx_hal_cortex.c 0x00000000   Number         0  stm32g0xx_hal_cortex.o ABSOLUTE
    ..\Drivers\STM32G0xx_HAL_Driver\Src\stm32g0xx_hal_dma.c 0x00000000   Number         0  stm32g0xx_hal_dma.o ABSOLUTE
    ..\Drivers\STM32G0xx_HAL_Driver\Src\stm32g0xx_hal_dma_ex.c 0x00000000   Number         0  stm32g0xx_hal_dma_ex.o ABSOLUTE
    ..\Drivers\STM32G0xx_HAL_Driver\Src\stm32g0xx_hal_exti.c 0x00000000   Number         0  stm32g0xx_hal_exti.o ABSOLUTE
    ..\Drivers\STM32G0xx_HAL_Driver\Src\stm32g0xx_hal_flash.c 0x00000000   Number         0  stm32g0xx_hal_flash.o ABSOLUTE
    ..\Drivers\STM32G0xx_HAL_Driver\Src\stm32g0xx_hal_flash_ex.c 0x00000000   Number         0  stm32g0xx_hal_flash_ex.o ABSOLUTE
    ..\Drivers\STM32G0xx_HAL_Driver\Src\stm32g0xx_hal_gpio.c 0x00000000   Number         0  stm32g0xx_hal_gpio.o ABSOLUTE
    ..\Drivers\STM32G0xx_HAL_Driver\Src\stm32g0xx_hal_pwr.c 0x00000000   Number         0  stm32g0xx_hal_pwr.o ABSOLUTE
    ..\Drivers\STM32G0xx_HAL_Driver\Src\stm32g0xx_hal_pwr_ex.c 0x00000000   Number         0  stm32g0xx_hal_pwr_ex.o ABSOLUTE
    ..\Drivers\STM32G0xx_HAL_Driver\Src\stm32g0xx_hal_rcc.c 0x00000000   Number         0  stm32g0xx_hal_rcc.o ABSOLUTE
    ..\Drivers\STM32G0xx_HAL_Driver\Src\stm32g0xx_hal_rcc_ex.c 0x00000000   Number         0  stm32g0xx_hal_rcc_ex.o ABSOLUTE
    ..\Drivers\STM32G0xx_HAL_Driver\Src\stm32g0xx_hal_tim.c 0x00000000   Number         0  stm32g0xx_hal_tim.o ABSOLUTE
    ..\Drivers\STM32G0xx_HAL_Driver\Src\stm32g0xx_hal_tim_ex.c 0x00000000   Number         0  stm32g0xx_hal_tim_ex.o ABSOLUTE
    ..\\Core\\Src\\func.c                    0x00000000   Number         0  func.o ABSOLUTE
    ..\\Core\\Src\\led.c                     0x00000000   Number         0  led.o ABSOLUTE
    ..\\Core\\Src\\sweep_freq.c              0x00000000   Number         0  sweep_freq.o ABSOLUTE
    dc.s                                     0x00000000   Number         0  dc.o ABSOLUTE
    startup_stm32g031xx.s                    0x00000000   Number         0  startup_stm32g031xx.o ABSOLUTE
    RESET                                    0x08000000   Section      192  startup_stm32g031xx.o(RESET)
    !!!main                                  0x080000c0   Section        8  __main.o(!!!main)
    !!!scatter                               0x080000c8   Section       60  __scatter.o(!!!scatter)
    !!handler_copy                           0x08000104   Section       26  __scatter_copy.o(!!handler_copy)
    !!handler_zi                             0x08000120   Section       28  __scatter_zi.o(!!handler_zi)
    .ARM.Collect$$libinit$$00000000          0x0800013c   Section        2  libinit.o(.ARM.Collect$$libinit$$00000000)
    .ARM.Collect$$libinit$$00000002          0x0800013e   Section        0  libinit2.o(.ARM.Collect$$libinit$$00000002)
    .ARM.Collect$$libinit$$00000004          0x0800013e   Section        0  libinit2.o(.ARM.Collect$$libinit$$00000004)
    .ARM.Collect$$libinit$$0000000A          0x0800013e   Section        0  libinit2.o(.ARM.Collect$$libinit$$0000000A)
    .ARM.Collect$$libinit$$0000000C          0x0800013e   Section        0  libinit2.o(.ARM.Collect$$libinit$$0000000C)
    .ARM.Collect$$libinit$$0000000E          0x0800013e   Section        0  libinit2.o(.ARM.Collect$$libinit$$0000000E)
    .ARM.Collect$$libinit$$00000011          0x0800013e   Section        0  libinit2.o(.ARM.Collect$$libinit$$00000011)
    .ARM.Collect$$libinit$$00000013          0x0800013e   Section        0  libinit2.o(.ARM.Collect$$libinit$$00000013)
    .ARM.Collect$$libinit$$00000015          0x0800013e   Section        0  libinit2.o(.ARM.Collect$$libinit$$00000015)
    .ARM.Collect$$libinit$$00000017          0x0800013e   Section        0  libinit2.o(.ARM.Collect$$libinit$$00000017)
    .ARM.Collect$$libinit$$00000019          0x0800013e   Section        0  libinit2.o(.ARM.Collect$$libinit$$00000019)
    .ARM.Collect$$libinit$$0000001B          0x0800013e   Section        0  libinit2.o(.ARM.Collect$$libinit$$0000001B)
    .ARM.Collect$$libinit$$0000001D          0x0800013e   Section        0  libinit2.o(.ARM.Collect$$libinit$$0000001D)
    .ARM.Collect$$libinit$$0000001F          0x0800013e   Section        0  libinit2.o(.ARM.Collect$$libinit$$0000001F)
    .ARM.Collect$$libinit$$00000021          0x0800013e   Section        0  libinit2.o(.ARM.Collect$$libinit$$00000021)
    .ARM.Collect$$libinit$$00000023          0x0800013e   Section        0  libinit2.o(.ARM.Collect$$libinit$$00000023)
    .ARM.Collect$$libinit$$00000025          0x0800013e   Section        0  libinit2.o(.ARM.Collect$$libinit$$00000025)
    .ARM.Collect$$libinit$$0000002C          0x0800013e   Section        0  libinit2.o(.ARM.Collect$$libinit$$0000002C)
    .ARM.Collect$$libinit$$0000002E          0x0800013e   Section        0  libinit2.o(.ARM.Collect$$libinit$$0000002E)
    .ARM.Collect$$libinit$$00000030          0x0800013e   Section        0  libinit2.o(.ARM.Collect$$libinit$$00000030)
    .ARM.Collect$$libinit$$00000032          0x0800013e   Section        0  libinit2.o(.ARM.Collect$$libinit$$00000032)
    .ARM.Collect$$libinit$$00000033          0x0800013e   Section        2  libinit2.o(.ARM.Collect$$libinit$$00000033)
    .ARM.Collect$$libshutdown$$00000000      0x08000140   Section        2  libshutdown.o(.ARM.Collect$$libshutdown$$00000000)
    .ARM.Collect$$libshutdown$$00000002      0x08000142   Section        0  libshutdown2.o(.ARM.Collect$$libshutdown$$00000002)
    .ARM.Collect$$libshutdown$$00000004      0x08000142   Section        0  libshutdown2.o(.ARM.Collect$$libshutdown$$00000004)
    .ARM.Collect$$libshutdown$$00000006      0x08000142   Section        0  libshutdown2.o(.ARM.Collect$$libshutdown$$00000006)
    .ARM.Collect$$libshutdown$$00000009      0x08000142   Section        0  libshutdown2.o(.ARM.Collect$$libshutdown$$00000009)
    .ARM.Collect$$libshutdown$$0000000C      0x08000142   Section        0  libshutdown2.o(.ARM.Collect$$libshutdown$$0000000C)
    .ARM.Collect$$libshutdown$$0000000E      0x08000142   Section        0  libshutdown2.o(.ARM.Collect$$libshutdown$$0000000E)
    .ARM.Collect$$libshutdown$$00000011      0x08000142   Section        0  libshutdown2.o(.ARM.Collect$$libshutdown$$00000011)
    .ARM.Collect$$libshutdown$$00000012      0x08000142   Section        2  libshutdown2.o(.ARM.Collect$$libshutdown$$00000012)
    .ARM.Collect$$rtentry$$00000000          0x08000144   Section        0  __rtentry.o(.ARM.Collect$$rtentry$$00000000)
    .ARM.Collect$$rtentry$$00000002          0x08000144   Section        0  __rtentry2.o(.ARM.Collect$$rtentry$$00000002)
    .ARM.Collect$$rtentry$$00000004          0x08000144   Section        6  __rtentry4.o(.ARM.Collect$$rtentry$$00000004)
    .ARM.Collect$$rtentry$$00000009          0x0800014a   Section        0  __rtentry2.o(.ARM.Collect$$rtentry$$00000009)
    .ARM.Collect$$rtentry$$0000000A          0x0800014a   Section        4  __rtentry2.o(.ARM.Collect$$rtentry$$0000000A)
    .ARM.Collect$$rtentry$$0000000C          0x0800014e   Section        0  __rtentry2.o(.ARM.Collect$$rtentry$$0000000C)
    .ARM.Collect$$rtentry$$0000000D          0x0800014e   Section        8  __rtentry2.o(.ARM.Collect$$rtentry$$0000000D)
    .ARM.Collect$$rtexit$$00000000           0x08000156   Section        2  rtexit.o(.ARM.Collect$$rtexit$$00000000)
    .ARM.Collect$$rtexit$$00000002           0x08000158   Section        0  rtexit2.o(.ARM.Collect$$rtexit$$00000002)
    .ARM.Collect$$rtexit$$00000003           0x08000158   Section        4  rtexit2.o(.ARM.Collect$$rtexit$$00000003)
    .ARM.Collect$$rtexit$$00000004           0x0800015c   Section        6  rtexit2.o(.ARM.Collect$$rtexit$$00000004)
    .emb_text                                0x08000164   Section       56  rt_memcpy.o(.emb_text)
    .text                                    0x0800019c   Section       56  startup_stm32g031xx.o(.text)
    .text                                    0x080001d4   Section        0  rt_memcpy.o(.text)
    .text                                    0x08000256   Section        0  rt_memclr.o(.text)
    .text                                    0x08000296   Section      346  aeabi_sdiv.o(.text)
    .text                                    0x080003f0   Section        0  heapauxi.o(.text)
    .text                                    0x080003f8   Section        0  f2d.o(.text)
    .text                                    0x0800044c   Section        0  fdiv.o(.text)
    .text                                    0x080005ac   Section        0  ffixui.o(.text)
    .text                                    0x080005dc   Section        0  fflti.o(.text)
    .text                                    0x0800063c   Section        0  dcmpin.o(.text)
    .text                                    0x080006cc   Section        0  cmpret.o(.text)
    .text                                    0x080006fc   Section        0  dnan2.o(.text)
    .text                                    0x08000710   Section       62  sys_stackheap_outer.o(.text)
    .text                                    0x0800074e   Section        0  exit.o(.text)
    .text                                    0x0800075e   Section        0  retnan.o(.text)
    .text                                    0x080007bc   Section        8  libspace.o(.text)
    .text                                    0x080007c4   Section        0  sys_exit.o(.text)
    .text                                    0x080007d0   Section        2  use_no_semi.o(.text)
    .text                                    0x080007d2   Section        0  indicate_semi.o(.text)
    i.ADC1_IRQHandler                        0x080007d4   Section        0  stm32g0xx_it.o(i.ADC1_IRQHandler)
    i.ADC_DMAConvCplt                        0x080007e4   Section        0  stm32g0xx_hal_adc.o(i.ADC_DMAConvCplt)
    ADC_DMAConvCplt                          0x080007e5   Thumb Code   144  stm32g0xx_hal_adc.o(i.ADC_DMAConvCplt)
    i.ADC_DMAError                           0x08000874   Section        0  stm32g0xx_hal_adc.o(i.ADC_DMAError)
    ADC_DMAError                             0x08000875   Thumb Code    30  stm32g0xx_hal_adc.o(i.ADC_DMAError)
    i.ADC_DMAHalfConvCplt                    0x08000892   Section        0  stm32g0xx_hal_adc.o(i.ADC_DMAHalfConvCplt)
    ADC_DMAHalfConvCplt                      0x08000893   Thumb Code    14  stm32g0xx_hal_adc.o(i.ADC_DMAHalfConvCplt)
    i.ADC_Enable                             0x080008a0   Section        0  stm32g0xx_hal_adc.o(i.ADC_Enable)
    i.CheckSignalTimeout                     0x08000978   Section        0  func.o(i.CheckSignalTimeout)
    i.DMA1_Channel1_IRQHandler               0x080009c8   Section        0  stm32g0xx_it.o(i.DMA1_Channel1_IRQHandler)
    i.DMA_CalcDMAMUXChannelBaseAndMask       0x080009d8   Section        0  stm32g0xx_hal_dma.o(i.DMA_CalcDMAMUXChannelBaseAndMask)
    DMA_CalcDMAMUXChannelBaseAndMask         0x080009d9   Thumb Code    48  stm32g0xx_hal_dma.o(i.DMA_CalcDMAMUXChannelBaseAndMask)
    i.DMA_CalcDMAMUXRequestGenBaseAndMask    0x08000a0c   Section        0  stm32g0xx_hal_dma.o(i.DMA_CalcDMAMUXRequestGenBaseAndMask)
    DMA_CalcDMAMUXRequestGenBaseAndMask      0x08000a0d   Thumb Code    36  stm32g0xx_hal_dma.o(i.DMA_CalcDMAMUXRequestGenBaseAndMask)
    i.DMA_SetConfig                          0x08000a34   Section        0  stm32g0xx_hal_dma.o(i.DMA_SetConfig)
    DMA_SetConfig                            0x08000a35   Thumb Code    70  stm32g0xx_hal_dma.o(i.DMA_SetConfig)
    i.Error_Handler                          0x08000a80   Section        0  main.o(i.Error_Handler)
    i.HAL_ADCEx_ChannelConfigReadyCallback   0x08000a86   Section        0  stm32g0xx_hal_adc_ex.o(i.HAL_ADCEx_ChannelConfigReadyCallback)
    i.HAL_ADCEx_EndOfSamplingCallback        0x08000a88   Section        0  stm32g0xx_hal_adc_ex.o(i.HAL_ADCEx_EndOfSamplingCallback)
    i.HAL_ADCEx_LevelOutOfWindow2Callback    0x08000a8a   Section        0  stm32g0xx_hal_adc_ex.o(i.HAL_ADCEx_LevelOutOfWindow2Callback)
    i.HAL_ADCEx_LevelOutOfWindow3Callback    0x08000a8c   Section        0  stm32g0xx_hal_adc_ex.o(i.HAL_ADCEx_LevelOutOfWindow3Callback)
    i.HAL_ADC_ConfigChannel                  0x08000a90   Section        0  stm32g0xx_hal_adc.o(i.HAL_ADC_ConfigChannel)
    i.HAL_ADC_ConvCpltCallback               0x08000df4   Section        0  stm32g0xx_hal_adc.o(i.HAL_ADC_ConvCpltCallback)
    i.HAL_ADC_ConvHalfCpltCallback           0x08000df6   Section        0  stm32g0xx_hal_adc.o(i.HAL_ADC_ConvHalfCpltCallback)
    i.HAL_ADC_ErrorCallback                  0x08000df8   Section        0  stm32g0xx_hal_adc.o(i.HAL_ADC_ErrorCallback)
    i.HAL_ADC_IRQHandler                     0x08000dfa   Section        0  stm32g0xx_hal_adc.o(i.HAL_ADC_IRQHandler)
    i.HAL_ADC_Init                           0x08000fa4   Section        0  stm32g0xx_hal_adc.o(i.HAL_ADC_Init)
    i.HAL_ADC_LevelOutOfWindowCallback       0x0800123c   Section        0  stm32g0xx_hal_adc.o(i.HAL_ADC_LevelOutOfWindowCallback)
    i.HAL_ADC_MspInit                        0x08001240   Section        0  adc.o(i.HAL_ADC_MspInit)
    i.HAL_ADC_Start_DMA                      0x0800130c   Section        0  stm32g0xx_hal_adc.o(i.HAL_ADC_Start_DMA)
    i.HAL_DMA_IRQHandler                     0x080013d8   Section        0  stm32g0xx_hal_dma.o(i.HAL_DMA_IRQHandler)
    i.HAL_DMA_Init                           0x080014f8   Section        0  stm32g0xx_hal_dma.o(i.HAL_DMA_Init)
    i.HAL_DMA_Start_IT                       0x080015b8   Section        0  stm32g0xx_hal_dma.o(i.HAL_DMA_Start_IT)
    i.HAL_GPIO_Init                          0x08001684   Section        0  stm32g0xx_hal_gpio.o(i.HAL_GPIO_Init)
    i.HAL_GPIO_TogglePin                     0x0800185c   Section        0  stm32g0xx_hal_gpio.o(i.HAL_GPIO_TogglePin)
    i.HAL_GPIO_WritePin                      0x08001870   Section        0  stm32g0xx_hal_gpio.o(i.HAL_GPIO_WritePin)
    i.HAL_GetTick                            0x0800187c   Section        0  stm32g0xx_hal.o(i.HAL_GetTick)
    i.HAL_IncTick                            0x08001888   Section        0  stm32g0xx_hal.o(i.HAL_IncTick)
    i.HAL_Init                               0x080018a0   Section        0  stm32g0xx_hal.o(i.HAL_Init)
    i.HAL_InitTick                           0x080018cc   Section        0  stm32g0xx_hal.o(i.HAL_InitTick)
    i.HAL_MspInit                            0x0800192c   Section        0  stm32g0xx_hal_msp.o(i.HAL_MspInit)
    i.HAL_NVIC_EnableIRQ                     0x08001970   Section        0  stm32g0xx_hal_cortex.o(i.HAL_NVIC_EnableIRQ)
    i.HAL_NVIC_SetPriority                   0x08001994   Section        0  stm32g0xx_hal_cortex.o(i.HAL_NVIC_SetPriority)
    i.HAL_PWREx_ControlVoltageScaling        0x080019a8   Section        0  stm32g0xx_hal_pwr_ex.o(i.HAL_PWREx_ControlVoltageScaling)
    i.HAL_RCCEx_PeriphCLKConfig              0x08001a00   Section        0  stm32g0xx_hal_rcc_ex.o(i.HAL_RCCEx_PeriphCLKConfig)
    i.HAL_RCC_ClockConfig                    0x08001c80   Section        0  stm32g0xx_hal_rcc.o(i.HAL_RCC_ClockConfig)
    i.HAL_RCC_GetSysClockFreq                0x08001e54   Section        0  stm32g0xx_hal_rcc.o(i.HAL_RCC_GetSysClockFreq)
    i.HAL_RCC_OscConfig                      0x08001f38   Section        0  stm32g0xx_hal_rcc.o(i.HAL_RCC_OscConfig)
    i.HAL_SYSTICK_Config                     0x080024f4   Section        0  stm32g0xx_hal_cortex.o(i.HAL_SYSTICK_Config)
    i.HAL_TIMEx_Break2Callback               0x0800252c   Section        0  stm32g0xx_hal_tim_ex.o(i.HAL_TIMEx_Break2Callback)
    i.HAL_TIMEx_BreakCallback                0x0800252e   Section        0  stm32g0xx_hal_tim_ex.o(i.HAL_TIMEx_BreakCallback)
    i.HAL_TIMEx_CommutCallback               0x08002530   Section        0  stm32g0xx_hal_tim_ex.o(i.HAL_TIMEx_CommutCallback)
    i.HAL_TIMEx_ConfigBreakDeadTime          0x08002534   Section        0  stm32g0xx_hal_tim_ex.o(i.HAL_TIMEx_ConfigBreakDeadTime)
    i.HAL_TIMEx_MasterConfigSynchronization  0x08002624   Section        0  stm32g0xx_hal_tim_ex.o(i.HAL_TIMEx_MasterConfigSynchronization)
    i.HAL_TIM_IC_CaptureCallback             0x080026bc   Section        0  tim.o(i.HAL_TIM_IC_CaptureCallback)
    i.HAL_TIM_IC_ConfigChannel               0x080027e8   Section        0  stm32g0xx_hal_tim.o(i.HAL_TIM_IC_ConfigChannel)
    i.HAL_TIM_IC_Init                        0x080028ca   Section        0  stm32g0xx_hal_tim.o(i.HAL_TIM_IC_Init)
    i.HAL_TIM_IC_MspInit                     0x08002936   Section        0  stm32g0xx_hal_tim.o(i.HAL_TIM_IC_MspInit)
    i.HAL_TIM_IC_Start_IT                    0x08002938   Section        0  stm32g0xx_hal_tim.o(i.HAL_TIM_IC_Start_IT)
    i.HAL_TIM_IRQHandler                     0x08002acc   Section        0  stm32g0xx_hal_tim.o(i.HAL_TIM_IRQHandler)
    i.HAL_TIM_MspPostInit                    0x08002c70   Section        0  tim.o(i.HAL_TIM_MspPostInit)
    i.HAL_TIM_OC_DelayElapsedCallback        0x08002d10   Section        0  stm32g0xx_hal_tim.o(i.HAL_TIM_OC_DelayElapsedCallback)
    i.HAL_TIM_PWM_ConfigChannel              0x08002d12   Section        0  stm32g0xx_hal_tim.o(i.HAL_TIM_PWM_ConfigChannel)
    i.HAL_TIM_PWM_Init                       0x08002e8c   Section        0  stm32g0xx_hal_tim.o(i.HAL_TIM_PWM_Init)
    i.HAL_TIM_PWM_MspInit                    0x08002ef8   Section        0  tim.o(i.HAL_TIM_PWM_MspInit)
    i.HAL_TIM_PWM_PulseFinishedCallback      0x08002fec   Section        0  stm32g0xx_hal_tim.o(i.HAL_TIM_PWM_PulseFinishedCallback)
    i.HAL_TIM_PWM_Start                      0x08002ff0   Section        0  stm32g0xx_hal_tim.o(i.HAL_TIM_PWM_Start)
    i.HAL_TIM_PeriodElapsedCallback          0x08003110   Section        0  stm32g0xx_hal_tim.o(i.HAL_TIM_PeriodElapsedCallback)
    i.HAL_TIM_ReadCapturedValue              0x08003112   Section        0  stm32g0xx_hal_tim.o(i.HAL_TIM_ReadCapturedValue)
    i.HAL_TIM_TriggerCallback                0x08003146   Section        0  stm32g0xx_hal_tim.o(i.HAL_TIM_TriggerCallback)
    i.Handle_16Hz_Signal                     0x08003148   Section        0  func.o(i.Handle_16Hz_Signal)
    i.Handle_4Hz_Signal                      0x0800314c   Section        0  func.o(i.Handle_4Hz_Signal)
    i.Handle_8Hz_Signal                      0x08003184   Section        0  func.o(i.Handle_8Hz_Signal)
    i.Handle_Unknown_Signal                  0x080031bc   Section        0  func.o(i.Handle_Unknown_Signal)
    i.HardFault_Handler                      0x08003204   Section        0  stm32g0xx_it.o(i.HardFault_Handler)
    i.LED_SetState                           0x08003208   Section        0  led.o(i.LED_SetState)
    i.LL_ADC_Disable                         0x08003244   Section        0  stm32g0xx_hal_adc.o(i.LL_ADC_Disable)
    LL_ADC_Disable                           0x08003245   Thumb Code    12  stm32g0xx_hal_adc.o(i.LL_ADC_Disable)
    i.LL_ADC_Enable                          0x08003254   Section        0  stm32g0xx_hal_adc.o(i.LL_ADC_Enable)
    LL_ADC_Enable                            0x08003255   Thumb Code    12  stm32g0xx_hal_adc.o(i.LL_ADC_Enable)
    i.LL_ADC_GetCommonPathInternalCh         0x08003264   Section        0  stm32g0xx_hal_adc.o(i.LL_ADC_GetCommonPathInternalCh)
    LL_ADC_GetCommonPathInternalCh           0x08003265   Thumb Code    12  stm32g0xx_hal_adc.o(i.LL_ADC_GetCommonPathInternalCh)
    i.LL_ADC_IsEnabled                       0x08003270   Section        0  stm32g0xx_hal_adc.o(i.LL_ADC_IsEnabled)
    LL_ADC_IsEnabled                         0x08003271   Thumb Code    16  stm32g0xx_hal_adc.o(i.LL_ADC_IsEnabled)
    i.LL_ADC_IsInternalRegulatorEnabled      0x08003280   Section        0  stm32g0xx_hal_adc.o(i.LL_ADC_IsInternalRegulatorEnabled)
    LL_ADC_IsInternalRegulatorEnabled        0x08003281   Thumb Code    14  stm32g0xx_hal_adc.o(i.LL_ADC_IsInternalRegulatorEnabled)
    i.LL_ADC_REG_IsConversionOngoing         0x0800328e   Section        0  stm32g0xx_hal_adc.o(i.LL_ADC_REG_IsConversionOngoing)
    LL_ADC_REG_IsConversionOngoing           0x0800328f   Thumb Code    12  stm32g0xx_hal_adc.o(i.LL_ADC_REG_IsConversionOngoing)
    i.LL_ADC_REG_IsTriggerSourceSWStart      0x0800329a   Section        0  stm32g0xx_hal_adc.o(i.LL_ADC_REG_IsTriggerSourceSWStart)
    LL_ADC_REG_IsTriggerSourceSWStart        0x0800329b   Thumb Code    22  stm32g0xx_hal_adc.o(i.LL_ADC_REG_IsTriggerSourceSWStart)
    i.LL_ADC_REG_StartConversion             0x080032b0   Section        0  stm32g0xx_hal_adc.o(i.LL_ADC_REG_StartConversion)
    LL_ADC_REG_StartConversion               0x080032b1   Thumb Code    12  stm32g0xx_hal_adc.o(i.LL_ADC_REG_StartConversion)
    i.LL_ADC_SetCommonPathInternalCh         0x080032c0   Section        0  stm32g0xx_hal_adc.o(i.LL_ADC_SetCommonPathInternalCh)
    LL_ADC_SetCommonPathInternalCh           0x080032c1   Thumb Code    14  stm32g0xx_hal_adc.o(i.LL_ADC_SetCommonPathInternalCh)
    i.LL_ADC_SetSamplingTimeCommonChannels   0x080032ce   Section        0  stm32g0xx_hal_adc.o(i.LL_ADC_SetSamplingTimeCommonChannels)
    LL_ADC_SetSamplingTimeCommonChannels     0x080032cf   Thumb Code    30  stm32g0xx_hal_adc.o(i.LL_ADC_SetSamplingTimeCommonChannels)
    i.MX_ADC1_Init                           0x080032ec   Section        0  adc.o(i.MX_ADC1_Init)
    i.MX_DMA_Init                            0x08003390   Section        0  dma.o(i.MX_DMA_Init)
    i.MX_GPIO_Init                           0x080033c4   Section        0  gpio.o(i.MX_GPIO_Init)
    i.MX_TIM1_Init                           0x080034a4   Section        0  tim.o(i.MX_TIM1_Init)
    i.MX_TIM2_Init                           0x08003578   Section        0  tim.o(i.MX_TIM2_Init)
    i.NMI_Handler                            0x08003640   Section        0  stm32g0xx_it.o(i.NMI_Handler)
    i.PendSV_Handler                         0x08003644   Section        0  stm32g0xx_it.o(i.PendSV_Handler)
    i.ProgressLED_Init                       0x08003648   Section        0  led.o(i.ProgressLED_Init)
    i.ProgressLED_SetState                   0x08003674   Section        0  led.o(i.ProgressLED_SetState)
    i.SEGGER_RTT_Init                        0x0800369c   Section        0  segger_rtt.o(i.SEGGER_RTT_Init)
    i.SEGGER_RTT_Write                       0x080036a4   Section        0  segger_rtt.o(i.SEGGER_RTT_Write)
    i.SEGGER_RTT_WriteNoLock                 0x080036ec   Section        0  segger_rtt.o(i.SEGGER_RTT_WriteNoLock)
    i.SEGGER_RTT_printf                      0x08003770   Section        0  segger_rtt_printf.o(i.SEGGER_RTT_printf)
    i.SEGGER_RTT_vprintf                     0x08003794   Section        0  segger_rtt_printf.o(i.SEGGER_RTT_vprintf)
    i.SVC_Handler                            0x080039c0   Section        0  stm32g0xx_it.o(i.SVC_Handler)
    i.StartPWM                               0x080039c4   Section        0  func.o(i.StartPWM)
    i.SysTick_Handler                        0x08003b24   Section        0  stm32g0xx_it.o(i.SysTick_Handler)
    i.SystemClock_Config                     0x08003b2c   Section        0  main.o(i.SystemClock_Config)
    i.SystemInit                             0x08003bac   Section        0  system_stm32g0xx.o(i.SystemInit)
    i.TIM1_BRK_UP_TRG_COM_IRQHandler         0x08003bb0   Section        0  stm32g0xx_it.o(i.TIM1_BRK_UP_TRG_COM_IRQHandler)
    i.TIM1_CC_IRQHandler                     0x08003bc0   Section        0  stm32g0xx_it.o(i.TIM1_CC_IRQHandler)
    i.TIM2_IRQHandler                        0x08003bd0   Section        0  stm32g0xx_it.o(i.TIM2_IRQHandler)
    i.TIM_Base_SetConfig                     0x08003be0   Section        0  stm32g0xx_hal_tim.o(i.TIM_Base_SetConfig)
    i.TIM_CCxChannelCmd                      0x08003c90   Section        0  stm32g0xx_hal_tim.o(i.TIM_CCxChannelCmd)
    i.TIM_OC1_SetConfig                      0x08003cb4   Section        0  stm32g0xx_hal_tim.o(i.TIM_OC1_SetConfig)
    TIM_OC1_SetConfig                        0x08003cb5   Thumb Code   140  stm32g0xx_hal_tim.o(i.TIM_OC1_SetConfig)
    i.TIM_OC2_SetConfig                      0x08003d50   Section        0  stm32g0xx_hal_tim.o(i.TIM_OC2_SetConfig)
    i.TIM_OC3_SetConfig                      0x08003dfc   Section        0  stm32g0xx_hal_tim.o(i.TIM_OC3_SetConfig)
    TIM_OC3_SetConfig                        0x08003dfd   Thumb Code   152  stm32g0xx_hal_tim.o(i.TIM_OC3_SetConfig)
    i.TIM_OC4_SetConfig                      0x08003ea4   Section        0  stm32g0xx_hal_tim.o(i.TIM_OC4_SetConfig)
    TIM_OC4_SetConfig                        0x08003ea5   Thumb Code   100  stm32g0xx_hal_tim.o(i.TIM_OC4_SetConfig)
    i.TIM_OC5_SetConfig                      0x08003f18   Section        0  stm32g0xx_hal_tim.o(i.TIM_OC5_SetConfig)
    TIM_OC5_SetConfig                        0x08003f19   Thumb Code    86  stm32g0xx_hal_tim.o(i.TIM_OC5_SetConfig)
    i.TIM_OC6_SetConfig                      0x08003f80   Section        0  stm32g0xx_hal_tim.o(i.TIM_OC6_SetConfig)
    TIM_OC6_SetConfig                        0x08003f81   Thumb Code    88  stm32g0xx_hal_tim.o(i.TIM_OC6_SetConfig)
    i.TIM_TI1_SetConfig                      0x08003fe8   Section        0  stm32g0xx_hal_tim.o(i.TIM_TI1_SetConfig)
    i.TIM_TI2_SetConfig                      0x08004050   Section        0  stm32g0xx_hal_tim.o(i.TIM_TI2_SetConfig)
    TIM_TI2_SetConfig                        0x08004051   Thumb Code    72  stm32g0xx_hal_tim.o(i.TIM_TI2_SetConfig)
    i.TIM_TI3_SetConfig                      0x08004098   Section        0  stm32g0xx_hal_tim.o(i.TIM_TI3_SetConfig)
    TIM_TI3_SetConfig                        0x08004099   Thumb Code    70  stm32g0xx_hal_tim.o(i.TIM_TI3_SetConfig)
    i.TIM_TI4_SetConfig                      0x080040de   Section        0  stm32g0xx_hal_tim.o(i.TIM_TI4_SetConfig)
    TIM_TI4_SetConfig                        0x080040df   Thumb Code    78  stm32g0xx_hal_tim.o(i.TIM_TI4_SetConfig)
    i._DoInit                                0x0800412c   Section        0  segger_rtt.o(i._DoInit)
    _DoInit                                  0x0800412d   Thumb Code    82  segger_rtt.o(i._DoInit)
    i._GetAvailWriteSpace                    0x0800419c   Section        0  segger_rtt.o(i._GetAvailWriteSpace)
    _GetAvailWriteSpace                      0x0800419d   Thumb Code    28  segger_rtt.o(i._GetAvailWriteSpace)
    i._PrintInt                              0x080041b8   Section        0  segger_rtt_printf.o(i._PrintInt)
    _PrintInt                                0x080041b9   Thumb Code   270  segger_rtt_printf.o(i._PrintInt)
    i._PrintUnsigned                         0x080042c8   Section        0  segger_rtt_printf.o(i._PrintUnsigned)
    _PrintUnsigned                           0x080042c9   Thumb Code   280  segger_rtt_printf.o(i._PrintUnsigned)
    i._StoreChar                             0x080043e4   Section        0  segger_rtt_printf.o(i._StoreChar)
    _StoreChar                               0x080043e5   Thumb Code    68  segger_rtt_printf.o(i._StoreChar)
    i._WriteBlocking                         0x08004428   Section        0  segger_rtt.o(i._WriteBlocking)
    _WriteBlocking                           0x08004429   Thumb Code   126  segger_rtt.o(i._WriteBlocking)
    i._WriteNoCheck                          0x080044a6   Section        0  segger_rtt.o(i._WriteNoCheck)
    _WriteNoCheck                            0x080044a7   Thumb Code    86  segger_rtt.o(i._WriteNoCheck)
    i.__NVIC_SetPriority                     0x080044fc   Section        0  stm32g0xx_hal_cortex.o(i.__NVIC_SetPriority)
    __NVIC_SetPriority                       0x080044fd   Thumb Code   110  stm32g0xx_hal_cortex.o(i.__NVIC_SetPriority)
    i.main                                   0x08004574   Section        0  main.o(i.main)
    x$fpl$dleqf                              0x080045e4   Section      100  dlef.o(x$fpl$dleqf)
    x$fpl$drleqf                             0x08004648   Section      104  drlef.o(x$fpl$drleqf)
    x$fpl$fmul                               0x080046b0   Section      176  fmul.o(x$fpl$fmul)
    .constdata                               0x08004760   Section       16  led.o(.constdata)
    x$fpl$usenofp                            0x08004760   Section        0  usenofp.o(x$fpl$usenofp)
    CHANNEL_OFFSET_TAB                       0x08004760   Data           5  led.o(.constdata)
    progress_led_pins                        0x08004766   Data          10  led.o(.constdata)
    .constdata                               0x08004770   Section      104  system_stm32g0xx.o(.constdata)
    CHANNEL_OFFSET_TAB                       0x08004770   Data           5  system_stm32g0xx.o(.constdata)
    .constdata                               0x080047d8   Section       33  segger_rtt.o(.constdata)
    _aTerminalId                             0x080047d8   Data          16  segger_rtt.o(.constdata)
    _aInitStr                                0x080047e8   Data          17  segger_rtt.o(.constdata)
    .constdata                               0x080047f9   Section       16  segger_rtt_printf.o(.constdata)
    _aV2C                                    0x080047f9   Data          16  segger_rtt_printf.o(.constdata)
    .constdata                               0x08004809   Section       64  fdiv.o(.constdata)
    fdiv_tab                                 0x08004809   Data          64  fdiv.o(.constdata)
    .data                                    0x20000000   Section        1  func.o(.data)
    .data                                    0x20000004   Section       20  led.o(.data)
    progress_led_ports                       0x20000004   Data          20  led.o(.data)
    .data                                    0x20000018   Section       12  main.o(.data)
    .data                                    0x20000024   Section       16  tim.o(.data)
    last_capture                             0x20000030   Data           4  tim.o(.data)
    .data                                    0x20000034   Section        9  stm32g0xx_hal.o(.data)
    .data                                    0x20000040   Section        4  system_stm32g0xx.o(.data)
    .bss                                     0x20000044   Section      132  main.o(.bss)
    .bss                                     0x200000c8   Section      192  adc.o(.bss)
    .bss                                     0x20000188   Section      152  tim.o(.bss)
    .bss                                     0x20000220   Section     1208  segger_rtt.o(.bss)
    _acUpBuffer                              0x200002c8   Data        1024  segger_rtt.o(.bss)
    _acDownBuffer                            0x200006c8   Data          16  segger_rtt.o(.bss)
    .bss                                     0x200006d8   Section       96  libspace.o(.bss)
    HEAP                                     0x20000738   Section      512  startup_stm32g031xx.o(HEAP)
    Heap_Mem                                 0x20000738   Data         512  startup_stm32g031xx.o(HEAP)
    STACK                                    0x20000938   Section     1024  startup_stm32g031xx.o(STACK)
    Stack_Mem                                0x20000938   Data        1024  startup_stm32g031xx.o(STACK)
    __initial_sp                             0x20000d38   Data           0  startup_stm32g031xx.o(STACK)

    Global Symbols

    Symbol Name                              Value     Ov Type        Size  Object(Section)

    BuildAttributes$$THM_ISAv3M$S$PE$A:L22$X:L11$S22$IEEE1$IW$USESV6$~STKCKD$USESV7$~SHL$OSPACE$ROPI$EBA8$UX$STANDARDLIB$REQ8$PRES8$EABIv2 0x00000000   Number         0  anon$$obj.o ABSOLUTE
    __ARM_use_no_argv                        0x00000000   Number         0  main.o ABSOLUTE
    __ARM_exceptions_init                     - Undefined Weak Reference
    __alloca_initialize                       - Undefined Weak Reference
    __arm_fini_                               - Undefined Weak Reference
    __arm_preinit_                            - Undefined Weak Reference
    __cpp_initialize__aeabi_                  - Undefined Weak Reference
    __cxa_finalize                            - Undefined Weak Reference
    __rt_locale                               - Undefined Weak Reference
    __sigvec_lookup                           - Undefined Weak Reference
    _atexit_init                              - Undefined Weak Reference
    _call_atexit_fns                          - Undefined Weak Reference
    _clock_init                               - Undefined Weak Reference
    _fp_trap_init                             - Undefined Weak Reference
    _fp_trap_shutdown                         - Undefined Weak Reference
    _get_lc_collate                           - Undefined Weak Reference
    _get_lc_ctype                             - Undefined Weak Reference
    _get_lc_monetary                          - Undefined Weak Reference
    _get_lc_numeric                           - Undefined Weak Reference
    _get_lc_time                              - Undefined Weak Reference
    _getenv_init                              - Undefined Weak Reference
    _handle_redirection                       - Undefined Weak Reference
    _init_alloc                               - Undefined Weak Reference
    _init_user_alloc                          - Undefined Weak Reference
    _initio                                   - Undefined Weak Reference
    _rand_init                                - Undefined Weak Reference
    _signal_finish                            - Undefined Weak Reference
    _signal_init                              - Undefined Weak Reference
    _terminate_alloc                          - Undefined Weak Reference
    _terminate_user_alloc                     - Undefined Weak Reference
    _terminateio                              - Undefined Weak Reference
    __Vectors_Size                           0x000000c0   Number         0  startup_stm32g031xx.o ABSOLUTE
    __Vectors                                0x08000000   Data           4  startup_stm32g031xx.o(RESET)
    __Vectors_End                            0x080000c0   Data           0  startup_stm32g031xx.o(RESET)
    __main                                   0x080000c1   Thumb Code     8  __main.o(!!!main)
    __scatterload                            0x080000c9   Thumb Code     0  __scatter.o(!!!scatter)
    __scatterload_rt2                        0x080000c9   Thumb Code    52  __scatter.o(!!!scatter)
    __scatterload_rt2_thumb_only             0x080000c9   Thumb Code     0  __scatter.o(!!!scatter)
    __scatterload_null                       0x080000d9   Thumb Code     0  __scatter.o(!!!scatter)
    __scatterload_copy                       0x08000105   Thumb Code    26  __scatter_copy.o(!!handler_copy)
    __scatterload_zeroinit                   0x08000121   Thumb Code    28  __scatter_zi.o(!!handler_zi)
    __rt_lib_init                            0x0800013d   Thumb Code     0  libinit.o(.ARM.Collect$$libinit$$00000000)
    __rt_lib_init_alloca_1                   0x0800013f   Thumb Code     0  libinit2.o(.ARM.Collect$$libinit$$0000002E)
    __rt_lib_init_argv_1                     0x0800013f   Thumb Code     0  libinit2.o(.ARM.Collect$$libinit$$0000002C)
    __rt_lib_init_atexit_1                   0x0800013f   Thumb Code     0  libinit2.o(.ARM.Collect$$libinit$$0000001B)
    __rt_lib_init_clock_1                    0x0800013f   Thumb Code     0  libinit2.o(.ARM.Collect$$libinit$$00000021)
    __rt_lib_init_cpp_1                      0x0800013f   Thumb Code     0  libinit2.o(.ARM.Collect$$libinit$$00000032)
    __rt_lib_init_exceptions_1               0x0800013f   Thumb Code     0  libinit2.o(.ARM.Collect$$libinit$$00000030)
    __rt_lib_init_fp_1                       0x0800013f   Thumb Code     0  libinit2.o(.ARM.Collect$$libinit$$00000002)
    __rt_lib_init_fp_trap_1                  0x0800013f   Thumb Code     0  libinit2.o(.ARM.Collect$$libinit$$0000001F)
    __rt_lib_init_getenv_1                   0x0800013f   Thumb Code     0  libinit2.o(.ARM.Collect$$libinit$$00000023)
    __rt_lib_init_heap_1                     0x0800013f   Thumb Code     0  libinit2.o(.ARM.Collect$$libinit$$0000000A)
    __rt_lib_init_lc_collate_1               0x0800013f   Thumb Code     0  libinit2.o(.ARM.Collect$$libinit$$00000011)
    __rt_lib_init_lc_ctype_1                 0x0800013f   Thumb Code     0  libinit2.o(.ARM.Collect$$libinit$$00000013)
    __rt_lib_init_lc_monetary_1              0x0800013f   Thumb Code     0  libinit2.o(.ARM.Collect$$libinit$$00000015)
    __rt_lib_init_lc_numeric_1               0x0800013f   Thumb Code     0  libinit2.o(.ARM.Collect$$libinit$$00000017)
    __rt_lib_init_lc_time_1                  0x0800013f   Thumb Code     0  libinit2.o(.ARM.Collect$$libinit$$00000019)
    __rt_lib_init_preinit_1                  0x0800013f   Thumb Code     0  libinit2.o(.ARM.Collect$$libinit$$00000004)
    __rt_lib_init_rand_1                     0x0800013f   Thumb Code     0  libinit2.o(.ARM.Collect$$libinit$$0000000E)
    __rt_lib_init_return                     0x0800013f   Thumb Code     0  libinit2.o(.ARM.Collect$$libinit$$00000033)
    __rt_lib_init_signal_1                   0x0800013f   Thumb Code     0  libinit2.o(.ARM.Collect$$libinit$$0000001D)
    __rt_lib_init_stdio_1                    0x0800013f   Thumb Code     0  libinit2.o(.ARM.Collect$$libinit$$00000025)
    __rt_lib_init_user_alloc_1               0x0800013f   Thumb Code     0  libinit2.o(.ARM.Collect$$libinit$$0000000C)
    __rt_lib_shutdown                        0x08000141   Thumb Code     0  libshutdown.o(.ARM.Collect$$libshutdown$$00000000)
    __rt_lib_shutdown_cpp_1                  0x08000143   Thumb Code     0  libshutdown2.o(.ARM.Collect$$libshutdown$$00000004)
    __rt_lib_shutdown_fini_1                 0x08000143   Thumb Code     0  libshutdown2.o(.ARM.Collect$$libshutdown$$00000002)
    __rt_lib_shutdown_fp_trap_1              0x08000143   Thumb Code     0  libshutdown2.o(.ARM.Collect$$libshutdown$$00000009)
    __rt_lib_shutdown_heap_1                 0x08000143   Thumb Code     0  libshutdown2.o(.ARM.Collect$$libshutdown$$00000011)
    __rt_lib_shutdown_return                 0x08000143   Thumb Code     0  libshutdown2.o(.ARM.Collect$$libshutdown$$00000012)
    __rt_lib_shutdown_signal_1               0x08000143   Thumb Code     0  libshutdown2.o(.ARM.Collect$$libshutdown$$0000000C)
    __rt_lib_shutdown_stdio_1                0x08000143   Thumb Code     0  libshutdown2.o(.ARM.Collect$$libshutdown$$00000006)
    __rt_lib_shutdown_user_alloc_1           0x08000143   Thumb Code     0  libshutdown2.o(.ARM.Collect$$libshutdown$$0000000E)
    __rt_entry                               0x08000145   Thumb Code     0  __rtentry.o(.ARM.Collect$$rtentry$$00000000)
    __rt_entry_presh_1                       0x08000145   Thumb Code     0  __rtentry2.o(.ARM.Collect$$rtentry$$00000002)
    __rt_entry_sh                            0x08000145   Thumb Code     0  __rtentry4.o(.ARM.Collect$$rtentry$$00000004)
    __rt_entry_li                            0x0800014b   Thumb Code     0  __rtentry2.o(.ARM.Collect$$rtentry$$0000000A)
    __rt_entry_postsh_1                      0x0800014b   Thumb Code     0  __rtentry2.o(.ARM.Collect$$rtentry$$00000009)
    __rt_entry_main                          0x0800014f   Thumb Code     0  __rtentry2.o(.ARM.Collect$$rtentry$$0000000D)
    __rt_entry_postli_1                      0x0800014f   Thumb Code     0  __rtentry2.o(.ARM.Collect$$rtentry$$0000000C)
    __rt_exit                                0x08000157   Thumb Code     0  rtexit.o(.ARM.Collect$$rtexit$$00000000)
    __rt_exit_ls                             0x08000159   Thumb Code     0  rtexit2.o(.ARM.Collect$$rtexit$$00000003)
    __rt_exit_prels_1                        0x08000159   Thumb Code     0  rtexit2.o(.ARM.Collect$$rtexit$$00000002)
    __rt_exit_exit                           0x0800015d   Thumb Code     0  rtexit2.o(.ARM.Collect$$rtexit$$00000004)
    __aeabi_memcpy4                          0x08000165   Thumb Code    56  rt_memcpy.o(.emb_text)
    __aeabi_memcpy8                          0x08000165   Thumb Code     0  rt_memcpy.o(.emb_text)
    Reset_Handler                            0x0800019d   Thumb Code     8  startup_stm32g031xx.o(.text)
    DMA1_Ch4_5_DMAMUX1_OVR_IRQHandler        0x080001af   Thumb Code     0  startup_stm32g031xx.o(.text)
    DMA1_Channel2_3_IRQHandler               0x080001af   Thumb Code     0  startup_stm32g031xx.o(.text)
    EXTI0_1_IRQHandler                       0x080001af   Thumb Code     0  startup_stm32g031xx.o(.text)
    EXTI2_3_IRQHandler                       0x080001af   Thumb Code     0  startup_stm32g031xx.o(.text)
    EXTI4_15_IRQHandler                      0x080001af   Thumb Code     0  startup_stm32g031xx.o(.text)
    FLASH_IRQHandler                         0x080001af   Thumb Code     0  startup_stm32g031xx.o(.text)
    I2C1_IRQHandler                          0x080001af   Thumb Code     0  startup_stm32g031xx.o(.text)
    I2C2_IRQHandler                          0x080001af   Thumb Code     0  startup_stm32g031xx.o(.text)
    LPTIM1_IRQHandler                        0x080001af   Thumb Code     0  startup_stm32g031xx.o(.text)
    LPTIM2_IRQHandler                        0x080001af   Thumb Code     0  startup_stm32g031xx.o(.text)
    LPUART1_IRQHandler                       0x080001af   Thumb Code     0  startup_stm32g031xx.o(.text)
    PVD_IRQHandler                           0x080001af   Thumb Code     0  startup_stm32g031xx.o(.text)
    RCC_IRQHandler                           0x080001af   Thumb Code     0  startup_stm32g031xx.o(.text)
    RTC_TAMP_IRQHandler                      0x080001af   Thumb Code     0  startup_stm32g031xx.o(.text)
    SPI1_IRQHandler                          0x080001af   Thumb Code     0  startup_stm32g031xx.o(.text)
    SPI2_IRQHandler                          0x080001af   Thumb Code     0  startup_stm32g031xx.o(.text)
    TIM14_IRQHandler                         0x080001af   Thumb Code     0  startup_stm32g031xx.o(.text)
    TIM16_IRQHandler                         0x080001af   Thumb Code     0  startup_stm32g031xx.o(.text)
    TIM17_IRQHandler                         0x080001af   Thumb Code     0  startup_stm32g031xx.o(.text)
    TIM3_IRQHandler                          0x080001af   Thumb Code     0  startup_stm32g031xx.o(.text)
    USART1_IRQHandler                        0x080001af   Thumb Code     0  startup_stm32g031xx.o(.text)
    USART2_IRQHandler                        0x080001af   Thumb Code     0  startup_stm32g031xx.o(.text)
    WWDG_IRQHandler                          0x080001af   Thumb Code     0  startup_stm32g031xx.o(.text)
    __user_initial_stackheap                 0x080001b1   Thumb Code     0  startup_stm32g031xx.o(.text)
    __aeabi_memcpy                           0x080001d5   Thumb Code   130  rt_memcpy.o(.text)
    __rt_memcpy                              0x080001d5   Thumb Code     0  rt_memcpy.o(.text)
    _memset_w                                0x08000257   Thumb Code    26  rt_memclr.o(.text)
    _memset                                  0x08000271   Thumb Code    30  rt_memclr.o(.text)
    __aeabi_memclr                           0x0800028f   Thumb Code     4  rt_memclr.o(.text)
    __rt_memclr                              0x0800028f   Thumb Code     0  rt_memclr.o(.text)
    __aeabi_memclr4                          0x08000293   Thumb Code     0  rt_memclr.o(.text)
    __aeabi_memclr8                          0x08000293   Thumb Code     0  rt_memclr.o(.text)
    __rt_memclr_w                            0x08000293   Thumb Code     4  rt_memclr.o(.text)
    __aeabi_uidiv                            0x08000297   Thumb Code     0  aeabi_sdiv.o(.text)
    __aeabi_uidivmod                         0x08000297   Thumb Code    20  aeabi_sdiv.o(.text)
    __aeabi_idiv                             0x080002ab   Thumb Code     0  aeabi_sdiv.o(.text)
    __aeabi_idivmod                          0x080002ab   Thumb Code   326  aeabi_sdiv.o(.text)
    __use_two_region_memory                  0x080003f1   Thumb Code     2  heapauxi.o(.text)
    __rt_heap_escrow$2region                 0x080003f3   Thumb Code     2  heapauxi.o(.text)
    __rt_heap_expand$2region                 0x080003f5   Thumb Code     2  heapauxi.o(.text)
    __aeabi_f2d                              0x080003f9   Thumb Code     0  f2d.o(.text)
    _f2d                                     0x080003f9   Thumb Code    80  f2d.o(.text)
    __aeabi_fdiv                             0x0800044d   Thumb Code     0  fdiv.o(.text)
    _fdiv                                    0x0800044d   Thumb Code   334  fdiv.o(.text)
    _frdiv                                   0x0800059b   Thumb Code     8  fdiv.o(.text)
    __aeabi_f2uiz                            0x080005ad   Thumb Code     0  ffixui.o(.text)
    _ffixu                                   0x080005ad   Thumb Code    48  ffixui.o(.text)
    __aeabi_i2f_normalise                    0x080005dd   Thumb Code    72  fflti.o(.text)
    __aeabi_i2f                              0x08000625   Thumb Code    16  fflti.o(.text)
    _fflt                                    0x08000625   Thumb Code     0  fflti.o(.text)
    __aeabi_ui2f                             0x08000635   Thumb Code     6  fflti.o(.text)
    _ffltu                                   0x08000635   Thumb Code     0  fflti.o(.text)
    __fpl_dcmp_InfNaN                        0x0800063d   Thumb Code   140  dcmpin.o(.text)
    __fpl_cmpreturn                          0x080006cd   Thumb Code    46  cmpret.o(.text)
    __fpl_dcheck_NaN2                        0x080006fd   Thumb Code    14  dnan2.o(.text)
    __user_setup_stackheap                   0x08000711   Thumb Code    62  sys_stackheap_outer.o(.text)
    exit                                     0x0800074f   Thumb Code    16  exit.o(.text)
    __fpl_return_NaN                         0x0800075f   Thumb Code    94  retnan.o(.text)
    __user_libspace                          0x080007bd   Thumb Code     8  libspace.o(.text)
    __user_perproc_libspace                  0x080007bd   Thumb Code     0  libspace.o(.text)
    __user_perthread_libspace                0x080007bd   Thumb Code     0  libspace.o(.text)
    _sys_exit                                0x080007c5   Thumb Code     8  sys_exit.o(.text)
    __I$use$semihosting                      0x080007d1   Thumb Code     0  use_no_semi.o(.text)
    __use_no_semihosting_swi                 0x080007d1   Thumb Code     2  use_no_semi.o(.text)
    __semihosting_library_function           0x080007d3   Thumb Code     0  indicate_semi.o(.text)
    ADC1_IRQHandler                          0x080007d5   Thumb Code    10  stm32g0xx_it.o(i.ADC1_IRQHandler)
    ADC_Enable                               0x080008a1   Thumb Code   200  stm32g0xx_hal_adc.o(i.ADC_Enable)
    CheckSignalTimeout                       0x08000979   Thumb Code    72  func.o(i.CheckSignalTimeout)
    DMA1_Channel1_IRQHandler                 0x080009c9   Thumb Code    10  stm32g0xx_it.o(i.DMA1_Channel1_IRQHandler)
    Error_Handler                            0x08000a81   Thumb Code     6  main.o(i.Error_Handler)
    HAL_ADCEx_ChannelConfigReadyCallback     0x08000a87   Thumb Code     2  stm32g0xx_hal_adc_ex.o(i.HAL_ADCEx_ChannelConfigReadyCallback)
    HAL_ADCEx_EndOfSamplingCallback          0x08000a89   Thumb Code     2  stm32g0xx_hal_adc_ex.o(i.HAL_ADCEx_EndOfSamplingCallback)
    HAL_ADCEx_LevelOutOfWindow2Callback      0x08000a8b   Thumb Code     2  stm32g0xx_hal_adc_ex.o(i.HAL_ADCEx_LevelOutOfWindow2Callback)
    HAL_ADCEx_LevelOutOfWindow3Callback      0x08000a8d   Thumb Code     2  stm32g0xx_hal_adc_ex.o(i.HAL_ADCEx_LevelOutOfWindow3Callback)
    HAL_ADC_ConfigChannel                    0x08000a91   Thumb Code   838  stm32g0xx_hal_adc.o(i.HAL_ADC_ConfigChannel)
    HAL_ADC_ConvCpltCallback                 0x08000df5   Thumb Code     2  stm32g0xx_hal_adc.o(i.HAL_ADC_ConvCpltCallback)
    HAL_ADC_ConvHalfCpltCallback             0x08000df7   Thumb Code     2  stm32g0xx_hal_adc.o(i.HAL_ADC_ConvHalfCpltCallback)
    HAL_ADC_ErrorCallback                    0x08000df9   Thumb Code     2  stm32g0xx_hal_adc.o(i.HAL_ADC_ErrorCallback)
    HAL_ADC_IRQHandler                       0x08000dfb   Thumb Code   424  stm32g0xx_hal_adc.o(i.HAL_ADC_IRQHandler)
    HAL_ADC_Init                             0x08000fa5   Thumb Code   634  stm32g0xx_hal_adc.o(i.HAL_ADC_Init)
    HAL_ADC_LevelOutOfWindowCallback         0x0800123d   Thumb Code     2  stm32g0xx_hal_adc.o(i.HAL_ADC_LevelOutOfWindowCallback)
    HAL_ADC_MspInit                          0x08001241   Thumb Code   184  adc.o(i.HAL_ADC_MspInit)
    HAL_ADC_Start_DMA                        0x0800130d   Thumb Code   186  stm32g0xx_hal_adc.o(i.HAL_ADC_Start_DMA)
    HAL_DMA_IRQHandler                       0x080013d9   Thumb Code   282  stm32g0xx_hal_dma.o(i.HAL_DMA_IRQHandler)
    HAL_DMA_Init                             0x080014f9   Thumb Code   182  stm32g0xx_hal_dma.o(i.HAL_DMA_Init)
    HAL_DMA_Start_IT                         0x080015b9   Thumb Code   204  stm32g0xx_hal_dma.o(i.HAL_DMA_Start_IT)
    HAL_GPIO_Init                            0x08001685   Thumb Code   454  stm32g0xx_hal_gpio.o(i.HAL_GPIO_Init)
    HAL_GPIO_TogglePin                       0x0800185d   Thumb Code    20  stm32g0xx_hal_gpio.o(i.HAL_GPIO_TogglePin)
    HAL_GPIO_WritePin                        0x08001871   Thumb Code    12  stm32g0xx_hal_gpio.o(i.HAL_GPIO_WritePin)
    HAL_GetTick                              0x0800187d   Thumb Code     6  stm32g0xx_hal.o(i.HAL_GetTick)
    HAL_IncTick                              0x08001889   Thumb Code    16  stm32g0xx_hal.o(i.HAL_IncTick)
    HAL_Init                                 0x080018a1   Thumb Code    40  stm32g0xx_hal.o(i.HAL_Init)
    HAL_InitTick                             0x080018cd   Thumb Code    82  stm32g0xx_hal.o(i.HAL_InitTick)
    HAL_MspInit                              0x0800192d   Thumb Code    64  stm32g0xx_hal_msp.o(i.HAL_MspInit)
    HAL_NVIC_EnableIRQ                       0x08001971   Thumb Code    30  stm32g0xx_hal_cortex.o(i.HAL_NVIC_EnableIRQ)
    HAL_NVIC_SetPriority                     0x08001995   Thumb Code    18  stm32g0xx_hal_cortex.o(i.HAL_NVIC_SetPriority)
    HAL_PWREx_ControlVoltageScaling          0x080019a9   Thumb Code    76  stm32g0xx_hal_pwr_ex.o(i.HAL_PWREx_ControlVoltageScaling)
    HAL_RCCEx_PeriphCLKConfig                0x08001a01   Thumb Code   628  stm32g0xx_hal_rcc_ex.o(i.HAL_RCCEx_PeriphCLKConfig)
    HAL_RCC_ClockConfig                      0x08001c81   Thumb Code   442  stm32g0xx_hal_rcc.o(i.HAL_RCC_ClockConfig)
    HAL_RCC_GetSysClockFreq                  0x08001e55   Thumb Code   216  stm32g0xx_hal_rcc.o(i.HAL_RCC_GetSysClockFreq)
    HAL_RCC_OscConfig                        0x08001f39   Thumb Code  1450  stm32g0xx_hal_rcc.o(i.HAL_RCC_OscConfig)
    HAL_SYSTICK_Config                       0x080024f5   Thumb Code    46  stm32g0xx_hal_cortex.o(i.HAL_SYSTICK_Config)
    HAL_TIMEx_Break2Callback                 0x0800252d   Thumb Code     2  stm32g0xx_hal_tim_ex.o(i.HAL_TIMEx_Break2Callback)
    HAL_TIMEx_BreakCallback                  0x0800252f   Thumb Code     2  stm32g0xx_hal_tim_ex.o(i.HAL_TIMEx_BreakCallback)
    HAL_TIMEx_CommutCallback                 0x08002531   Thumb Code     2  stm32g0xx_hal_tim_ex.o(i.HAL_TIMEx_CommutCallback)
    HAL_TIMEx_ConfigBreakDeadTime            0x08002535   Thumb Code   236  stm32g0xx_hal_tim_ex.o(i.HAL_TIMEx_ConfigBreakDeadTime)
    HAL_TIMEx_MasterConfigSynchronization    0x08002625   Thumb Code   142  stm32g0xx_hal_tim_ex.o(i.HAL_TIMEx_MasterConfigSynchronization)
    HAL_TIM_IC_CaptureCallback               0x080026bd   Thumb Code   258  tim.o(i.HAL_TIM_IC_CaptureCallback)
    HAL_TIM_IC_ConfigChannel                 0x080027e9   Thumb Code   226  stm32g0xx_hal_tim.o(i.HAL_TIM_IC_ConfigChannel)
    HAL_TIM_IC_Init                          0x080028cb   Thumb Code   108  stm32g0xx_hal_tim.o(i.HAL_TIM_IC_Init)
    HAL_TIM_IC_MspInit                       0x08002937   Thumb Code     2  stm32g0xx_hal_tim.o(i.HAL_TIM_IC_MspInit)
    HAL_TIM_IC_Start_IT                      0x08002939   Thumb Code   392  stm32g0xx_hal_tim.o(i.HAL_TIM_IC_Start_IT)
    HAL_TIM_IRQHandler                       0x08002acd   Thumb Code   416  stm32g0xx_hal_tim.o(i.HAL_TIM_IRQHandler)
    HAL_TIM_MspPostInit                      0x08002c71   Thumb Code   150  tim.o(i.HAL_TIM_MspPostInit)
    HAL_TIM_OC_DelayElapsedCallback          0x08002d11   Thumb Code     2  stm32g0xx_hal_tim.o(i.HAL_TIM_OC_DelayElapsedCallback)
    HAL_TIM_PWM_ConfigChannel                0x08002d13   Thumb Code   378  stm32g0xx_hal_tim.o(i.HAL_TIM_PWM_ConfigChannel)
    HAL_TIM_PWM_Init                         0x08002e8d   Thumb Code   108  stm32g0xx_hal_tim.o(i.HAL_TIM_PWM_Init)
    HAL_TIM_PWM_MspInit                      0x08002ef9   Thumb Code   236  tim.o(i.HAL_TIM_PWM_MspInit)
    HAL_TIM_PWM_PulseFinishedCallback        0x08002fed   Thumb Code     2  stm32g0xx_hal_tim.o(i.HAL_TIM_PWM_PulseFinishedCallback)
    HAL_TIM_PWM_Start                        0x08002ff1   Thumb Code   266  stm32g0xx_hal_tim.o(i.HAL_TIM_PWM_Start)
    HAL_TIM_PeriodElapsedCallback            0x08003111   Thumb Code     2  stm32g0xx_hal_tim.o(i.HAL_TIM_PeriodElapsedCallback)
    HAL_TIM_ReadCapturedValue                0x08003113   Thumb Code    52  stm32g0xx_hal_tim.o(i.HAL_TIM_ReadCapturedValue)
    HAL_TIM_TriggerCallback                  0x08003147   Thumb Code     2  stm32g0xx_hal_tim.o(i.HAL_TIM_TriggerCallback)
    Handle_16Hz_Signal                       0x08003149   Thumb Code     2  func.o(i.Handle_16Hz_Signal)
    Handle_4Hz_Signal                        0x0800314d   Thumb Code    44  func.o(i.Handle_4Hz_Signal)
    Handle_8Hz_Signal                        0x08003185   Thumb Code    46  func.o(i.Handle_8Hz_Signal)
    Handle_Unknown_Signal                    0x080031bd   Thumb Code    54  func.o(i.Handle_Unknown_Signal)
    HardFault_Handler                        0x08003205   Thumb Code     4  stm32g0xx_it.o(i.HardFault_Handler)
    LED_SetState                             0x08003209   Thumb Code    60  led.o(i.LED_SetState)
    MX_ADC1_Init                             0x080032ed   Thumb Code   146  adc.o(i.MX_ADC1_Init)
    MX_DMA_Init                              0x08003391   Thumb Code    48  dma.o(i.MX_DMA_Init)
    MX_GPIO_Init                             0x080033c5   Thumb Code   206  gpio.o(i.MX_GPIO_Init)
    MX_TIM1_Init                             0x080034a5   Thumb Code   198  tim.o(i.MX_TIM1_Init)
    MX_TIM2_Init                             0x08003579   Thumb Code   182  tim.o(i.MX_TIM2_Init)
    NMI_Handler                              0x08003641   Thumb Code     4  stm32g0xx_it.o(i.NMI_Handler)
    PendSV_Handler                           0x08003645   Thumb Code     2  stm32g0xx_it.o(i.PendSV_Handler)
    ProgressLED_Init                         0x08003649   Thumb Code    34  led.o(i.ProgressLED_Init)
    ProgressLED_SetState                     0x08003675   Thumb Code    30  led.o(i.ProgressLED_SetState)
    SEGGER_RTT_Init                          0x0800369d   Thumb Code     8  segger_rtt.o(i.SEGGER_RTT_Init)
    SEGGER_RTT_Write                         0x080036a5   Thumb Code    66  segger_rtt.o(i.SEGGER_RTT_Write)
    SEGGER_RTT_WriteNoLock                   0x080036ed   Thumb Code   128  segger_rtt.o(i.SEGGER_RTT_WriteNoLock)
    SEGGER_RTT_printf                        0x08003771   Thumb Code    36  segger_rtt_printf.o(i.SEGGER_RTT_printf)
    SEGGER_RTT_vprintf                       0x08003795   Thumb Code   546  segger_rtt_printf.o(i.SEGGER_RTT_vprintf)
    SVC_Handler                              0x080039c1   Thumb Code     2  stm32g0xx_it.o(i.SVC_Handler)
    StartPWM                                 0x080039c5   Thumb Code   346  func.o(i.StartPWM)
    SysTick_Handler                          0x08003b25   Thumb Code     8  stm32g0xx_it.o(i.SysTick_Handler)
    SystemClock_Config                       0x08003b2d   Thumb Code   128  main.o(i.SystemClock_Config)
    SystemInit                               0x08003bad   Thumb Code     2  system_stm32g0xx.o(i.SystemInit)
    TIM1_BRK_UP_TRG_COM_IRQHandler           0x08003bb1   Thumb Code    10  stm32g0xx_it.o(i.TIM1_BRK_UP_TRG_COM_IRQHandler)
    TIM1_CC_IRQHandler                       0x08003bc1   Thumb Code    10  stm32g0xx_it.o(i.TIM1_CC_IRQHandler)
    TIM2_IRQHandler                          0x08003bd1   Thumb Code    10  stm32g0xx_it.o(i.TIM2_IRQHandler)
    TIM_Base_SetConfig                       0x08003be1   Thumb Code   156  stm32g0xx_hal_tim.o(i.TIM_Base_SetConfig)
    TIM_CCxChannelCmd                        0x08003c91   Thumb Code    34  stm32g0xx_hal_tim.o(i.TIM_CCxChannelCmd)
    TIM_OC2_SetConfig                        0x08003d51   Thumb Code   156  stm32g0xx_hal_tim.o(i.TIM_OC2_SetConfig)
    TIM_TI1_SetConfig                        0x08003fe9   Thumb Code    96  stm32g0xx_hal_tim.o(i.TIM_TI1_SetConfig)
    main                                     0x08004575   Thumb Code    82  main.o(i.main)
    __aeabi_cdcmple                          0x080045e5   Thumb Code     0  dlef.o(x$fpl$dleqf)
    _dcmple                                  0x080045e5   Thumb Code    94  dlef.o(x$fpl$dleqf)
    __aeabi_cdrcmple                         0x08004649   Thumb Code     0  drlef.o(x$fpl$drleqf)
    _drcmple                                 0x08004649   Thumb Code   100  drlef.o(x$fpl$drleqf)
    __aeabi_fmul                             0x080046b1   Thumb Code     0  fmul.o(x$fpl$fmul)
    _fmul                                    0x080046b1   Thumb Code   172  fmul.o(x$fpl$fmul)
    __I$use$fp                               0x08004760   Number         0  usenofp.o(x$fpl$usenofp)
    AHBPrescTable                            0x08004778   Data          64  system_stm32g0xx.o(.constdata)
    APBPrescTable                            0x080047b8   Data          32  system_stm32g0xx.o(.constdata)
    Region$$Table$$Base                      0x0800484c   Number         0  anon$$obj.o(Region$$Table)
    Region$$Table$$Limit                     0x0800486c   Number         0  anon$$obj.o(Region$$Table)
    is_signal_lost                           0x20000000   Data           1  func.o(.data)
    adcData                                  0x20000018   Data           8  main.o(.data)
    last_interrupt_tick                      0x20000020   Data           4  main.o(.data)
    input_captures                           0x20000024   Data           8  tim.o(.data)
    capture_index                            0x2000002c   Data           4  tim.o(.data)
    uwTick                                   0x20000034   Data           4  stm32g0xx_hal.o(.data)
    uwTickPrio                               0x20000038   Data           4  stm32g0xx_hal.o(.data)
    uwTickFreq                               0x2000003c   Data           1  stm32g0xx_hal.o(.data)
    SystemCoreClock                          0x20000040   Data           4  system_stm32g0xx.o(.data)
    adcBuffer                                0x20000044   Data          44  main.o(.bss)
    ADC_Value                                0x20000070   Data          88  main.o(.bss)
    hadc1                                    0x200000c8   Data         100  adc.o(.bss)
    hdma_adc1                                0x2000012c   Data          92  adc.o(.bss)
    htim1                                    0x20000188   Data          76  tim.o(.bss)
    htim2                                    0x200001d4   Data          76  tim.o(.bss)
    _SEGGER_RTT                              0x20000220   Data         168  segger_rtt.o(.bss)
    __libspace_start                         0x200006d8   Data          96  libspace.o(.bss)
    __temporary_stack_top$libspace           0x20000738   Data           0  libspace.o(.bss)



==============================================================================

Memory Map of the image

  Image Entry point : 0x080000c1

  Load Region LR_IROM1 (Base: 0x08000000, Size: 0x000048b0, Max: 0x00008000, ABSOLUTE)

    Execution Region ER_IROM1 (Exec base: 0x08000000, Load base: 0x08000000, Size: 0x0000486c, Max: 0x00008000, ABSOLUTE)

    Exec Addr    Load Addr    Size         Type   Attr      Idx    E Section Name        Object

    0x08000000   0x08000000   0x000000c0   Data   RO            3    RESET               startup_stm32g031xx.o
    0x080000c0   0x080000c0   0x00000008   Code   RO         3613  * !!!main             c_p.l(__main.o)
    0x080000c8   0x080000c8   0x0000003c   Code   RO         3810    !!!scatter          c_p.l(__scatter.o)
    0x08000104   0x08000104   0x0000001a   Code   RO         3812    !!handler_copy      c_p.l(__scatter_copy.o)
    0x0800011e   0x0800011e   0x00000002   PAD
    0x08000120   0x08000120   0x0000001c   Code   RO         3814    !!handler_zi        c_p.l(__scatter_zi.o)
    0x0800013c   0x0800013c   0x00000002   Code   RO         3675    .ARM.Collect$$libinit$$00000000  c_p.l(libinit.o)
    0x0800013e   0x0800013e   0x00000000   Code   RO         3691    .ARM.Collect$$libinit$$00000002  c_p.l(libinit2.o)
    0x0800013e   0x0800013e   0x00000000   Code   RO         3693    .ARM.Collect$$libinit$$00000004  c_p.l(libinit2.o)
    0x0800013e   0x0800013e   0x00000000   Code   RO         3696    .ARM.Collect$$libinit$$0000000A  c_p.l(libinit2.o)
    0x0800013e   0x0800013e   0x00000000   Code   RO         3698    .ARM.Collect$$libinit$$0000000C  c_p.l(libinit2.o)
    0x0800013e   0x0800013e   0x00000000   Code   RO         3700    .ARM.Collect$$libinit$$0000000E  c_p.l(libinit2.o)
    0x0800013e   0x0800013e   0x00000000   Code   RO         3703    .ARM.Collect$$libinit$$00000011  c_p.l(libinit2.o)
    0x0800013e   0x0800013e   0x00000000   Code   RO         3705    .ARM.Collect$$libinit$$00000013  c_p.l(libinit2.o)
    0x0800013e   0x0800013e   0x00000000   Code   RO         3707    .ARM.Collect$$libinit$$00000015  c_p.l(libinit2.o)
    0x0800013e   0x0800013e   0x00000000   Code   RO         3709    .ARM.Collect$$libinit$$00000017  c_p.l(libinit2.o)
    0x0800013e   0x0800013e   0x00000000   Code   RO         3711    .ARM.Collect$$libinit$$00000019  c_p.l(libinit2.o)
    0x0800013e   0x0800013e   0x00000000   Code   RO         3713    .ARM.Collect$$libinit$$0000001B  c_p.l(libinit2.o)
    0x0800013e   0x0800013e   0x00000000   Code   RO         3715    .ARM.Collect$$libinit$$0000001D  c_p.l(libinit2.o)
    0x0800013e   0x0800013e   0x00000000   Code   RO         3717    .ARM.Collect$$libinit$$0000001F  c_p.l(libinit2.o)
    0x0800013e   0x0800013e   0x00000000   Code   RO         3719    .ARM.Collect$$libinit$$00000021  c_p.l(libinit2.o)
    0x0800013e   0x0800013e   0x00000000   Code   RO         3721    .ARM.Collect$$libinit$$00000023  c_p.l(libinit2.o)
    0x0800013e   0x0800013e   0x00000000   Code   RO         3723    .ARM.Collect$$libinit$$00000025  c_p.l(libinit2.o)
    0x0800013e   0x0800013e   0x00000000   Code   RO         3727    .ARM.Collect$$libinit$$0000002C  c_p.l(libinit2.o)
    0x0800013e   0x0800013e   0x00000000   Code   RO         3729    .ARM.Collect$$libinit$$0000002E  c_p.l(libinit2.o)
    0x0800013e   0x0800013e   0x00000000   Code   RO         3731    .ARM.Collect$$libinit$$00000030  c_p.l(libinit2.o)
    0x0800013e   0x0800013e   0x00000000   Code   RO         3733    .ARM.Collect$$libinit$$00000032  c_p.l(libinit2.o)
    0x0800013e   0x0800013e   0x00000002   Code   RO         3734    .ARM.Collect$$libinit$$00000033  c_p.l(libinit2.o)
    0x08000140   0x08000140   0x00000002   Code   RO         3765    .ARM.Collect$$libshutdown$$00000000  c_p.l(libshutdown.o)
    0x08000142   0x08000142   0x00000000   Code   RO         3791    .ARM.Collect$$libshutdown$$00000002  c_p.l(libshutdown2.o)
    0x08000142   0x08000142   0x00000000   Code   RO         3793    .ARM.Collect$$libshutdown$$00000004  c_p.l(libshutdown2.o)
    0x08000142   0x08000142   0x00000000   Code   RO         3795    .ARM.Collect$$libshutdown$$00000006  c_p.l(libshutdown2.o)
    0x08000142   0x08000142   0x00000000   Code   RO         3798    .ARM.Collect$$libshutdown$$00000009  c_p.l(libshutdown2.o)
    0x08000142   0x08000142   0x00000000   Code   RO         3801    .ARM.Collect$$libshutdown$$0000000C  c_p.l(libshutdown2.o)
    0x08000142   0x08000142   0x00000000   Code   RO         3803    .ARM.Collect$$libshutdown$$0000000E  c_p.l(libshutdown2.o)
    0x08000142   0x08000142   0x00000000   Code   RO         3806    .ARM.Collect$$libshutdown$$00000011  c_p.l(libshutdown2.o)
    0x08000142   0x08000142   0x00000002   Code   RO         3807    .ARM.Collect$$libshutdown$$00000012  c_p.l(libshutdown2.o)
    0x08000144   0x08000144   0x00000000   Code   RO         3632    .ARM.Collect$$rtentry$$00000000  c_p.l(__rtentry.o)
    0x08000144   0x08000144   0x00000000   Code   RO         3641    .ARM.Collect$$rtentry$$00000002  c_p.l(__rtentry2.o)
    0x08000144   0x08000144   0x00000006   Code   RO         3653    .ARM.Collect$$rtentry$$00000004  c_p.l(__rtentry4.o)
    0x0800014a   0x0800014a   0x00000000   Code   RO         3643    .ARM.Collect$$rtentry$$00000009  c_p.l(__rtentry2.o)
    0x0800014a   0x0800014a   0x00000004   Code   RO         3644    .ARM.Collect$$rtentry$$0000000A  c_p.l(__rtentry2.o)
    0x0800014e   0x0800014e   0x00000000   Code   RO         3646    .ARM.Collect$$rtentry$$0000000C  c_p.l(__rtentry2.o)
    0x0800014e   0x0800014e   0x00000008   Code   RO         3647    .ARM.Collect$$rtentry$$0000000D  c_p.l(__rtentry2.o)
    0x08000156   0x08000156   0x00000002   Code   RO         3682    .ARM.Collect$$rtexit$$00000000  c_p.l(rtexit.o)
    0x08000158   0x08000158   0x00000000   Code   RO         3738    .ARM.Collect$$rtexit$$00000002  c_p.l(rtexit2.o)
    0x08000158   0x08000158   0x00000004   Code   RO         3739    .ARM.Collect$$rtexit$$00000003  c_p.l(rtexit2.o)
    0x0800015c   0x0800015c   0x00000006   Code   RO         3740    .ARM.Collect$$rtexit$$00000004  c_p.l(rtexit2.o)
    0x08000162   0x08000162   0x00000002   PAD
    0x08000164   0x08000164   0x00000038   Code   RO         3601    .emb_text           c_p.l(rt_memcpy.o)
    0x0800019c   0x0800019c   0x00000038   Code   RO            4    .text               startup_stm32g031xx.o
    0x080001d4   0x080001d4   0x00000082   Code   RO         3602    .text               c_p.l(rt_memcpy.o)
    0x08000256   0x08000256   0x00000040   Code   RO         3605    .text               c_p.l(rt_memclr.o)
    0x08000296   0x08000296   0x0000015a   Code   RO         3607    .text               c_p.l(aeabi_sdiv.o)
    0x080003f0   0x080003f0   0x00000006   Code   RO         3611    .text               c_p.l(heapauxi.o)
    0x080003f6   0x080003f6   0x00000002   PAD
    0x080003f8   0x080003f8   0x00000054   Code   RO         3619    .text               fz_ps.l(f2d.o)
    0x0800044c   0x0800044c   0x00000160   Code   RO         3621    .text               fz_ps.l(fdiv.o)
    0x080005ac   0x080005ac   0x00000030   Code   RO         3626    .text               fz_ps.l(ffixui.o)
    0x080005dc   0x080005dc   0x0000005e   Code   RO         3628    .text               fz_ps.l(fflti.o)
    0x0800063a   0x0800063a   0x00000002   PAD
    0x0800063c   0x0800063c   0x00000090   Code   RO         3637    .text               fz_ps.l(dcmpin.o)
    0x080006cc   0x080006cc   0x0000002e   Code   RO         3657    .text               fz_ps.l(cmpret.o)
    0x080006fa   0x080006fa   0x00000002   PAD
    0x080006fc   0x080006fc   0x00000014   Code   RO         3659    .text               fz_ps.l(dnan2.o)
    0x08000710   0x08000710   0x0000003e   Code   RO         3661    .text               c_p.l(sys_stackheap_outer.o)
    0x0800074e   0x0800074e   0x00000010   Code   RO         3664    .text               c_p.l(exit.o)
    0x0800075e   0x0800075e   0x0000005e   Code   RO         3676    .text               fz_ps.l(retnan.o)
    0x080007bc   0x080007bc   0x00000008   Code   RO         3678    .text               c_p.l(libspace.o)
    0x080007c4   0x080007c4   0x0000000c   Code   RO         3735    .text               c_p.l(sys_exit.o)
    0x080007d0   0x080007d0   0x00000002   Code   RO         3754    .text               c_p.l(use_no_semi.o)
    0x080007d2   0x080007d2   0x00000000   Code   RO         3756    .text               c_p.l(indicate_semi.o)
    0x080007d2   0x080007d2   0x00000002   PAD
    0x080007d4   0x080007d4   0x00000010   Code   RO          524    i.ADC1_IRQHandler   stm32g0xx_it.o
    0x080007e4   0x080007e4   0x00000090   Code   RO          624    i.ADC_DMAConvCplt   stm32g0xx_hal_adc.o
    0x08000874   0x08000874   0x0000001e   Code   RO          625    i.ADC_DMAError      stm32g0xx_hal_adc.o
    0x08000892   0x08000892   0x0000000e   Code   RO          626    i.ADC_DMAHalfConvCplt  stm32g0xx_hal_adc.o
    0x080008a0   0x080008a0   0x000000d8   Code   RO          628    i.ADC_Enable        stm32g0xx_hal_adc.o
    0x08000978   0x08000978   0x00000050   Code   RO           31    i.CheckSignalTimeout  func.o
    0x080009c8   0x080009c8   0x00000010   Code   RO          525    i.DMA1_Channel1_IRQHandler  stm32g0xx_it.o
    0x080009d8   0x080009d8   0x00000034   Code   RO         1424    i.DMA_CalcDMAMUXChannelBaseAndMask  stm32g0xx_hal_dma.o
    0x08000a0c   0x08000a0c   0x00000028   Code   RO         1425    i.DMA_CalcDMAMUXRequestGenBaseAndMask  stm32g0xx_hal_dma.o
    0x08000a34   0x08000a34   0x0000004c   Code   RO         1426    i.DMA_SetConfig     stm32g0xx_hal_dma.o
    0x08000a80   0x08000a80   0x00000006   Code   RO          327    i.Error_Handler     main.o
    0x08000a86   0x08000a86   0x00000002   Code   RO          870    i.HAL_ADCEx_ChannelConfigReadyCallback  stm32g0xx_hal_adc_ex.o
    0x08000a88   0x08000a88   0x00000002   Code   RO          872    i.HAL_ADCEx_EndOfSamplingCallback  stm32g0xx_hal_adc_ex.o
    0x08000a8a   0x08000a8a   0x00000002   Code   RO          873    i.HAL_ADCEx_LevelOutOfWindow2Callback  stm32g0xx_hal_adc_ex.o
    0x08000a8c   0x08000a8c   0x00000002   Code   RO          874    i.HAL_ADCEx_LevelOutOfWindow3Callback  stm32g0xx_hal_adc_ex.o
    0x08000a8e   0x08000a8e   0x00000002   PAD
    0x08000a90   0x08000a90   0x00000364   Code   RO          630    i.HAL_ADC_ConfigChannel  stm32g0xx_hal_adc.o
    0x08000df4   0x08000df4   0x00000002   Code   RO          631    i.HAL_ADC_ConvCpltCallback  stm32g0xx_hal_adc.o
    0x08000df6   0x08000df6   0x00000002   Code   RO          632    i.HAL_ADC_ConvHalfCpltCallback  stm32g0xx_hal_adc.o
    0x08000df8   0x08000df8   0x00000002   Code   RO          634    i.HAL_ADC_ErrorCallback  stm32g0xx_hal_adc.o
    0x08000dfa   0x08000dfa   0x000001a8   Code   RO          638    i.HAL_ADC_IRQHandler  stm32g0xx_hal_adc.o
    0x08000fa2   0x08000fa2   0x00000002   PAD
    0x08000fa4   0x08000fa4   0x00000298   Code   RO          639    i.HAL_ADC_Init      stm32g0xx_hal_adc.o
    0x0800123c   0x0800123c   0x00000002   Code   RO          640    i.HAL_ADC_LevelOutOfWindowCallback  stm32g0xx_hal_adc.o
    0x0800123e   0x0800123e   0x00000002   PAD
    0x08001240   0x08001240   0x000000cc   Code   RO          406    i.HAL_ADC_MspInit   adc.o
    0x0800130c   0x0800130c   0x000000cc   Code   RO          646    i.HAL_ADC_Start_DMA  stm32g0xx_hal_adc.o
    0x080013d8   0x080013d8   0x00000120   Code   RO         1432    i.HAL_DMA_IRQHandler  stm32g0xx_hal_dma.o
    0x080014f8   0x080014f8   0x000000c0   Code   RO         1433    i.HAL_DMA_Init      stm32g0xx_hal_dma.o
    0x080015b8   0x080015b8   0x000000cc   Code   RO         1437    i.HAL_DMA_Start_IT  stm32g0xx_hal_dma.o
    0x08001684   0x08001684   0x000001d8   Code   RO         1358    i.HAL_GPIO_Init     stm32g0xx_hal_gpio.o
    0x0800185c   0x0800185c   0x00000014   Code   RO         1361    i.HAL_GPIO_TogglePin  stm32g0xx_hal_gpio.o
    0x08001870   0x08001870   0x0000000c   Code   RO         1362    i.HAL_GPIO_WritePin  stm32g0xx_hal_gpio.o
    0x0800187c   0x0800187c   0x0000000c   Code   RO         1976    i.HAL_GetTick       stm32g0xx_hal.o
    0x08001888   0x08001888   0x00000018   Code   RO         1982    i.HAL_IncTick       stm32g0xx_hal.o
    0x080018a0   0x080018a0   0x0000002c   Code   RO         1983    i.HAL_Init          stm32g0xx_hal.o
    0x080018cc   0x080018cc   0x00000060   Code   RO         1984    i.HAL_InitTick      stm32g0xx_hal.o
    0x0800192c   0x0800192c   0x00000044   Code   RO          601    i.HAL_MspInit       stm32g0xx_hal_msp.o
    0x08001970   0x08001970   0x00000024   Code   RO         1848    i.HAL_NVIC_EnableIRQ  stm32g0xx_hal_cortex.o
    0x08001994   0x08001994   0x00000012   Code   RO         1852    i.HAL_NVIC_SetPriority  stm32g0xx_hal_cortex.o
    0x080019a6   0x080019a6   0x00000002   PAD
    0x080019a8   0x080019a8   0x00000058   Code   RO         1664    i.HAL_PWREx_ControlVoltageScaling  stm32g0xx_hal_pwr_ex.o
    0x08001a00   0x08001a00   0x00000280   Code   RO         1061    i.HAL_RCCEx_PeriphCLKConfig  stm32g0xx_hal_rcc_ex.o
    0x08001c80   0x08001c80   0x000001d4   Code   RO          943    i.HAL_RCC_ClockConfig  stm32g0xx_hal_rcc.o
    0x08001e54   0x08001e54   0x000000e4   Code   RO          953    i.HAL_RCC_GetSysClockFreq  stm32g0xx_hal_rcc.o
    0x08001f38   0x08001f38   0x000005bc   Code   RO          957    i.HAL_RCC_OscConfig  stm32g0xx_hal_rcc.o
    0x080024f4   0x080024f4   0x00000038   Code   RO         1856    i.HAL_SYSTICK_Config  stm32g0xx_hal_cortex.o
    0x0800252c   0x0800252c   0x00000002   Code   RO         2987    i.HAL_TIMEx_Break2Callback  stm32g0xx_hal_tim_ex.o
    0x0800252e   0x0800252e   0x00000002   Code   RO         2988    i.HAL_TIMEx_BreakCallback  stm32g0xx_hal_tim_ex.o
    0x08002530   0x08002530   0x00000002   Code   RO         2989    i.HAL_TIMEx_CommutCallback  stm32g0xx_hal_tim_ex.o
    0x08002532   0x08002532   0x00000002   PAD
    0x08002534   0x08002534   0x000000f0   Code   RO         2991    i.HAL_TIMEx_ConfigBreakDeadTime  stm32g0xx_hal_tim_ex.o
    0x08002624   0x08002624   0x00000098   Code   RO         3010    i.HAL_TIMEx_MasterConfigSynchronization  stm32g0xx_hal_tim_ex.o
    0x080026bc   0x080026bc   0x0000012c   Code   RO          466    i.HAL_TIM_IC_CaptureCallback  tim.o
    0x080027e8   0x080027e8   0x000000e2   Code   RO         2300    i.HAL_TIM_IC_ConfigChannel  stm32g0xx_hal_tim.o
    0x080028ca   0x080028ca   0x0000006c   Code   RO         2303    i.HAL_TIM_IC_Init   stm32g0xx_hal_tim.o
    0x08002936   0x08002936   0x00000002   Code   RO         2305    i.HAL_TIM_IC_MspInit  stm32g0xx_hal_tim.o
    0x08002938   0x08002938   0x00000194   Code   RO         2308    i.HAL_TIM_IC_Start_IT  stm32g0xx_hal_tim.o
    0x08002acc   0x08002acc   0x000001a4   Code   RO         2312    i.HAL_TIM_IRQHandler  stm32g0xx_hal_tim.o
    0x08002c70   0x08002c70   0x000000a0   Code   RO          467    i.HAL_TIM_MspPostInit  tim.o
    0x08002d10   0x08002d10   0x00000002   Code   RO         2315    i.HAL_TIM_OC_DelayElapsedCallback  stm32g0xx_hal_tim.o
    0x08002d12   0x08002d12   0x0000017a   Code   RO         2336    i.HAL_TIM_PWM_ConfigChannel  stm32g0xx_hal_tim.o
    0x08002e8c   0x08002e8c   0x0000006c   Code   RO         2339    i.HAL_TIM_PWM_Init  stm32g0xx_hal_tim.o
    0x08002ef8   0x08002ef8   0x000000f4   Code   RO          469    i.HAL_TIM_PWM_MspInit  tim.o
    0x08002fec   0x08002fec   0x00000002   Code   RO         2342    i.HAL_TIM_PWM_PulseFinishedCallback  stm32g0xx_hal_tim.o
    0x08002fee   0x08002fee   0x00000002   PAD
    0x08002ff0   0x08002ff0   0x00000120   Code   RO         2344    i.HAL_TIM_PWM_Start  stm32g0xx_hal_tim.o
    0x08003110   0x08003110   0x00000002   Code   RO         2350    i.HAL_TIM_PeriodElapsedCallback  stm32g0xx_hal_tim.o
    0x08003112   0x08003112   0x00000034   Code   RO         2352    i.HAL_TIM_ReadCapturedValue  stm32g0xx_hal_tim.o
    0x08003146   0x08003146   0x00000002   Code   RO         2355    i.HAL_TIM_TriggerCallback  stm32g0xx_hal_tim.o
    0x08003148   0x08003148   0x00000002   Code   RO           32    i.Handle_16Hz_Signal  func.o
    0x0800314a   0x0800314a   0x00000002   PAD
    0x0800314c   0x0800314c   0x00000038   Code   RO           33    i.Handle_4Hz_Signal  func.o
    0x08003184   0x08003184   0x00000038   Code   RO           34    i.Handle_8Hz_Signal  func.o
    0x080031bc   0x080031bc   0x00000048   Code   RO           35    i.Handle_Unknown_Signal  func.o
    0x08003204   0x08003204   0x00000004   Code   RO          526    i.HardFault_Handler  stm32g0xx_it.o
    0x08003208   0x08003208   0x0000003c   Code   RO          202    i.LED_SetState      led.o
    0x08003244   0x08003244   0x00000010   Code   RO          651    i.LL_ADC_Disable    stm32g0xx_hal_adc.o
    0x08003254   0x08003254   0x00000010   Code   RO          652    i.LL_ADC_Enable     stm32g0xx_hal_adc.o
    0x08003264   0x08003264   0x0000000c   Code   RO          653    i.LL_ADC_GetCommonPathInternalCh  stm32g0xx_hal_adc.o
    0x08003270   0x08003270   0x00000010   Code   RO          655    i.LL_ADC_IsEnabled  stm32g0xx_hal_adc.o
    0x08003280   0x08003280   0x0000000e   Code   RO          656    i.LL_ADC_IsInternalRegulatorEnabled  stm32g0xx_hal_adc.o
    0x0800328e   0x0800328e   0x0000000c   Code   RO          657    i.LL_ADC_REG_IsConversionOngoing  stm32g0xx_hal_adc.o
    0x0800329a   0x0800329a   0x00000016   Code   RO          658    i.LL_ADC_REG_IsTriggerSourceSWStart  stm32g0xx_hal_adc.o
    0x080032b0   0x080032b0   0x00000010   Code   RO          659    i.LL_ADC_REG_StartConversion  stm32g0xx_hal_adc.o
    0x080032c0   0x080032c0   0x0000000e   Code   RO          661    i.LL_ADC_SetCommonPathInternalCh  stm32g0xx_hal_adc.o
    0x080032ce   0x080032ce   0x0000001e   Code   RO          662    i.LL_ADC_SetSamplingTimeCommonChannels  stm32g0xx_hal_adc.o
    0x080032ec   0x080032ec   0x000000a4   Code   RO          407    i.MX_ADC1_Init      adc.o
    0x08003390   0x08003390   0x00000034   Code   RO          444    i.MX_DMA_Init       dma.o
    0x080033c4   0x080033c4   0x000000e0   Code   RO          383    i.MX_GPIO_Init      gpio.o
    0x080034a4   0x080034a4   0x000000d4   Code   RO          470    i.MX_TIM1_Init      tim.o
    0x08003578   0x08003578   0x000000c8   Code   RO          471    i.MX_TIM2_Init      tim.o
    0x08003640   0x08003640   0x00000004   Code   RO          527    i.NMI_Handler       stm32g0xx_it.o
    0x08003644   0x08003644   0x00000002   Code   RO          528    i.PendSV_Handler    stm32g0xx_it.o
    0x08003646   0x08003646   0x00000002   PAD
    0x08003648   0x08003648   0x0000002c   Code   RO          203    i.ProgressLED_Init  led.o
    0x08003674   0x08003674   0x00000028   Code   RO          204    i.ProgressLED_SetState  led.o
    0x0800369c   0x0800369c   0x00000008   Code   RO         3329    i.SEGGER_RTT_Init   segger_rtt.o
    0x080036a4   0x080036a4   0x00000048   Code   RO         3344    i.SEGGER_RTT_Write  segger_rtt.o
    0x080036ec   0x080036ec   0x00000084   Code   RO         3347    i.SEGGER_RTT_WriteNoLock  segger_rtt.o
    0x08003770   0x08003770   0x00000024   Code   RO         3559    i.SEGGER_RTT_printf  segger_rtt_printf.o
    0x08003794   0x08003794   0x0000022c   Code   RO         3560    i.SEGGER_RTT_vprintf  segger_rtt_printf.o
    0x080039c0   0x080039c0   0x00000002   Code   RO          529    i.SVC_Handler       stm32g0xx_it.o
    0x080039c2   0x080039c2   0x00000002   PAD
    0x080039c4   0x080039c4   0x00000160   Code   RO           36    i.StartPWM          func.o
    0x08003b24   0x08003b24   0x00000008   Code   RO          530    i.SysTick_Handler   stm32g0xx_it.o
    0x08003b2c   0x08003b2c   0x00000080   Code   RO          328    i.SystemClock_Config  main.o
    0x08003bac   0x08003bac   0x00000002   Code   RO         3289    i.SystemInit        system_stm32g0xx.o
    0x08003bae   0x08003bae   0x00000002   PAD
    0x08003bb0   0x08003bb0   0x00000010   Code   RO          531    i.TIM1_BRK_UP_TRG_COM_IRQHandler  stm32g0xx_it.o
    0x08003bc0   0x08003bc0   0x00000010   Code   RO          532    i.TIM1_CC_IRQHandler  stm32g0xx_it.o
    0x08003bd0   0x08003bd0   0x00000010   Code   RO          533    i.TIM2_IRQHandler   stm32g0xx_it.o
    0x08003be0   0x08003be0   0x000000b0   Code   RO         2357    i.TIM_Base_SetConfig  stm32g0xx_hal_tim.o
    0x08003c90   0x08003c90   0x00000022   Code   RO         2358    i.TIM_CCxChannelCmd  stm32g0xx_hal_tim.o
    0x08003cb2   0x08003cb2   0x00000002   PAD
    0x08003cb4   0x08003cb4   0x0000009c   Code   RO         2370    i.TIM_OC1_SetConfig  stm32g0xx_hal_tim.o
    0x08003d50   0x08003d50   0x000000ac   Code   RO         2371    i.TIM_OC2_SetConfig  stm32g0xx_hal_tim.o
    0x08003dfc   0x08003dfc   0x000000a8   Code   RO         2372    i.TIM_OC3_SetConfig  stm32g0xx_hal_tim.o
    0x08003ea4   0x08003ea4   0x00000074   Code   RO         2373    i.TIM_OC4_SetConfig  stm32g0xx_hal_tim.o
    0x08003f18   0x08003f18   0x00000068   Code   RO         2374    i.TIM_OC5_SetConfig  stm32g0xx_hal_tim.o
    0x08003f80   0x08003f80   0x00000068   Code   RO         2375    i.TIM_OC6_SetConfig  stm32g0xx_hal_tim.o
    0x08003fe8   0x08003fe8   0x00000068   Code   RO         2378    i.TIM_TI1_SetConfig  stm32g0xx_hal_tim.o
    0x08004050   0x08004050   0x00000048   Code   RO         2380    i.TIM_TI2_SetConfig  stm32g0xx_hal_tim.o
    0x08004098   0x08004098   0x00000046   Code   RO         2381    i.TIM_TI3_SetConfig  stm32g0xx_hal_tim.o
    0x080040de   0x080040de   0x0000004e   Code   RO         2382    i.TIM_TI4_SetConfig  stm32g0xx_hal_tim.o
    0x0800412c   0x0800412c   0x00000070   Code   RO         3351    i._DoInit           segger_rtt.o
    0x0800419c   0x0800419c   0x0000001c   Code   RO         3352    i._GetAvailWriteSpace  segger_rtt.o
    0x080041b8   0x080041b8   0x0000010e   Code   RO         3561    i._PrintInt         segger_rtt_printf.o
    0x080042c6   0x080042c6   0x00000002   PAD
    0x080042c8   0x080042c8   0x0000011c   Code   RO         3562    i._PrintUnsigned    segger_rtt_printf.o
    0x080043e4   0x080043e4   0x00000044   Code   RO         3563    i._StoreChar        segger_rtt_printf.o
    0x08004428   0x08004428   0x0000007e   Code   RO         3354    i._WriteBlocking    segger_rtt.o
    0x080044a6   0x080044a6   0x00000056   Code   RO         3355    i._WriteNoCheck     segger_rtt.o
    0x080044fc   0x080044fc   0x00000078   Code   RO         1858    i.__NVIC_SetPriority  stm32g0xx_hal_cortex.o
    0x08004574   0x08004574   0x00000070   Code   RO          329    i.main              main.o
    0x080045e4   0x080045e4   0x00000064   Code   RO         3615    x$fpl$dleqf         fz_ps.l(dlef.o)
    0x08004648   0x08004648   0x00000068   Code   RO         3617    x$fpl$drleqf        fz_ps.l(drlef.o)
    0x080046b0   0x080046b0   0x000000b0   Code   RO         3630    x$fpl$fmul          fz_ps.l(fmul.o)
    0x08004760   0x08004760   0x00000000   Code   RO         3639    x$fpl$usenofp       fz_ps.l(usenofp.o)
    0x08004760   0x08004760   0x00000010   Data   RO          205    .constdata          led.o
    0x08004770   0x08004770   0x00000068   Data   RO         3290    .constdata          system_stm32g0xx.o
    0x080047d8   0x080047d8   0x00000021   Data   RO         3357    .constdata          segger_rtt.o
    0x080047f9   0x080047f9   0x00000010   Data   RO         3564    .constdata          segger_rtt_printf.o
    0x08004809   0x08004809   0x00000040   Data   RO         3622    .constdata          fz_ps.l(fdiv.o)
    0x08004849   0x08004849   0x00000003   PAD
    0x0800484c   0x0800484c   0x00000020   Data   RO         3808    Region$$Table       anon$$obj.o


    Execution Region RW_IRAM1 (Exec base: 0x20000000, Load base: 0x0800486c, Size: 0x00000d38, Max: 0x00002000, ABSOLUTE)

    Exec Addr    Load Addr    Size         Type   Attr      Idx    E Section Name        Object

    0x20000000   0x0800486c   0x00000001   Data   RW           38    .data               func.o
    0x20000001   0x0800486d   0x00000003   PAD
    0x20000004   0x08004870   0x00000014   Data   RW          206    .data               led.o
    0x20000018   0x08004884   0x0000000c   Data   RW          332    .data               main.o
    0x20000024   0x08004890   0x00000010   Data   RW          474    .data               tim.o
    0x20000034   0x080048a0   0x00000009   Data   RW         2002    .data               stm32g0xx_hal.o
    0x2000003d   0x080048a9   0x00000003   PAD
    0x20000040   0x080048ac   0x00000004   Data   RW         3291    .data               system_stm32g0xx.o
    0x20000044        -       0x00000084   Zero   RW          330    .bss                main.o
    0x200000c8        -       0x000000c0   Zero   RW          408    .bss                adc.o
    0x20000188        -       0x00000098   Zero   RW          472    .bss                tim.o
    0x20000220        -       0x000004b8   Zero   RW         3356    .bss                segger_rtt.o
    0x200006d8        -       0x00000060   Zero   RW         3679    .bss                c_p.l(libspace.o)
    0x20000738        -       0x00000200   Zero   RW            2    HEAP                startup_stm32g031xx.o
    0x20000938        -       0x00000400   Zero   RW            1    STACK               startup_stm32g031xx.o


==============================================================================

Image component sizes


      Code (inc. data)   RO Data    RW Data    ZI Data      Debug   Object Name

       368         38          0          0        192       1851   adc.o
         0          0          0          0          0       4532   adc_calc.o
        52          4          0          0          0        754   dma.o
       618         54          0          1          0     424698   func.o
       224         18          0          0          0        955   gpio.o
       144         20         16         20          0       2353   led.o
       246         30          0         12        132       3726   main.o
       564         40         33          0       1208      10292   segger_rtt.o
      1214         14         16          0          0       6001   segger_rtt_printf.o
        56         26        192          0       1536        620   startup_stm32g031xx.o
       176         32          0          9          0      17217   stm32g0xx_hal.o
      2740        106          0          0          0      47386   stm32g0xx_hal_adc.o
         8          0          0          0          0       2753   stm32g0xx_hal_adc_ex.o
       230         26          0          0          0      12193   stm32g0xx_hal_cortex.o
       852         30          0          0          0       4635   stm32g0xx_hal_dma.o
       504         18          0          0          0       2601   stm32g0xx_hal_gpio.o
        68          4          0          0          0        846   stm32g0xx_hal_msp.o
        88         12          0          0          0        754   stm32g0xx_hal_pwr_ex.o
      2164         82          0          0          0       4628   stm32g0xx_hal_rcc.o
       640         12          0          0          0       1668   stm32g0xx_hal_rcc_ex.o
      3348        164          0          0          0      18737   stm32g0xx_hal_tim.o
       398         14          0          0          0       3868   stm32g0xx_hal_tim_ex.o
       100         30          0          0          0       4536   stm32g0xx_it.o
         0          0          0          0          0        592   sweep_freq.o
         2          0        104          4          0       1167   system_stm32g0xx.o
      1116         92          0         16        152       4378   tim.o

    ----------------------------------------------------------------------
     15944        866        393         68       3220     583741   Object Totals
         0          0         32          0          0          0   (incl. Generated)
        24          0          0          6          0          0   (incl. Padding)

    ----------------------------------------------------------------------

      Code (inc. data)   RO Data    RW Data    ZI Data      Debug   Library Member Name

         8          0          0          0          0         68   __main.o
         0          0          0          0          0          0   __rtentry.o
        12          0          0          0          0          0   __rtentry2.o
         6          0          0          0          0          0   __rtentry4.o
        60          8          0          0          0          0   __scatter.o
        26          0          0          0          0          0   __scatter_copy.o
        28          0          0          0          0          0   __scatter_zi.o
       346          0          0          0          0         92   aeabi_sdiv.o
        16          0          0          0          0         68   exit.o
         6          0          0          0          0        136   heapauxi.o
         0          0          0          0          0          0   indicate_semi.o
         2          0          0          0          0          0   libinit.o
         2          0          0          0          0          0   libinit2.o
         2          0          0          0          0          0   libshutdown.o
         2          0          0          0          0          0   libshutdown2.o
         8          4          0          0         96         68   libspace.o
        64          0          0          0          0        108   rt_memclr.o
       186          0          0          0          0        144   rt_memcpy.o
         2          0          0          0          0          0   rtexit.o
        10          0          0          0          0          0   rtexit2.o
        12          4          0          0          0         60   sys_exit.o
        62          0          0          0          0         80   sys_stackheap_outer.o
         2          0          0          0          0         68   use_no_semi.o
        46          0          0          0          0         60   cmpret.o
       144          4          0          0          0         76   dcmpin.o
       100          4          0          0          0         92   dlef.o
        20          6          0          0          0         68   dnan2.o
       104          4          0          0          0        104   drlef.o
        84          4          0          0          0         60   f2d.o
       352         10         64          0          0         92   fdiv.o
        48          0          0          0          0         60   ffixui.o
        94          0          0          0          0         92   fflti.o
       176          4          0          0          0         80   fmul.o
        94          0          0          0          0         68   retnan.o
         0          0          0          0          0          0   usenofp.o

    ----------------------------------------------------------------------
      2136         52         67          0         96       1744   Library Totals
        12          0          3          0          0          0   (incl. Padding)

    ----------------------------------------------------------------------

      Code (inc. data)   RO Data    RW Data    ZI Data      Debug   Library Name

       862         16          0          0         96        892   c_p.l
      1262         36         64          0          0        852   fz_ps.l

    ----------------------------------------------------------------------
      2136         52         67          0         96       1744   Library Totals

    ----------------------------------------------------------------------

==============================================================================


      Code (inc. data)   RO Data    RW Data    ZI Data      Debug   

     18080        918        460         68       3316     579413   Grand Totals
     18080        918        460         68       3316     579413   ELF Image Totals
     18080        918        460         68          0          0   ROM Totals

==============================================================================

    Total RO  Size (Code + RO Data)                18540 (  18.11kB)
    Total RW  Size (RW Data + ZI Data)              3384 (   3.30kB)
    Total ROM Size (Code + RO Data + RW Data)      18608 (  18.17kB)

==============================================================================

